03-17 12:51:38.495  1396  1396 D SecStatusBarWifiView: updateState: WifiIconState(resId=2131232734, visible=true, activityId=2131232740)
03-17 12:51:38.497  1396  1845 D Tile.WifiTile: handleUpdateState isTransient=false transientEnabling =false cb.isTransient=false state.state = 2 mStateBeforeClick.value =false enabled =true
03-17 12:51:38.535   513   513 I SurfaceFlinger: SFWD update time=545892932294507
03-17 12:51:40.072  1043  1071 E Watchdog: !@Sync: 18186 heap: 59 / 78 [2026-03-17 12:51:40.072] sdogWay: softdog
03-17 12:51:40.695  1043  1329 I WifiEleStateTracker: CheckEleEnvironment BD : 12 12 12 11 12 12 MD : -108 -108 -108 -108 -108 -108 WD : -30 -30 -30 -30 -31 -30 GC : false false false false false false SC : false false false false false false SH : false false false false false false TB : false false false false false false
03-17 12:51:41.228  2430  2430 I io_stats: !@   8,0 r 2421699 123770424 w 2125607 110003148 d 153483 193342500 f 491232 502446 iot 2335032 1856951 th 102400 0 0 pt 0 inp 0 0 545895.624
03-17 12:51:41.597  1043  1267 D TelephonyManager: getAllCellInfo : Caller (PID / UID / TID): 1043 / 1000 / 1267
03-17 12:51:42.777  2858  3450 D SDHMS:com.sec.android.sdhms.thermal.siop.B: SIOP:: AP:220(316,100) BAT:309(309,0) CHG:316(316,0) USB:305(305,0) WIFI:247(300,50) PA:254(304,50) LRF:-888(-888) LRB:-888(-888) 
03-17 12:51:44.179   513   513 I SurfaceFlinger: SFWD update time=545898576581696
03-17 12:51:44.706  1043  1267 D TelephonyManager: getAllCellInfo : Caller (PID / UID / TID): 1043 / 1000 / 1267
03-17 12:51:46.233  2430  2430 I io_stats: !@   8,0 r 2421709 123770536 w 2125614 110003188 d 153483 193342500 f 491233 502447 iot 2335036 1856954 th 102400 0 0 pt 0 inp 0 0 545900.629
03-17 12:51:46.304  1043  1330 D WifiConnectivityMonitor.NetworkStatsAnalyzer: Backhaul result - RSSI:-32, CE:3, PE:3, TI:8, PTI:8, TW:0, PTW:0, Tx:1, Rx:3, TxS:0, RxS:0, RESULT:true, IC:1, ICT:5, WC:8, WCT:5, R:0, RC:0, IE:0, EC:0
03-17 12:51:46.446 20656 20722 I gle.android.gm: Explicit concurrent copying GC freed 1947(160KB) AllocSpace objects, 0(0B) LOS objects, 24% free, 9379KB/12MB, paused 250us total 200.589ms
03-17 12:51:47.413 21018 21018 I abb     : StartCommandInProcess(73657474696e67730067657400676c6f settings.get.glo [truncated])
03-17 12:51:47.420   729   729 E audit   : type=1400 audit(1773723107.418:4005): avc:  denied  { getopt } for  pid=1043 comm="Binder:1043_9" scontext=u:r:system_server:s0 tcontext=u:r:shell:s0 tclass=unix_stream_socket permissive=0 SEPF_SM-N960F_10_0030 audit_filtered
03-17 12:51:47.420   729   729 I chatty  : uid=5555(vendor_audit) /system/bin/auditd identical 1 line
03-17 12:51:47.420   729   729 E audit   : type=1400 audit(1773723107.418:4007): avc:  denied  { getopt } for  pid=1043 comm="Binder:1043_9" scontext=u:r:system_server:s0 tcontext=u:r:shell:s0 tclass=unix_stream_socket permissive=0 SEPF_SM-N960F_10_0030 audit_filtered
03-17 12:51:47.421   729   729 E audit   : type=1400 audit(1773723107.418:4008): avc:  denied  { shutdown } for  pid=19533 comm="adbd" scontext=u:r:adbd:s0 tcontext=u:r:shell:s0 tclass=unix_stream_socket permissive=0 SEPF_SM-N960F_10_0030 audit_filtered
03-17 12:51:47.423 21018 21018 I abb     : StartCommandInProcess(7061636b61676500696e7374616c6c00 package.install. [truncated])
03-17 12:51:47.428  1043  1886 I PersonaServiceHelper: isCallerApprovedToInstall(uid:2000 userHandle:0)
03-17 12:51:47.428  1043  1886 I PersonaServiceHelper: DO is not enabled. no Knox app install enforcement
03-17 12:51:47.429  1043  1886 I PackageInstaller:  getting through the check android.content.pm.PackageInstaller$SessionParams@348e802 user id 0
03-17 12:51:47.429  1043  1886 I PackageInstaller: UserManager.DISALLOW_NON_MARKET_APP_BY_KNOX : false
03-17 12:51:47.582  1043  1886 D PackageInstallerSession: InstallLogger: PackageInstallerSession(): createInstallTimeInfo(331120532)
03-17 12:51:47.601  1948  2849 D PackageInstallerCompatVL: PAI Session onCreated
03-17 12:51:47.801  1043  1267 D TelephonyManager: getAllCellInfo : Caller (PID / UID / TID): 1043 / 1000 / 1267
03-17 12:51:47.808  1396  1396 D SecStatusBarWifiView: updateState: WifiIconState(resId=2131232734, visible=true, activityId=2131232739)
03-17 12:51:47.827  1396  1845 D Tile.WifiTile: handleUpdateState isTransient=false transientEnabling =false cb.isTransient=false state.state = 2 mStateBeforeClick.value =false enabled =true
03-17 12:51:48.038  1043  1329 I WifiEleStateTracker: CheckEleEnvironment BD : 12 12 12 12 12 12 MD : -108 -108 -108 -108 -108 -108 WD : -31 -31 -32 -32 -32 -32 GC : false false false false false false SC : false false false false false false SH : false false false false false false TB : false false false false false false
03-17 12:51:48.438  1043 28999 D WifiConnectivityMonitor.DnsPingerHandler: setCurrentLinkProperties: lp={InterfaceName: wlan0 LinkAddresses: [ fe80::64be:eeff:fe9a:fd76/64,192.168.1.139/24,2001:b011:9:559f:64be:eeff:fe9a:fd76/64,2001:b011:9:559f:849b:7d54:124b:133a/64,2001:b011:9:559f:6d68:923a:f986:a233/64,2001:b011:9:559f:a086:fed1:3070:8746/64 ] DnsAddresses: [ /2001:b000:168::1,/2001:b000:168::2,/192.168.1.1 ] Domains: null MTU: 0 TcpBufferSizes: 524288,1048576,4194304,524288,1048576,4194304 Routes: [ fe80::/64 -> :: wlan0,2001:b011:9:559f::/64 -> fe80::fe12:63ff:fe17:d710 wlan0,2001:b011:9:559f::/64 -> :: wlan0,::/0 -> fe80::fe12:63ff:fe17:d710 wlan0,192.168.1.0/24 -> 0.0.0.0 wlan0,0.0.0.0/0 -> 192.168.1.1 wlan0 ]}
03-17 12:51:48.760  1043 29000 D WifiConnectivityMonitor.DnsThread:  [|217] [] []
03-17 12:51:48.762  1043  1330 D WifiConnectivityMonitor: DNS resultType : 0, responseTime : 217
03-17 12:51:48.763  1043  1329 D WifiConnectivityMonitor: updateBssidLatestDnsResultType - result: 0
03-17 12:51:49.171   513   513 I SurfaceFlinger: SFWD update time=545903569061384
03-17 12:51:49.925   729   729 E audit   : type=1400 audit(1773723109.922:4009): avc:  denied  { getopt } for  pid=1043 comm="Binder:1043_9" scontext=u:r:system_server:s0 tcontext=u:r:shell:s0 tclass=unix_stream_socket permissive=0 SEPF_SM-N960F_10_0030 audit_filtered
03-17 12:51:50.035  1043  1168 I PersonaServiceHelper: installStageForKnox(user:-1 installerUid:2000)
03-17 12:51:50.036  1043  1168 D PackageManager: START INSTALL PACKAGE: observer{256857522}
03-17 12:51:50.036  1043  1168 D PackageManager:           stagedDir{/data/app/vmdl331120532.tmp}
03-17 12:51:50.036  1043  1168 D PackageManager:           stagedCid{null}
03-17 12:51:50.036  1043  1168 D PackageManager:           Request from{null}
03-17 12:51:50.036  1043  1168 D PackageManager:           VerificationInfo{,originatingUid=-1,installerUid=2000}
03-17 12:51:50.173  1043  1104 D PackageManager: EAS IT Policy com.example.ai_flutter_agent_example isPackageSignedByPlatform = false
03-17 12:51:50.174  1043  1104 I PackageManager: EAS IT Policy AllowList = 
03-17 12:51:50.174  1043  1104 I PackageManager: isAppBlockedByDPM?? = false
03-17 12:51:50.179  1043  1104 D PowerManagerService: [api] setDeviceIdleTempWhitelist: appids: [0]10109  (uid: 1000 pid: 1043)
03-17 12:51:50.206  1043  1104 D PackageManager: sendBroadcastAsUser. PACKAGE_INSTALL_STARTED
03-17 12:51:50.206  1043  1104 I HarmonyEASService: Updating for all 1
03-17 12:51:50.206  1043  1104 D PackageManager: EAS IT Policy com.example.ai_flutter_agent_example isPackageSignedByPlatform = false
03-17 12:51:50.208  8774  8774 I Finsky  : [2] VerifyApps: Install-time verification requested for package com.example.ai_flutter_agent_example, PackageManager id = 172, Verifier id = c5383f20-12b9-4b2b-b96e-0f3339f8ef56
03-17 12:51:50.215  8774  8797 I Finsky  : [55957] RECEIVER_PACKAGE_VERIFICATION#logWorkEndAndFinishGoAsync: SUCCESS
03-17 12:51:50.216  1043  1043 D PackageManager: [VERIFY] onReceive for RequiredVerifier id=172,mUid = 10109
03-17 12:51:50.216  1043  1043 D PackageManager: [VERIFY] sendMessageDelayed(CHECK_PENDING_VERIFICATION, 172, 17000)
03-17 12:51:50.227 25377 25377 I GOS:GameServiceReceiver: action : com.samsung.android.intent.action.PACKAGE_INSTALL_STARTED
03-17 12:51:50.227 25377 25377 I GOS:GameServiceReceiver:  PkgInstallStarted for com.example.ai_flutter_agent_example UserID : 0
03-17 12:51:50.232  8774 29001 W PackageParser: Unknown element under <manifest>: queries at /data/app/vmdl331120532.tmp/base.apk Binary XML file line #19
03-17 12:51:50.240 25377 25377 D GOS:GlobalDbHelper: getUUID(), UUID: 5b8541d1d6b64fe794f8b5e61ea3af47
03-17 12:51:50.242 25377 25377 D GOS:RequestHeader: mcc : 466
03-17 12:51:50.242 25377 25377 D GOS:RequestHeader: mnc : 92
03-17 12:51:50.347  8774 29001 I Finsky  : [56100] VerifyApps: Anti-malware verification task started for package=com.example.ai_flutter_agent_example
03-17 12:51:50.363  8774 29001 E AbstractLogEventBuilder: The provided ProductIdOrigin 3 is not one of the process-level expected values: 1 or 2
03-17 12:51:50.366 25377 25377 D GOS:RequestHeader: installed_sec_game_family : com.sec.android.app.samsungapps=enabled,com.samsung.android.game.gamehome=enabled,com.samsung.android.game.gametools=disabled
03-17 12:51:50.375  8774 29001 I Finsky  : [56100] Single user settings service is not running, bind it now
03-17 12:51:50.385 25377 29002 I GOS:MainIntentService: onHandleIntent(). type(PACKAGE_CHANGED) from 2
03-17 12:51:50.385  8774  8774 I Finsky  : [2] Single user settings service is connected
03-17 12:51:50.386 25377 29002 I GOS:MainIntentService: onHandleIntent(). changeType(INSTALL_STARTED), packageName(com.example.ai_flutter_agent_example), UserHandle(0), Installed(true)
03-17 12:51:50.386 25377 29002 D GOS:SystemEventReactor: onPackageInstallStarted(). packageName: com.example.ai_flutter_agent_example
03-17 12:51:50.404  8774 29001 W Settings: Setting install_non_market_apps has moved from android.provider.Settings.Global to android.provider.Settings.Secure, returning read-only value.
03-17 12:51:50.422  8774 29001 I Finsky  : [56100] VerifyApps: Installer app: com.android.shell
03-17 12:51:50.586  8774 29001 I Finsky  : [56100] Task 7 requested foreground
03-17 12:51:50.587  8774  8821 E AbstractLogEventBuilder: The provided ProductIdOrigin 3 is not one of the process-level expected values: 1 or 2
03-17 12:51:50.588  8774 29001 I Finsky  : [56100] Not entering foreground
03-17 12:51:50.589  8774 29001 I Finsky  : [56100] VerifyApps: chooseScanResult for package=com.example.ai_flutter_agent_example with timeout=15000ms
03-17 12:51:50.590  8774  8816 I Finsky  : [55976] VerifyApps: Starting APK Analysis scan for com.example.ai_flutter_agent_example.
03-17 12:51:50.591  8774  8816 I Finsky  : [55976] Scanning package com.example.ai_flutter_agent_example contents with client side protections. File: [L5fnODoMVY-jICtw7QR0fDtPmsACKejBguZhrK49Mqc]
03-17 12:51:50.604   766 29007 D keystore: [getKeyCharacteristics::end]
03-17 12:51:50.609   439   439 W keymaster_tee: [WRN]start nwd_get_key_characteristics
03-17 12:51:50.610   439   439 W keymaster_tee: [WRN]ret OK PARAMS: A32 P0 P1 B32 P1 NAR1 S256 2026.03.08,13:31:45.860 
03-17 12:51:50.610   439   439 W keymaster_tee: [WRN]begin req PARAMS: A32 B32 P1 
03-17 12:51:50.612   766 29008 D keystore: [BEGIN::end]
03-17 12:51:50.614   766 29009 D keystore: [UPDATE::end]
03-17 12:51:50.617   766 29010 D keystore: [FINISH::end]
03-17 12:51:50.621   439   439 W keymaster_tee: [WRN]start nwd_get_key_characteristics
03-17 12:51:50.622   439   439 W keymaster_tee: [WRN]ret OK PARAMS: A32 P0 P1 B32 P1 NAR1 S256 2026.03.08,13:31:45.860 
03-17 12:51:50.622   439   439 W keymaster_tee: [WRN]begin req PARAMS: A32 B32 P1 
03-17 12:51:50.624   766 29011 D keystore: [BEGIN::end]
03-17 12:51:50.627   766 29012 D keystore: [UPDATE::end]
03-17 12:51:50.630   766 29013 D keystore: [FINISH::end]
03-17 12:51:50.633   439   439 W keymaster_tee: [WRN]start nwd_get_key_characteristics
03-17 12:51:50.635   439   439 W keymaster_tee: [WRN]ret OK PARAMS: A32 P0 P1 B32 P1 NAR1 S256 2026.03.08,13:31:45.860 
03-17 12:51:50.635   439   439 W keymaster_tee: [WRN]begin req PARAMS: A32 B32 P1 
03-17 12:51:50.637   766 29014 D keystore: [BEGIN::end]
03-17 12:51:50.640   766 29015 D keystore: [UPDATE::end]
03-17 12:51:50.642   766 29016 D keystore: [FINISH::end]
03-17 12:51:50.659  8774  8816 E AbstractLogEventBuilder: The provided ProductIdOrigin 3 is not one of the process-level expected values: 1 or 2
03-17 12:51:50.673  8774 27063 I PlayCore: UID: [10109]  PID: [8774] azyi : Initiate binding to the service.
03-17 12:51:50.675  1043  2948 E PackageManager: Failed to find package; permName: android.permission.INTERNET, uid: 99101, caller: 1000
03-17 12:51:50.675  1043  2948 I ApplicationPolicy: isApplicationExternalStorageWhitelisted:com.android.vending user:0
03-17 12:51:50.675  1043  2948 D ApplicationPolicy: isApplicationExternalStorageWhitelisted: DO is not enabled on user 0. Allowed.
03-17 12:51:50.675  1043  2948 D ActivityManager: package  com.android.vending, user - 0 is SDcard whitelisted
03-17 12:51:50.675  1043  2948 I ApplicationPolicy: isApplicationExternalStorageBlacklisted:com.android.vending user:0
03-17 12:51:50.675  1043  2948 D ApplicationPolicy: isApplicationExternalStorageBlacklisted: DO is not enabled on user 0. Allowed.
03-17 12:51:50.675  1043  2948 I ApplicationPolicy: isApplicationExternalStorageBlacklisted:com.android.vending user:0
03-17 12:51:50.675  1043  2948 D ApplicationPolicy: isApplicationExternalStorageBlacklisted: DO is not enabled on user 0. Allowed.
03-17 12:51:50.695   697   697 D Zygote  : Forked child process 29018
03-17 12:51:50.697  1043  1075 I ActivityManager: Start proc 29018:com.android.vending:com.google.android.finsky.verifier.apkanalysis.service.ApkContentsScanService/u0i101 for service {com.android.vending/com.google.android.finsky.verifier.apkanalysis.service.ApkContentsScanService}
03-17 12:51:50.698  8774  8812 W PackageParser: Unknown element under <manifest>: queries at /data/app/vmdl331120532.tmp/base.apk Binary XML file line #19
03-17 12:51:50.704   766 29017 D keystore: [getKeyCharacteristics::end]
03-17 12:51:50.704 29018 29018 E Zygote  : accessInfo : 1
03-17 12:51:50.713   439   439 W keymaster_tee: [WRN]start nwd_get_key_characteristics
03-17 12:51:50.715   439   439 W keymaster_tee: [WRN]ret OK PARAMS: A32 P0 P1 B32 P1 NAR1 S256 2026.03.15,17:03:29.570 
03-17 12:51:50.715   439   439 W keymaster_tee: [WRN]begin req PARAMS: A32 B32 P1 
03-17 12:51:50.717   766 29024 D keystore: [BEGIN::end]
03-17 12:51:50.722   766 29027 D keystore: [UPDATE::end]
03-17 12:51:50.723 29018 29018 E entsScanServic: Not starting debugger since process cannot load the jdwp agent.
03-17 12:51:50.724   766 29032 D keystore: [FINISH::end]
03-17 12:51:50.729 29018 29018 D ActivityThread: setConscryptValidator
03-17 12:51:50.729   439   439 W keymaster_tee: [WRN]start nwd_get_key_characteristics
03-17 12:51:50.729 29018 29018 D ActivityThread: setConscryptValidator - put
03-17 12:51:50.730   439   439 W keymaster_tee: [WRN]ret OK PARAMS: A32 P0 P1 B32 P1 NAR1 S256 2026.03.15,17:03:29.570 
03-17 12:51:50.730   439   439 W keymaster_tee: [WRN]begin req PARAMS: A32 B32 P1 
03-17 12:51:50.732  1043  2948 I ActivityManager: DSS OFF for com.android.vending
03-17 12:51:50.736   766 29039 D keystore: [BEGIN::end]
03-17 12:51:50.747  8774  8774 E AbstractLogEventBuilder: The provided ProductIdOrigin 3 is not one of the process-level expected values: 1 or 2
03-17 12:51:50.751   766 29043 D keystore: [UPDATE::end]
03-17 12:51:50.752  8774 29042 I Finsky  : [56104] VerifyApps: Verification package=com.example.ai_flutter_agent_example, id=172, response=0, upload_requested=false, enable_ecm=false
03-17 12:51:50.754  8774 29042 I Finsky  : [56104] VerifyApps: PAM result saving to datastore delayed for package: com.example.ai_flutter_agent_example
03-17 12:51:50.764   766 29044 D keystore: [FINISH::end]
03-17 12:51:50.777 29018 29018 I entsScanServic: The ClassLoaderContext is a special shared library.
03-17 12:51:50.779   729   729 E audit   : type=1400 audit(1773723110.778:4010): avc:  denied  { getattr } for  pid=29018 comm="entsScanService" path="/data/data/com.android.vending" dev="dm-3" ino=1310937 scontext=u:r:isolated_app:s0:c512,c768 tcontext=u:object_r:privapp_data_file:s0:c512,c768 tclass=dir permissive=0 SEPF_SM-N960F_10_0030 audit_filtered
03-17 12:51:50.779   729   729 E audit   : type=1400 audit(1773723110.778:4011): avc:  denied  { getattr } for  pid=29018 comm="entsScanService" path="/data/data/com.android.vending" dev="dm-3" ino=1310937 scontext=u:r:isolated_app:s0:c512,c768 tcontext=u:object_r:privapp_data_file:s0:c512,c768 tclass=dir permissive=0 SEPF_SM-N960F_10_0030 audit_filtered
03-17 12:51:50.785   439   439 W keymaster_tee: [WRN]start nwd_get_key_characteristics
03-17 12:51:50.786   439   439 W keymaster_tee: [WRN]ret OK PARAMS: A32 P0 P1 B32 P1 NAR1 S256 2026.03.15,17:03:29.570 
03-17 12:51:50.786   439   439 W keymaster_tee: [WRN]begin req PARAMS: A32 B32 P1 
03-17 12:51:50.788   766 29045 D keystore: [BEGIN::end]
03-17 12:51:50.792   766 29046 D keystore: [UPDATE::end]
03-17 12:51:50.800   766 29047 D keystore: [FINISH::end]
03-17 12:51:50.825  1043  1267 D TelephonyManager: getAllCellInfo : Caller (PID / UID / TID): 1043 / 1000 / 1267
03-17 12:51:50.827  1396  1396 D SecStatusBarWifiView: updateState: WifiIconState(resId=2131232734, visible=true, activityId=2131232740)
03-17 12:51:50.829  1396  1845 D Tile.WifiTile: handleUpdateState isTransient=false transientEnabling =false cb.isTransient=false state.state = 2 mStateBeforeClick.value =false enabled =true
03-17 12:51:51.236  2430  2430 I io_stats: !@   8,0 r 2421710 123770540 w 2125774 110036868 d 153490 193385708 f 491278 502492 iot 2335280 1857169 th 102400 0 0 pt 0 inp 0 0 545905.633
03-17 12:51:51.653  8774  8812 W Finsky  : [55971] No dynamic thresholds found for model raccoon_3_3000001_15.
03-17 12:51:51.716  8774  8812 E AbstractLogEventBuilder: The provided ProductIdOrigin 3 is not one of the process-level expected values: 1 or 2
03-17 12:51:51.722  8774 29042 E AbstractLogEventBuilder: The provided ProductIdOrigin 3 is not one of the process-level expected values: 1 or 2
03-17 12:51:52.672   729   729 E audit   : type=1400 audit(1773723112.670:4012): avc:  denied  { getattr } for  pid=29018 comm="entsScanService" path="/data/data/com.android.vending" dev="dm-3" ino=1310937 scontext=u:r:isolated_app:s0:c512,c768 tcontext=u:object_r:privapp_data_file:s0:c512,c768 tclass=dir permissive=0 SEPF_SM-N960F_10_0030 audit_filtered
03-17 12:51:52.672   729   729 E audit   : type=1400 audit(1773723112.670:4013): avc:  denied  { getattr } for  pid=29018 comm="entsScanService" path="/data/data/com.android.vending" dev="dm-3" ino=1310937 scontext=u:r:isolated_app:s0:c512,c768 tcontext=u:object_r:privapp_data_file:s0:c512,c768 tclass=dir permissive=0 SEPF_SM-N960F_10_0030 audit_filtered
03-17 12:51:52.838  2858  3450 D SDHMS:com.sec.android.sdhms.thermal.siop.B: SIOP:: AP:221(328,100) BAT:309(309,0) CHG:318(318,0) USB:306(306,0) WIFI:248(300,50) PA:254(304,50) LRF:-888(-888) LRB:-888(-888) 
03-17 12:51:52.911  8774  8774 I PlayCore: UID: [10109]  PID: [8774] azyi : ServiceConnectionImpl.onServiceConnected(ComponentInfo{com.android.vending/com.google.android.finsky.verifier.apkanalysis.service.ApkContentsScanService})
03-17 12:51:52.911  8774 27063 I PlayCore: UID: [10109]  PID: [8774] azyi : linkToDeath
03-17 12:51:53.020 29018 29049 I native  : I0000 00:00:1773723113.020487   29049 zip_archive.cpp:490] +++ Found EOCD at buf+65535
03-17 12:51:53.020 29018 29049 I native  : I0000 00:00:1773723113.020759   29049 zip_archive.cpp:534] +++ num_entries=66dir_size=5531 dir_offset=44224548
03-17 12:51:53.020 29018 29049 I native  : I0000 00:00:1773723113.020913   29049 file_map.cpp:112] MAP: base 0x76deac0000/5567 data 0x76deac0024/5531
03-17 12:51:53.021 29018 29049 I native  : I0000 00:00:1773723113.021023   29049 zip_archive.cpp:695] +++ zip good scan 66 entries
03-17 12:51:53.866  1043  1267 D TelephonyManager: getAllCellInfo : Caller (PID / UID / TID): 1043 / 1000 / 1267
03-17 12:51:53.932  1043  1329 I WifiEleStateTracker: CheckEleEnvironment BD : 12 12 11 12 11 12 MD : -108 -108 -108 -108 -108 -108 WD : -32 -32 -32 -31 -31 -31 GC : false false false false false false SC : false false false false false false SH : false false false false false false TB : false false false false false false
03-17 12:51:53.972 29018 29049 I native  : I0000 00:00:1773723113.971981   29049 zip_archive.cpp:783] Closing archive 0x76e3d77ea0
03-17 12:51:54.011  8774 27063 I PlayCore: UID: [10109]  PID: [8774] azyi : Unbind from service.
03-17 12:51:54.014  1043  2948 I ActivityManager: Killing 29018:com.android.vending:com.google.android.finsky.verifier.apkanalysis.service.ApkContentsScanService/u0a109i101 (adj 0): isolated not needed
03-17 12:51:54.016  8774  8816 E AbstractLogEventBuilder: The provided ProductIdOrigin 3 is not one of the process-level expected values: 1 or 2
03-17 12:51:54.018  8774  8816 I Finsky  : [55976] VerifyApps: APK Analysis scan finished for com.example.ai_flutter_agent_example. Verdict: SAFE
03-17 12:51:54.019  8774 29042 I Finsky  : [56104] Apk Analysis scan verification duration=PT3.431S 
03-17 12:51:54.032  8774  8799 I Finsky  : [55959] Apk Analysis Protection verdict logged: 0.
03-17 12:51:54.033  8774 29001 I Finsky  : [56100] VerifyApps: ScanResultPicker returned for package=com.example.ai_flutter_agent_example: SAFE
03-17 12:51:54.033  8774 29001 I Finsky  : [56100] VerifyApps: chooseScanResult returning verdict SAFE for package=com.example.ai_flutter_agent_example
03-17 12:51:54.046  8774 29001 E AbstractLogEventBuilder: The provided ProductIdOrigin 3 is not one of the process-level expected values: 1 or 2
03-17 12:51:54.049  8774 29001 I Finsky  : [56100] VerifyApps: Starting required split types check for com.example.ai_flutter_agent_example.
03-17 12:51:54.054  8774 29001 I Finsky  : [56100] VerifyApps: Required split types check successful for com.example.ai_flutter_agent_example.
03-17 12:51:54.073  8774 29001 I Finsky  : [56100] VerifyApps AdvancedProtection: Verify AP install started
03-17 12:51:54.073  8774 29001 I Finsky  : [56100] VerifyApps AdvancedProtection: Allowing install because there are no Advanced Protection users
03-17 12:51:54.074  8774  8774 I Finsky  : [2] VerifyApps AdvancedProtection: Reported Advanced Protection verification result: ALLOW
03-17 12:51:54.076  8774 29001 E Finsky  : [56100] Package name null is not an installed package
03-17 12:51:54.079  8774 29001 I Finsky  : [56100] Skipping logging for attempted installation. The source is a system package.
03-17 12:51:54.083 20656 20656 D BoundBrokerSvc: onBind: Intent { act=com.google.android.gms.safetynet.service.START pkg=com.google.android.gms }
03-17 12:51:54.083 20656 20656 D BoundBrokerSvc: Loading bound service for intent: Intent { act=com.google.android.gms.safetynet.service.START pkg=com.google.android.gms }
03-17 12:51:54.091  8774 29001 I Finsky  : [56100] VerifyApps V31SignatureVerification: Successful verification for the package: com.example.ai_flutter_agent_example using APK Signature Scheme v3
03-17 12:51:54.091  8774 29001 I Finsky  : [56100] VerifyApps: Returning package verification result id=172, result=ALLOW
03-17 12:51:54.092  1043  2888 D PackageManager: [VERIFY] verifyPendingInstall(172, ALLOW), uid=10109
03-17 12:51:54.093  1043  1104 D PackageManager: [VERIFY] PACKAGE_VERIFIED: 
03-17 12:51:54.093  1043  1104 D PackageManager: PackageVerificationState{
03-17 12:51:54.093  1043  1104 D PackageManager:     verifier packages=com.android.vending(10109),com.samsung.android.sm.devicesecurity(5012),
03-17 12:51:54.093  1043  1104 D PackageManager:     intent=Intent { act=android.intent.action.PACKAGE_NEEDS_VERIFICATION dat=file:///data/app/vmdl331120532.tmp typ=application/vnd.android.package-archive flg=0x10000001 cmp=com.android.vending/com.google.android.finsky.verifier.impl.PackageVerificationReceiver (has extras) }
03-17 12:51:54.093  1043  1104 D PackageManager:     others=172, false, false, false, false, false
03-17 12:51:54.093  1043  1104 D PackageManager: }
03-17 12:51:54.093  1043  1104 D PackageManager: [VERIFY] setVerifierResponse {verificationID=172, uid=10109, code=1}
03-17 12:51:54.094  1043  1104 D PackageManager: [VERIFY] sendOrderedBroadcastToPendingVerifier:
03-17 12:51:54.094  1043  1104 D PackageManager: PackageVerificationState{
03-17 12:51:54.094  1043  1104 D PackageManager:     verifier packages=com.samsung.android.sm.devicesecurity(5012),
03-17 12:51:54.094  1043  1104 D PackageManager:     intent=Intent { act=android.intent.action.PACKAGE_NEEDS_VERIFICATION dat=file:///data/app/vmdl331120532.tmp typ=application/vnd.android.package-archive flg=0x10000001 cmp=com.android.vending/com.google.android.finsky.verifier.impl.PackageVerificationReceiver (has extras) }
03-17 12:51:54.094  1043  1104 D PackageManager:     others=172, false, false, false, false, false
03-17 12:51:54.094  1043  1104 D PackageManager: }
03-17 12:51:54.095  8774  8774 I Finsky  : [2] VerifyApps: Install-time verification complete: id=172, package_name=com.example.ai_flutter_agent_example
03-17 12:51:54.102  8774  8812 E AbstractLogEventBuilder: The provided ProductIdOrigin 3 is not one of the process-level expected values: 1 or 2
03-17 12:51:54.115  1043  2888 D PackageManager: [VERIFY] verifyPendingInstall2(172, ALLOW), uid=5012
03-17 12:51:54.116  1043  1043 D PackageManager: [VERIFY] onReceive for RequiredVerifier id=172,mUid = 5012
03-17 12:51:54.117  1043  1043 D PackageManager: [VERIFY] sendMessageDelayed(CHECK_PENDING_VERIFICATION, 172, 17000)
03-17 12:51:54.132  1043  1104 D PackageManager: [VERIFY] PACKAGE_VERIFIED: 
03-17 12:51:54.132  1043  1104 D PackageManager: PackageVerificationState{
03-17 12:51:54.132  1043  1104 D PackageManager:     verifier packages=com.samsung.android.sm.devicesecurity(5012),
03-17 12:51:54.132  1043  1104 D PackageManager:     intent=Intent { act=com.samsung.android.intent.action.PACKAGE_NEEDS_VERIFICATION2 dat=file:///data/app/vmdl331120532.tmp typ=application/vnd.android.package-archive flg=0x10000001 cmp=com.samsung.android.sm.devicesecurity/.AppVerificationReceiver (has extras) }
03-17 12:51:54.132  1043  1104 D PackageManager:     others=172, false, false, false, false, false
03-17 12:51:54.132  1043  1104 D PackageManager: }
03-17 12:51:54.132  1043  1104 D PackageManager: [VERIFY] setVerifierResponse {verificationID=172, uid=5012, code=1}
03-17 12:51:54.132  1043  1104 D PackageManager: [VERIFY] packageVerificationCompletion: completed id=172
03-17 12:51:54.133  8774  8820 E AbstractLogEventBuilder: The provided ProductIdOrigin 3 is not one of the process-level expected values: 1 or 2
03-17 12:51:54.140  1043  1104 W PackageParser: Unknown element under <manifest>: queries at /data/app/vmdl331120532.tmp/base.apk Binary XML file line #19
03-17 12:51:54.142  1043  1104 W PackageManager: verifying app can be installed or not
03-17 12:51:54.143  1043  1104 D ApplicationPolicy: isApplicationInstallationEnabled
03-17 12:51:54.143  1043  1104 D ApplicationPolicy: isApplicationInstallationEnabled :  Checking PKG WL - false
03-17 12:51:54.143  1043  1104 D ApplicationPolicy: isApplicationInstallationEnabled :  Checking PKG BL - true
03-17 12:51:54.143  1043  1104 D ApplicationPolicy: isApplicationInstallationEnabled :  Checking PERM BL - true
03-17 12:51:54.144  1043  1104 D ApplicationPolicy: isApplicationInstallationEnabled :  Checking SIG BL - true
03-17 12:51:54.144  1043  1104 D ApplicationPolicy: isApplicationInstallationEnabled :  Checking PKG WL - false
03-17 12:51:54.144  1043  1104 D ApplicationPolicy: isApplicationInstallationEnabled :  Checking PKG BL - true
03-17 12:51:54.144  1043  1104 D ApplicationPolicy: isApplicationInstallationEnabled :  Checking PERM BL - true
03-17 12:51:54.144  1043  1104 D ApplicationPolicy: isApplicationInstallationEnabled :  Checking SIG BL - true
03-17 12:51:54.144  1043  1104 D ApplicationPolicy: isApplicationInstallationEnabled :  enabled true
03-17 12:51:54.148  1043  1104 D RestrictionPolicy: isNewAdminInstallationEnabledInternal : false
03-17 12:51:54.150  8774  8791 I PlayCore: UID: [10109]  PID: [8774] azyi : reportBinderDeath
03-17 12:51:54.151  8774  8791 I PlayCore: UID: [10109]  PID: [8774] azyi : ApkContentsScanService : Binder has died.
03-17 12:51:54.152  1043  1076 I libprocessgroup: Successfully killed process cgroup uid 99101 pid 29018 in 134ms
03-17 12:51:54.153   697   697 I Zygote  : Process 29018 exited due to signal 9 (Killed)
03-17 12:51:54.155  1043  1078 D BatteryExternalStatsWorker: update stats
03-17 12:51:54.155  1043  1078 D BatteryExternalStatsWorker: WifiActivityEnergyInfo was updated
03-17 12:51:54.155  1043  1078 D BatteryExternalStatsWorker: BluetoothActivityEnergyInfo was updated
03-17 12:51:54.155  1043  1078 D BatteryExternalStatsWorker: ModemActivityEnergyInfo was updated
03-17 12:51:54.158   749  4698 I CameraService: UidPolicy: No processes running for a uid=99101 disabled=0
03-17 12:51:54.164   513   513 I SurfaceFlinger: SFWD update time=545908561404919
03-17 12:51:54.176  1043  1078 D BatteryExternalStatsWorker: done updateExternalStatsLocked
03-17 12:51:54.211 29061 29061 I ApkToolkit: Use APK V2 signature. APK: /data/app/vmdl331120532.tmp/base.apk
03-17 12:51:54.211 29061 29061 I ApkToolkit: Found the best signature algorithm ID: 0x103
03-17 12:51:54.240 29061 29061 I ApkToolkit: FiveSignJni starts: 3.
03-17 12:51:54.240 29061 29061 I ApkToolkit: FiveSignJni finished: 0.
03-17 12:51:54.240 29061 29061 I ApkToolkit: FiveSign starts: zip_fd = 3, fd = 3.
03-17 12:51:54.240 29061 29061 I ApkToolkit: FiveSignOat: Apk case.
03-17 12:51:54.300 29061 29061 I ApkToolkit: FiveSign finished: 0.
03-17 12:51:54.305  1043  1074 I ActivityManager: Force stopping com.example.ai_flutter_agent_example appid=10344 user=-1: installPackageLI
03-17 12:51:54.306  1043  1104 I PackageManager: Update package com.example.ai_flutter_agent_example code path from /data/app/com.example.ai_flutter_agent_example-VzAYvZemdY9jQjG2qo_zRw== to /data/app/com.example.ai_flutter_agent_example-LXdtAIcsTz9pvkRnV_NA4Q==; Retain data and using new
03-17 12:51:54.306  1043  1104 I PackageManager: Update package com.example.ai_flutter_agent_example resource path from /data/app/com.example.ai_flutter_agent_example-VzAYvZemdY9jQjG2qo_zRw== to /data/app/com.example.ai_flutter_agent_example-LXdtAIcsTz9pvkRnV_NA4Q==; Retain data and using new
03-17 12:51:54.306  1043  1074 I ActivityManager: Killing 21026:com.example.ai_flutter_agent_example/u0a344 (adj 0): stop com.example.ai_flutter_agent_example
03-17 12:51:54.307  1043  1104 D PackageManager.SDP: Skip removing package directory
03-17 12:51:54.307  1043  1074 W ActivityTaskManager: Force removing ActivityRecord{eb6c59f u0 com.example.ai_flutter_agent_example/.MainActivity t181 f}: app died, no saved state
03-17 12:51:54.308  1043  1074 W WindowManager: transition skip!! if process killed, surface is dispose and transaction is force stopped
03-17 12:51:54.309  1043  1074 V WindowManager: Changing focus from Window{1594ba1 u0 com.example.ai_flutter_agent_example/com.example.ai_flutter_agent_example.MainActivity} to null displayId=0 Callers=com.android.server.wm.RootWindowContainer.updateFocusedWindowLocked:204 com.android.server.wm.WindowManagerService.updateFocusedWindowLocked:6458 com.android.server.wm.AppWindowToken.commitVisibility:898 com.android.server.wm.AppWindowToken.onRemovedFromDisplay:1146 com.android.server.wm.DisplayContent.removeAppToken:1318 com.android.server.wm.ActivityRecord.removeWindowContainer:1586 
03-17 12:51:54.318  1043  1074 V WindowManager: Setting visibility of Window{1594ba1 u0 com.example.ai_flutter_agent_example/com.example.ai_flutter_agent_example.MainActivity}: false, caller=com.android.server.wm.WindowContainer.sendAppVisibilityToClients:644 com.android.server.wm.AppWindowToken.setClientHidden:632 com.android.server.wm.AppWindowToken.onAnimationFinished:3913 com.android.server.wm.AppWindowToken.commitVisibility:914 com.android.server.wm.AppWindowToken.onRemovedFromDisplay:1146 
03-17 12:51:54.321  1043  1074 D TspStateManagerInternal: updateDefaultValue customSetting=null
03-17 12:51:54.322  1043  1074 D InputTransport: Input channel destroyed: '1594ba1', fd=712
03-17 12:51:54.323  1043  1074 I WindowManager: Destroying surface Surface(name=com.example.ai_flutter_agent_example/com.example.ai_flutter_agent_example.MainActivity$_21026)/@0x6d874e7 called by com.android.server.wm.WindowStateAnimator.destroySurface:1834 com.android.server.wm.WindowStateAnimator.destroySurfaceLocked:733 com.android.server.wm.WindowState.removeImmediately:2402 com.android.server.wm.WindowState.removeIfPossible:2546 com.android.server.wm.WindowState.removeIfPossible:2425 com.android.server.wm.WindowToken.removeAllWindowsIfPossible:151 com.android.server.wm.AppWindowToken.removeIfPossible:1126 com.android.server.wm.AppWindowToken.onRemovedFromDisplay:1193 
03-17 12:51:54.324   513   825 I Layer   : id=5546 removeFromCurrentState com.example.ai_flutter_agent_example/com.example.ai_flutter_agent_example.MainActivity$_21026#0 (79)
03-17 12:51:54.324   513   825 I Layer   : id=5547 removeFromCurrentState Bounds for - com.example.ai_flutter_agent_example/com.example.ai_flutter_agent_example.MainActivity@0#0 (79)
03-17 12:51:54.324   513   825 I Layer   : id=5548 removeFromCurrentState SurfaceView - com.example.ai_flutter_agent_example/com.example.ai_flutter_agent_example.MainActivity@b098af@0#0 (79)
03-17 12:51:54.324   513   825 I Layer   : id=5549 removeFromCurrentState Background for -SurfaceView - com.example.ai_flutter_agent_example/com.example.ai_flutter_agent_example.MainActivity@b098af@0#0 (79)
03-17 12:51:54.331   513   825 I Layer   : id=5545 removeFromCurrentState 1594ba1 com.example.ai_flutter_agent_example/com.example.ai_flutter_agent_example.MainActivity#0 (79)
03-17 12:51:54.333   513   825 I SurfaceFlinger: id=5545 Removed 1594ba1 com.example.ai_flutter_agent_example/com.example.ai_flutter_agent_example.MainActivity#0 (79)
03-17 12:51:54.334  1043  1074 D InputDispatcher: Focused application released (0)
03-17 12:51:54.335  1043  2948 D InputDispatcher: Focus left window (21026): 1594ba1 in display 0 0
03-17 12:51:54.337  1043  1074 D ActivityTaskManager: updateMinimizedState: unknown notifyReason=2
03-17 12:51:54.344   513   513 I SurfaceFlinger: Display 0 HWC layers:
03-17 12:51:54.344   513   513 I SurfaceFlinger:     type    |    handle    | flag |  format   |   source crop (l,t,r,b)    |         frame       | name 
03-17 12:51:54.344   513   513 I SurfaceFlinger: ------------+--------------+------+-----------+----------------------------+---------------------+------
03-17 12:51:54.344   513   513 I SurfaceFlinger:      DEVICE | 0x77a7eaeac0 | 0000 | RGBA_8888 |   0.0    0.0 1080.0   63.0 |    0    0 1080   63 | StatusBar$_1396#0
03-17 12:51:54.344   513   513 I SurfaceFlinger:      DEVICE | 0x77a7eaf9c0 | 0000 | RGBA_8888 |   0.0    0.0   67.0  342.0 | 1013  398 1080  740 | com.samsung.android.app.cocktailbars[...]arservice.CocktailBarService$_5554#0
03-17 12:51:54.344   513   513 I SurfaceFlinger:      DEVICE | 0x77a7eae980 | 0000 | RGBA_8888 |   0.0    0.0 1080.0  126.0 |    0 2094 1080 2220 | NavigationBar0$_1396#0
03-17 12:51:54.344   513   513 I SurfaceFlinger: 
03-17 12:51:54.346   513   825 I Layer   : id=5538 removeFromCurrentState AppWindowToken{c52cab5 token=Token{c02c6ec ActivityRecord{eb6c59f u0 com.example.ai_flutter_agent_example/.MainActivity t181}}}#0 (79)
03-17 12:51:54.346   513   825 I Layer   : id=5537 removeFromCurrentState Task=181#0 (79)
03-17 12:51:54.347   513   825 I SurfaceFlinger: id=5538 Removed AppWindowToken{c52cab5 token=Token{c02c6ec ActivityRecord{eb6c59f u0 com.example.ai_flutter_agent_example/.MainActivity t181}}}#0 (79)
03-17 12:51:54.347   513   578 I SurfaceFlinger: id=5537 Removed Task=181#0 (79)
03-17 12:51:54.349   513   513 I Layer   : id=5545[1] Destroyed 1594ba1 com.example.ai_flutter_agent_example/com.example.ai_flutter_agent_example.MainActivity#0
03-17 12:51:54.349   513   513 I Layer   : id=5537[1] Destroyed Task=181#0
03-17 12:51:54.349   513   513 I Layer   : id=5538[1] Destroyed AppWindowToken{c52cab5 token=Token{c02c6ec ActivityRecord{eb6c59f u0 com.example.ai_flutter_agent_example/.MainActivity t181}}}#0
03-17 12:51:54.356   513   578 I Layer   : id=5536 removeFromCurrentState animation background stackId=167#0 (76)
03-17 12:51:54.356   513   578 I SurfaceFlinger: id=5536 Removed animation background stackId=167#0 (76)
03-17 12:51:54.361  1043  1074 D CustomFrequencyManagerService: acquireDVFSLockLocked : type : DVFS_MIN_LIMIT  frequency : 1794000  uid : 1000  pid : 1043  pkgName : AMS_APP_HOME@CPU_MIN@53
03-17 12:51:54.365   513   513 I Layer   : id=5536[1] Destroyed animation background stackId=167#0
03-17 12:51:54.366  1043  1074 D ActivityManagerPerformance: AMP_acquire() HOME
03-17 12:51:54.413  1043  1694 D InputTransport: Input channel destroyed: 'ClientS', fd=718
03-17 12:51:54.414   513   579 I SurfaceFlinger: id=5548 Removed SurfaceView - com.example.ai_flutter_agent_example/com.example.ai_flutter_agent_example.MainActivity@b098af@0#0 (75)
03-17 12:51:54.414   513   579 I SurfaceFlinger: id=5549 Removed Background for -SurfaceView - com.example.ai_flutter_agent_example/com.example.ai_flutter_agent_example.MainActivity@b098af@0#0 (75)
03-17 12:51:54.414   513   825 I SurfaceFlinger: id=5546 Removed com.example.ai_flutter_agent_example/com.example.ai_flutter_agent_example.MainActivity$_21026#0 (75)
03-17 12:51:54.414   513   825 I SurfaceFlinger: id=5547 Removed Bounds for - com.example.ai_flutter_agent_example/com.example.ai_flutter_agent_example.MainActivity@0#0 (75)
03-17 12:51:54.414 16502 16502 D InputTransport: Input channel destroyed: 'ClientS', fd=98
03-17 12:51:54.415   513   513 I Layer   : id=5546[1] Destroyed com.example.ai_flutter_agent_example/com.example.ai_flutter_agent_example.MainActivity$_21026#0
03-17 12:51:54.415   513   513 I Layer   : id=5547[1] Destroyed Bounds for - com.example.ai_flutter_agent_example/com.example.ai_flutter_agent_example.MainActivity@0#0
03-17 12:51:54.415   513   513 I Layer   : id=5548[1] Destroyed SurfaceView - com.example.ai_flutter_agent_example/com.example.ai_flutter_agent_example.MainActivity@b098af@0#0
03-17 12:51:54.415   513   513 I Layer   : id=5549[1] Destroyed Background for -SurfaceView - com.example.ai_flutter_agent_example/com.example.ai_flutter_agent_example.MainActivity@b098af@0#0
03-17 12:51:54.416   697   697 I Zygote  : Process 21026 exited due to signal 9 (Killed)
03-17 12:51:54.420  1043  1076 I libprocessgroup: Successfully killed process cgroup uid 10344 pid 21026 in 113ms
03-17 12:51:54.443  1043  1104 D PackageManager: EAS IT Policy com.example.ai_flutter_agent_example isPackageSignedByPlatform = false
03-17 12:51:54.443  1043  1104 D PackageManager: EAS IT Policy destCodeFile /data/app/com.example.ai_flutter_agent_example-LXdtAIcsTz9pvkRnV_NA4Q==
03-17 12:51:54.447  1043  1104 I PackageManager: Un-granting permission android.permission.MANAGE_DOCUMENTS from package com.google.android.youtube (protectionLevel=262146 flags=0x20dbbec5)
03-17 12:51:54.447  1043  1104 I PackageManager: Un-granting permission com.sec.android.provider.badge.permission.WRITE from package com.google.android.youtube (protectionLevel=18 flags=0x20dbbec5)
03-17 12:51:54.449  1043  1104 I PackageManager: Un-granting permission com.samsung.android.knox.permission.KNOX_ENTERPRISE_DEVICE_ADMIN from package com.microsoft.appmanager (protectionLevel=2 flags=0x20c83ec5)
03-17 12:51:54.449  1043  1104 I PackageManager: Un-granting permission com.samsung.android.knox.permission.KNOX_CERTIFICATE from package com.microsoft.appmanager (protectionLevel=2 flags=0x20c83ec5)
03-17 12:51:54.449  1043  1104 I PackageManager: Un-granting permission com.samsung.android.knox.permission.KNOX_SECURITY from package com.microsoft.appmanager (protectionLevel=2 flags=0x20c83ec5)
03-17 12:51:54.449  1043  1104 I PackageManager: Un-granting permission com.samsung.android.knox.permission.KNOX_CERT_PROVISIONING from package com.microsoft.appmanager (protectionLevel=2 flags=0x20c83ec5)
03-17 12:51:54.449  1043  1104 I PackageManager: Un-granting permission android.permission.sec.ENTERPRISE_DEVICE_ADMIN from package com.microsoft.appmanager (protectionLevel=2 flags=0x20c83ec5)
03-17 12:51:54.449  1043  1104 I PackageManager: Un-granting permission android.permission.sec.MDM_SECURITY from package com.microsoft.appmanager (protectionLevel=2 flags=0x20c83ec5)
03-17 12:51:54.449  1043  1104 I PackageManager: Un-granting permission android.permission.sec.MDM_CERTIFICATE from package com.microsoft.appmanager (protectionLevel=2 flags=0x20c83ec5)
03-17 12:51:54.449  1043  1104 I PackageManager: Un-granting permission android.permission.READ_PRIVILEGED_PHONE_STATE from package com.microsoft.appmanager (protectionLevel=18 flags=0x20c83ec5)
03-17 12:51:54.449  1043  1104 I PackageManager: Un-granting permission android.permission.READ_WALLPAPER_INTERNAL from package com.microsoft.appmanager (protectionLevel=18 flags=0x20c83ec5)
03-17 12:51:54.449  1043  1104 I PackageManager: Un-granting permission android.permission.MODIFY_AUDIO_ROUTING from package com.microsoft.appmanager (protectionLevel=18 flags=0x20c83ec5)
03-17 12:51:54.449  1043  1104 I PackageManager: Un-granting permission android.permission.CAPTURE_AUDIO_OUTPUT from package com.microsoft.appmanager (protectionLevel=18 flags=0x20c83ec5)
03-17 12:51:54.449  1043  1104 I PackageManager: Un-granting permission android.permission.CAPTURE_MEDIA_OUTPUT from package com.microsoft.appmanager (protectionLevel=18 flags=0x20c83ec5)
03-17 12:51:54.451  1043  1104 I PackageManager: Un-granting permission android.permission.MANAGE_SOUND_TRIGGER from package com.google.android.googlequicksearchbox (protectionLevel=18 flags=0xa0d83ec5)
03-17 12:51:54.451  1043  1104 I PackageManager: Un-granting permission android.permission.CAPTURE_AUDIO_OUTPUT from package com.google.android.googlequicksearchbox (protectionLevel=18 flags=0xa0d83ec5)
03-17 12:51:54.451  1043  1104 I PackageManager: Un-granting permission android.permission.CONTROL_INCALL_EXPERIENCE from package com.google.android.googlequicksearchbox (protectionLevel=18 flags=0xa0d83ec5)
03-17 12:51:54.451  1043  1104 I PackageManager: Un-granting permission android.permission.WRITE_APN_SETTINGS from package com.google.android.googlequicksearchbox (protectionLevel=18 flags=0xa0d83ec5)
03-17 12:51:54.451  1043  1104 I PackageManager: Un-granting permission android.permission.SUBSTITUTE_SHARE_TARGET_APP_NAME_AND_ICON from package com.google.android.googlequicksearchbox (protectionLevel=18 flags=0xa0d83ec5)
03-17 12:51:54.451  1043  1104 I PackageManager: Un-granting permission com.samsung.android.app.tips.permission.USE_INTENT_SERVICE from package com.google.android.googlequicksearchbox (protectionLevel=18 flags=0xa0d83ec5)
03-17 12:51:54.451  1043  1104 I PackageManager: Un-granting permission android.permission.CAPTURE_MEDIA_OUTPUT from package com.google.android.googlequicksearchbox (protectionLevel=18 flags=0xa0d83ec5)
03-17 12:51:54.451  1043  1104 I PackageManager: Un-granting permission android.permission.MODIFY_AUDIO_ROUTING from package com.google.android.googlequicksearchbox (protectionLevel=18 flags=0xa0d83ec5)
03-17 12:51:54.452  1043  1104 I PackageManager: Un-granting permission com.google.android.googleapps.permission.GOOGLE_AUTH from package com.android.providers.calendar (protectionLevel=2 flags=0x3088be45)
03-17 12:51:54.452  1043  1104 I PackageManager: Un-granting permission com.google.android.googleapps.permission.GOOGLE_AUTH.cl from package com.android.providers.calendar (protectionLevel=2 flags=0x3088be45)
03-17 12:51:54.452  1043  1104 I PackageManager: Un-granting permission android.permission.INTERACT_ACROSS_USERS_FULL from package com.android.providers.calendar (protectionLevel=258 flags=0x3088be45)
03-17 12:51:54.452  1043  1104 I PackageManager: Un-granting permission android.permission.GET_INTENT_SENDER_INTENT from package com.android.providers.calendar (protectionLevel=2 flags=0x3088be45)
03-17 12:51:54.457  1043  1104 D AASA_PermissionManagerService: REQUEST_INSTALL_PACKAGES from the list: com.samsung.android.aware.service :: false
03-17 12:51:54.458  1043  1104 I PackageManager: Un-granting permission android.permission.HIDE_NON_SYSTEM_OVERLAY_WINDOWS from package com.android.companiondevicemanager (protectionLevel=258 flags=0x30c83e45)
03-17 12:51:54.460  1043  1104 I PackageManager: Un-granting permission android.permission.INTERACT_ACROSS_USERS_FULL from package com.sec.android.widgetapp.easymodecontactswidget (protectionLevel=258 flags=0x30c8be45)
03-17 12:51:54.461  1043  1104 I PackageManager: Un-granting permission android.permission.REQUEST_INSTALL_PACKAGES from package com.sec.android.app.samsungapps (protectionLevel=66 flags=0x28d83ec5)
03-17 12:51:54.462  1043  1104 I PackageManager: Un-granting permission com.samsung.android.launcher.permission.WRITE_SETTINGS from package com.sec.android.app.samsungapps (protectionLevel=18 flags=0x28d83ec5)
03-17 12:51:54.462  1043  1104 I PackageManager: Un-granting permission com.osp.app.signin.BROADCAST_PERMISSION from package com.sec.android.app.samsungapps (protectionLevel=2 flags=0x28d83ec5)
03-17 12:51:54.462  1043  1104 I PackageManager: Un-granting permission android.permission.MANAGE_USERS from package com.sec.android.app.samsungapps (protectionLevel=18 flags=0x28d83ec5)
03-17 12:51:54.463  1043  1104 I PackageManager: Un-granting permission com.samsung.android.pass.permissions.MANAGE_PASS_SERVICE from package com.sec.android.app.billing (protectionLevel=2 flags=0x30d83e45)
03-17 12:51:54.465  1043  1104 I PackageManager: Un-granting permission android.permission.HIDE_NON_SYSTEM_OVERLAY_WINDOWS from package com.android.vending (protectionLevel=258 flags=0x28cabec5)
03-17 12:51:54.465  1043  1104 I PackageManager: Un-granting permission android.permission.SEND_DOWNLOAD_COMPLETED_INTENTS from package com.android.vending (protectionLevel=2 flags=0x28cabec5)
03-17 12:51:54.466  1043  1104 I PackageManager: Un-granting permission android.permission.GET_ACCOUNTS_PRIVILEGED from package com.microsoft.skydrive (protectionLevel=18 flags=0x30d83ec5)
03-17 12:51:54.472  1043  1104 D AASA_PermissionManagerService: REQUEST_INSTALL_PACKAGES from the list: com.android.nfc :: false
03-17 12:51:54.473  1043  1104 D AASA_PermissionManagerService: REQUEST_INSTALL_PACKAGES from the list: com.samsung.android.messaging :: false
03-17 12:51:54.474  1043  1104 D AASA_PermissionManagerService: REQUEST_INSTALL_PACKAGES from the list: com.samsung.android.app.tips :: false
03-17 12:51:54.475  1043  1104 I PackageManager: Un-granting permission android.permission.UPDATE_DEVICE_STATS from package com.google.android.as (protectionLevel=18 flags=0x30c9bec5)
03-17 12:51:54.475  1043  1104 I PackageManager: Un-granting permission android.permission.REQUEST_INSTALL_PACKAGES from package com.google.android.gm (protectionLevel=66 flags=0x28dbbec5)
03-17 12:51:54.476  1043  1104 I PackageManager: Un-granting permission com.sec.android.provider.badge.permission.WRITE from package com.google.android.apps.tachyon (protectionLevel=18 flags=0x30c9bec5)
03-17 12:51:54.476  1043  1104 I PackageManager: Un-granting permission android.permission.STATUS_BAR from package com.google.android.apps.tachyon (protectionLevel=18 flags=0x30c9bec5)
03-17 12:51:54.476  1043  1104 I PackageManager: Un-granting permission android.permission.STOP_APP_SWITCHES from package com.google.android.apps.tachyon (protectionLevel=18 flags=0x30c9bec5)
03-17 12:51:54.476  1043  1104 I PackageManager: Un-granting permission com.google.android.gm.permission.READ_HUB_FEATURE_STATUS from package com.google.android.apps.tachyon (protectionLevel=2 flags=0x30c9bec5)
03-17 12:51:54.485  1043  1104 D AASA_PermissionManagerService: REQUEST_INSTALL_PACKAGES from the list: com.samsung.android.app.simplesharing :: false
03-17 12:51:54.485  1043  1104 I PackageManager: Un-granting permission android.permission.INTERACT_ACROSS_USERS_FULL from package com.samsung.android.app.contacts (protectionLevel=258 flags=0x30d83e45)
03-17 12:51:54.488  1043  1104 I PackageManager: Un-granting permission android.permission.REQUEST_INSTALL_PACKAGES from package com.google.android.apps.docs (protectionLevel=66 flags=0x20cbbe44)
03-17 12:51:54.491  1043  1104 I PackageManager: Un-granting permission android.permission.INTERACT_ACROSS_USERS from package com.google.android.syncadapters.contacts (protectionLevel=50 flags=0x20883e45)
03-17 12:51:54.493  1043  1104 I PackageManager: Un-granting permission android.permission.REQUEST_INSTALL_PACKAGES from package com.android.chrome (protectionLevel=66 flags=0xa0cbbec5)
03-17 12:51:54.493  1043  1104 I PackageManager: Un-granting permission android.permission.WRITE_EMBEDDED_SUBSCRIPTIONS from package com.google.android.gms (protectionLevel=50 flags=0xa0cabec5)
03-17 12:51:54.494  1043  1104 I PackageManager: Un-granting permission android.permission.CAPTURE_VIDEO_OUTPUT from package com.google.android.gms (protectionLevel=2 flags=0xa0cabec5)
03-17 12:51:54.494  1043  1104 I PackageManager: Un-granting permission android.permission.FORCE_STOP_PACKAGES from package com.google.android.gms (protectionLevel=18 flags=0xa0cabec5)
03-17 12:51:54.494  1043  1104 I PackageManager: Un-granting permission android.permission.OBSERVE_ROLE_HOLDERS from package com.google.android.gms (protectionLevel=258 flags=0xa0cabec5)
03-17 12:51:54.494  1043  1104 I PackageManager: Un-granting permission android.permission.MODIFY_DEFAULT_AUDIO_EFFECTS from package com.google.android.gms (protectionLevel=18 flags=0xa0cabec5)
