--------- beginning of main
03-17 12:50:25.427 28748 28766 I com.samsung.ml: Waiting for a blocking GC ProfileSaver
03-17 12:50:25.439 28748 28766 I com.samsung.ml: WaitForGcToComplete blocked ProfileSaver on AddRemoveAppImageSpace for 11.208ms
--------- beginning of system
03-17 12:50:26.159  2430  2430 I io_stats: !@   8,0 r 2421639 123766368 w 2125389 110000740 d 153458 193298896 f 491193 502405 iot 2334872 1856824 th 102400 0 0 pt 0 inp 0 0 545820.554
03-17 12:50:26.236  1043  1330 D WifiConnectivityMonitor.NetworkStatsAnalyzer: Backhaul result - RSSI:-36, CE:3, PE:3, TI:7, PTI:7, TW:0, PTW:0, Tx:0, Rx:6, TxS:0, RxS:0, RESULT:true, IC:0, ICT:5, WC:0, WCT:5, R:0, RC:0, IE:0, EC:0
03-17 12:50:26.591  2645  2645 D BoundBrokerSvc: onUnbind: Intent { act=com.google.android.gms.libs.gmscorelogger.service.START dat=chimera-action: cmp=com.google.android.gms/.chimera.PersistentDirectBootAwareApiService }
03-17 12:50:26.759  1043  1267 D TelephonyManager: getAllCellInfo : Caller (PID / UID / TID): 1043 / 1000 / 1267
03-17 12:50:27.789  1043  1329 I WifiEleStateTracker: CheckEleEnvironment BD : 12 12 12 12 12 12 MD : -108 -108 -108 -108 -108 -108 WD : -36 -36 -37 -36 -36 -36 GC : false false false false false false SC : false false false false false false SH : false false false false false false TB : false false false false false false
03-17 12:50:29.152   513   513 I SurfaceFlinger: SFWD update time=545823549825480
03-17 12:50:29.870  1043  1267 D TelephonyManager: getAllCellInfo : Caller (PID / UID / TID): 1043 / 1000 / 1267
03-17 12:50:30.324  1043  1074 I ApplicationPolicy: isApplicationExternalStorageWhitelisted:com.samsung.ipservice user:0
03-17 12:50:30.324  1043  1074 D ApplicationPolicy: isApplicationExternalStorageWhitelisted: DO is not enabled on user 0. Allowed.
03-17 12:50:30.324  1043  1074 D ActivityManager: package  com.samsung.ipservice, user - 0 is SDcard whitelisted
03-17 12:50:30.324  1043  1074 I ApplicationPolicy: isApplicationExternalStorageBlacklisted:com.samsung.ipservice user:0
03-17 12:50:30.324  1043  1074 D ApplicationPolicy: isApplicationExternalStorageBlacklisted: DO is not enabled on user 0. Allowed.
03-17 12:50:30.324  1043  1074 I ApplicationPolicy: isApplicationExternalStorageBlacklisted:com.samsung.ipservice user:0
03-17 12:50:30.325  1043  1074 D ApplicationPolicy: isApplicationExternalStorageBlacklisted: DO is not enabled on user 0. Allowed.
03-17 12:50:30.368   697   697 D Zygote  : Forked child process 28783
03-17 12:50:30.373 28783 28783 E Zygote  : isWhitelistProcess - Process is Whitelisted
03-17 12:50:30.374 28783 28783 E Zygote  : accessInfo : 1
03-17 12:50:30.376  1043  1075 I ActivityManager: Start proc 28783:com.samsung.ipservice/5004 for service {com.samsung.ipservice/com.samsung.ipservice.IPService}
03-17 12:50:30.391 28783 28783 E msung.ipservic: Not starting debugger since process cannot load the jdwp agent.
03-17 12:50:30.398 28783 28783 D ActivityThread: setConscryptValidator
03-17 12:50:30.398 28783 28783 D ActivityThread: setConscryptValidator - put
03-17 12:50:30.401  1043  3458 I ActivityManager: DSS OFF for com.samsung.ipservice
03-17 12:50:30.424 28783 28783 I msung.ipservic: The ClassLoaderContext is a special shared library.
03-17 12:50:30.431 28783 28783 I msung.ipservic: The ClassLoaderContext is a special shared library.
03-17 12:50:30.449 28783 28783 I IPService: [IPService] onbind () called 
03-17 12:50:30.475 28783 28783 I IPModuleQE: [IPService] IPModuleQE Const 
03-17 12:50:30.476 28783 28783 I FeatureClassSet: [IPService] VisionEngineFloatingFeature is :  V2
03-17 12:50:30.476 28783 28783 I IPModuleViz: [IPService] IPModuleViz Const 
03-17 12:50:30.477 28783 28783 I Utility : [IPService] OCR Unsupported FloatingFeature is :  TRUE
03-17 12:50:30.485  7307  7307 I ServiceManager: [#CMH#] Bound to Package  com.samsung.ipservice
03-17 12:50:30.487  7307  7307 I ServiceManager: [#CMH#] Bound to Package  com.samsung.ipservice
03-17 12:50:30.492 28783 28783 I IPService: [IPService] onSetResponseHandler () called 
03-17 12:50:30.492 28783 28783 I IPService: [IPService] onSetResponseHandler () called 
03-17 12:50:30.912  1043  1073 D PowerManagerService: [api] setDeviceIdleTempWhitelist: appids:  (uid: 1000 pid: 1043)
03-17 12:50:31.139  1043  1285 D DeviceStorageMonitorService: check() STORAGE TOTAL > 64G
03-17 12:50:31.141  1043  1285 W DeviceStorageMonitorService: updateBroadcasts(/data) oldLevel:0, newLevel:0, seq:1
03-17 12:50:31.142  1043  1285 W DeviceStorageMonitorService: There is no file /sys/fs/f2fs/userdata/sec_fs_stat
03-17 12:50:31.142  1043  1285 W DeviceStorageMonitorService: updateBroadcasts_filenode(/data) fn_oldLevel:0, fn_newLevel:0, seq:1
03-17 12:50:31.146 28820 28820 D AndroidRuntime: >>>>>> START com.android.internal.os.RuntimeInit uid 2000 <<<<<<
03-17 12:50:31.149 28820 28820 I AndroidRuntime: Using default boot image
03-17 12:50:31.149 28820 28820 I AndroidRuntime: Leaving lock profiling enabled
03-17 12:50:31.150 28820 28820 D SecNativeFeatureCppIf: encoded
03-17 12:50:31.150 28820 28820 D SecNativeFeatureCppIf: decoding and unzip finish
03-17 12:50:31.150 28820 28820 D SecNativeFeatureCppIf: use unCompDataBuff. encoded
03-17 12:50:31.150 28820 28820 D SecNativeFeatureCppIf: Free unCompDataBuff
03-17 12:50:31.150 28820 28820 D SecNativeFeatureCppIf: encoded
03-17 12:50:31.150 28820 28820 D SecNativeFeatureCppIf: decoding and unzip finish
03-17 12:50:31.150 28820 28820 D SecNativeFeatureCppIf: use unCompDataBuff. encoded
03-17 12:50:31.150 28820 28820 D SecNativeFeatureCppIf: Free unCompDataBuff
03-17 12:50:31.150 28820 28820 D SecNativeFeatureCppIf: encoded
03-17 12:50:31.150 28820 28820 D SecNativeFeatureCppIf: decoding and unzip finish
03-17 12:50:31.150 28820 28820 D SecNativeFeatureCppIf: use unCompDataBuff. encoded
03-17 12:50:31.150 28820 28820 D SecNativeFeatureCppIf: Free unCompDataBuff
03-17 12:50:31.150 28820 28820 D SecNativeFeatureCppIf: encoded
03-17 12:50:31.150 28820 28820 D SecNativeFeatureCppIf: decoding and unzip finish
03-17 12:50:31.150 28820 28820 D SecNativeFeatureCppIf: use unCompDataBuff. encoded
03-17 12:50:31.150 28820 28820 D SecNativeFeatureCppIf: Free unCompDataBuff
03-17 12:50:31.150 28820 28820 D AndroidRuntime: addProductProperty
03-17 12:50:31.150 28820 28820 D AndroidRuntime: addProductProperty: pBrand1 != NULL
03-17 12:50:31.150 28820 28820 D AndroidRuntime: addProductProperty: else
03-17 12:50:31.163  2430  2430 I io_stats: !@   8,0 r 2421643 123766448 w 2125391 110000800 d 153459 193298900 f 491194 502406 iot 2334876 1856829 th 102400 0 0 pt 0 inp 0 0 545825.559
03-17 12:50:31.226 28820 28820 D ICU     : Time zone APEX file found: /apex/com.android.tzdata/etc/icu/icu_tzdata.dat
03-17 12:50:31.234 28820 28820 I app_process: The ClassLoaderContext is a special shared library.
03-17 12:50:31.250 28820 28820 W app_process: JNI RegisterNativeMethods: attempt to register 0 native methods for android.media.AudioAttributes
03-17 12:50:31.251 28820 28820 E SemAffinityControl: SemAffinityControl: registerfunction enter
03-17 12:50:31.255 28820 28820 D AndroidRuntime: Calling main entry com.android.commands.input.Input
03-17 12:50:31.262  1043  3458 D InputDispatcher: Inject motion (28820): action=0x0, time=545825652000000, f=0x0, d=0
03-17 12:50:31.263  1043  1232 D InputDispatcher: pointer touchable region used!
03-17 12:50:31.264  1043  1232 I InputDispatcher: Delivering touch to (1396): action: 0x4, f=0x0, d=0, 'a3ae33b', t=0
03-17 12:50:31.264  1043  1232 I InputDispatcher: Delivering touch to (1396): action: 0x4, f=0x0, d=0, 'e89f9a9', t=0
03-17 12:50:31.264  1043  1232 I InputDispatcher: Delivering touch to (21026): action: 0x0, f=0x0, d=0, '1594ba1', t=0
03-17 12:50:31.265 21026 21026 I ViewRootImpl@32594e1[MainActivity]: ViewPostIme pointer 0
03-17 12:50:31.276  1043  3458 D InputDispatcher: Inject motion (28820): action=0x1, time=545825652000000, f=0x0, d=0
03-17 12:50:31.277  1043  1232 I InputDispatcher: Delivering touch to (21026): action: 0x1, f=0x0, d=0, '1594ba1', t=0
03-17 12:50:31.279 21026 21026 I ViewRootImpl@32594e1[MainActivity]: ViewPostIme pointer 1
03-17 12:50:31.284 28820 28820 D AndroidRuntime: Shutting down VM
03-17 12:50:32.400  2858  3450 D SDHMS:com.sec.android.sdhms.thermal.siop.B: SIOP:: AP:220(328,100) BAT:307(307,0) CHG:321(321,0) USB:303(303,0) WIFI:245(298,50) PA:252(306,50) LRF:-888(-888) LRB:-888(-888) 
03-17 12:50:32.960  1043  1267 D TelephonyManager: getAllCellInfo : Caller (PID / UID / TID): 1043 / 1000 / 1267
03-17 12:50:32.968  1396  1396 D SecStatusBarWifiView: updateState: WifiIconState(resId=2131232734, visible=true, activityId=2131232740)
03-17 12:50:32.969  1396  1845 D Tile.WifiTile: handleUpdateState isTransient=false transientEnabling =false cb.isTransient=false state.state = 2 mStateBeforeClick.value =false enabled =true
03-17 12:50:34.144   513   513 I SurfaceFlinger: SFWD update time=545828542215553
03-17 12:50:34.857  1043  1329 I WifiEleStateTracker: CheckEleEnvironment BD : 12 12 12 11 11 11 MD : -108 -108 -108 -108 -108 -108 WD : -36 -36 -36 -36 -36 -36 GC : false false false false false false SC : false false false false false false SH : false false false false false false TB : false false false false false false
03-17 12:50:35.443 28783 28802 I msung.ipservic: Waiting for a blocking GC ProfileSaver
03-17 12:50:36.157  1043  1267 D TelephonyManager: getAllCellInfo : Caller (PID / UID / TID): 1043 / 1000 / 1267
03-17 12:50:36.168  2430  2430 I io_stats: !@   8,0 r 2421644 123766572 w 2125401 110000852 d 153459 193298900 f 491194 502406 iot 2334880 1856830 th 102400 0 0 pt 0 inp 0 0 545830.564
03-17 12:50:36.245  1043  1330 D WifiConnectivityMonitor.NetworkStatsAnalyzer: Backhaul result - RSSI:-37, CE:3, PE:3, TI:8, PTI:7, TW:0, PTW:0, Tx:3, Rx:7, TxS:1, RxS:0, RESULT:true, IC:1, ICT:5, WC:1, WCT:5, R:0, RC:0, IE:0, EC:0
03-17 12:50:39.154   513   513 I SurfaceFlinger: SFWD update time=545833551813358
03-17 12:50:39.260  1043  1267 D TelephonyManager: getAllCellInfo : Caller (PID / UID / TID): 1043 / 1000 / 1267
03-17 12:50:40.034  1043  1071 E Watchdog: !@Sync: 18184 heap: 68 / 80 [2026-03-17 12:50:40.034] sdogWay: softdog
03-17 12:50:41.173  2430  2430 I io_stats: !@   8,0 r 2421644 123766572 w 2125408 110001108 d 153463 193299052 f 491196 502409 iot 2334892 1856837 th 102400 0 0 pt 0 inp 0 0 545835.569
03-17 12:50:42.232  1043  1329 I WifiEleStateTracker: CheckEleEnvironment BD : 12 12 12 12 12 12 MD : -108 -108 -108 -108 -108 -108 WD : -36 -37 -36 -36 -36 -33 GC : false false false false false false SC : false false false false false false SH : false false false false false false TB : false false false false false false
03-17 12:50:42.363  1043  1267 D TelephonyManager: getAllCellInfo : Caller (PID / UID / TID): 1043 / 1000 / 1267
03-17 12:50:42.444  2858  3450 D SDHMS:com.sec.android.sdhms.thermal.siop.B: SIOP:: AP:221(321,100) BAT:307(307,0) CHG:319(319,0) USB:303(303,0) WIFI:245(299,50) PA:252(305,50) LRF:-888(-888) LRB:-888(-888) 
03-17 12:50:44.025  1043 28850 D WifiConnectivityMonitor.DnsPingerHandler: setCurrentLinkProperties: lp={InterfaceName: wlan0 LinkAddresses: [ fe80::64be:eeff:fe9a:fd76/64,192.168.1.139/24,2001:b011:9:559f:64be:eeff:fe9a:fd76/64,2001:b011:9:559f:849b:7d54:124b:133a/64,2001:b011:9:559f:6d68:923a:f986:a233/64,2001:b011:9:559f:a086:fed1:3070:8746/64 ] DnsAddresses: [ /2001:b000:168::1,/2001:b000:168::2,/192.168.1.1 ] Domains: null MTU: 0 TcpBufferSizes: 524288,1048576,4194304,524288,1048576,4194304 Routes: [ fe80::/64 -> :: wlan0,2001:b011:9:559f::/64 -> fe80::fe12:63ff:fe17:d710 wlan0,2001:b011:9:559f::/64 -> :: wlan0,::/0 -> fe80::fe12:63ff:fe17:d710 wlan0,192.168.1.0/24 -> 0.0.0.0 wlan0,0.0.0.0/0 -> 192.168.1.1 wlan0 ]}
03-17 12:50:44.147   513   513 I SurfaceFlinger: SFWD update time=545838544314469
03-17 12:50:44.347  1043 28851 D WifiConnectivityMonitor.DnsThread:  [|216] [] []
03-17 12:50:44.350  1043  1330 D WifiConnectivityMonitor: DNS resultType : 0, responseTime : 216
03-17 12:50:44.351  1043  1329 D WifiConnectivityMonitor: updateBssidLatestDnsResultType - result: 0
03-17 12:50:45.461  1043  1267 D TelephonyManager: getAllCellInfo : Caller (PID / UID / TID): 1043 / 1000 / 1267
03-17 12:50:46.177  2430  2430 I io_stats: !@   8,0 r 2421644 123766572 w 2125426 110001216 d 153463 193299052 f 491197 502410 iot 2334896 1856840 th 102400 0 0 pt 0 inp 0 0 545840.573
03-17 12:50:46.254  1043  1330 D WifiConnectivityMonitor.NetworkStatsAnalyzer: Backhaul result - RSSI:-31, CE:3, PE:3, TI:8, PTI:8, TW:0, PTW:0, Tx:4, Rx:10, TxS:0, RxS:0, RESULT:true, IC:1, ICT:5, WC:2, WCT:5, R:0, RC:0, IE:0, EC:0
03-17 12:50:48.568  1043  1267 D TelephonyManager: getAllCellInfo : Caller (PID / UID / TID): 1043 / 1000 / 1267
03-17 12:50:49.158   513   513 I SurfaceFlinger: SFWD update time=545843555503081
03-17 12:50:49.548  1043  1329 I WifiEleStateTracker: CheckEleEnvironment BD : 12 12 12 12 12 12 MD : -108 -108 -108 -108 -108 -108 WD : -32 -32 -31 -31 -30 -31 GC : false false false false false false SC : false false false false false false SH : false false false false false false TB : false false false false false false
03-17 12:50:51.182  2430  2430 I io_stats: !@   8,0 r 2421644 123766572 w 2125435 110001284 d 153464 193299056 f 491198 502411 iot 2334900 1856843 th 102400 0 0 pt 0 inp 0 0 545845.578
03-17 12:50:51.674  1043  1267 D TelephonyManager: getAllCellInfo : Caller (PID / UID / TID): 1043 / 1000 / 1267
03-17 12:50:52.513  2858  3450 D SDHMS:com.sec.android.sdhms.thermal.siop.B: SIOP:: AP:220(318,100) BAT:307(307,0) CHG:317(317,0) USB:304(304,0) WIFI:246(299,50) PA:253(305,50) LRF:-888(-888) LRB:-888(-888) 
03-17 12:50:54.149   513   513 I SurfaceFlinger: SFWD update time=545848546802770
03-17 12:50:54.774  1043  1267 D TelephonyManager: getAllCellInfo : Caller (PID / UID / TID): 1043 / 1000 / 1267
03-17 12:50:56.187  2430  2430 I io_stats: !@   8,0 r 2421644 123766572 w 2125440 110001324 d 153464 193299056 f 491199 502412 iot 2334904 1856845 th 102400 0 0 pt 0 inp 0 0 545850.583
03-17 12:50:56.261  1043  1330 D WifiConnectivityMonitor.NetworkStatsAnalyzer: Backhaul result - RSSI:-31, CE:3, PE:3, TI:8, PTI:8, TW:0, PTW:0, Tx:4, Rx:9, TxS:0, RxS:0, RESULT:true, IC:1, ICT:5, WC:3, WCT:5, R:0, RC:0, IE:0, EC:0
03-17 12:50:56.836  1043  1329 I WifiEleStateTracker: CheckEleEnvironment BD : 11 12 12 12 12 11 MD : -108 -108 -108 -108 -108 -108 WD : -31 -30 -30 -30 -30 -30 GC : false false false false false false SC : false false false false false false SH : false false false false false false TB : false false false false false false
03-17 12:50:57.875  1043  2888 D NtpTrustedTime: currentTimeMillis() cache hit
03-17 12:50:57.884  1043  1267 D TelephonyManager: getAllCellInfo : Caller (PID / UID / TID): 1043 / 1000 / 1267
03-17 12:50:57.892  1396  1396 D SecStatusBarWifiView: updateState: WifiIconState(resId=2131232734, visible=true, activityId=2131232739)
03-17 12:50:57.895  1396  1845 D Tile.WifiTile: handleUpdateState isTransient=false transientEnabling =false cb.isTransient=false state.state = 2 mStateBeforeClick.value =false enabled =true
03-17 12:50:57.904   773  1255 I netd    : tetherGetStats() <9.56ms>
03-17 12:50:57.920  1043  2888 D NtpTrustedTime: currentTimeMillis() cache hit
03-17 12:50:57.926  1043  1264 D NtpTrustedTime: currentTimeMillis() cache hit
03-17 12:50:57.928  1043  1264 D NtpTrustedTime: currentTimeMillis() cache hit
03-17 12:50:57.929  1043  1264 V NetworkPolicy: updateNotificationsNL() - totalBytes : 0, policy : NetworkPolicy{template=NetworkTemplate: matchRule=MOBILE, subscriberId=456061..., matchSubscriberIds=[456061...] cycleRule=RecurrenceRule{start=2025-01-01T00:00+08:00[Asia/Taipei] end=null period=P1M} warningBytes=2000000000 limitBytes=-1 lastWarningSnooze=-1 lastLimitSnooze=-1 lastRapidSnooze=-1 metered=true inferred=true}
03-17 12:50:57.937  1043  2888 D NtpTrustedTime: currentTimeMillis() cache hit
03-17 12:50:57.952   773  1255 I netd    : tetherGetStats() <5.63ms>
03-17 12:50:57.960  1043  2888 D NtpTrustedTime: currentTimeMillis() cache hit
03-17 12:50:57.964  1043  1264 D NtpTrustedTime: currentTimeMillis() cache hit
03-17 12:50:57.965  1043  1264 D NtpTrustedTime: currentTimeMillis() cache hit
03-17 12:50:57.965  1043  1264 V NetworkPolicy: updateNotificationsNL() - totalBytes : 0, policy : NetworkPolicy{template=NetworkTemplate: matchRule=MOBILE, subscriberId=456061..., matchSubscriberIds=[456061...] cycleRule=RecurrenceRule{start=2025-01-01T00:00+08:00[Asia/Taipei] end=null period=P1M} warningBytes=2000000000 limitBytes=-1 lastWarningSnooze=-1 lastLimitSnooze=-1 lastRapidSnooze=-1 metered=true inferred=true}
03-17 12:50:59.159   513   513 I SurfaceFlinger: SFWD update time=545853557227151
03-17 12:51:00.000  1043  1213 D SamsungAlarmManager: Expired : 8
03-17 12:51:00.000  1043  1213 V SamsungAlarmManager: Sending to uid : 1000 listener=com.android.server.AlarmManagerService$2@67db6c7 alarm=Alarm{fb5f537 type 3 when 775268476 android}
03-17 12:51:00.002  1043  1213 D SamsungAlarmManager: setExact Listener (T:3/F:1/AC:false) 20260317T125200 - CU:1000/CP:1043
03-17 12:51:00.002  1043  1213 I SamsungAlarmManager: setLocked to kernel - T:2 / 20260317T125645, SetElapsed=775614214, nowELAPSED=775268479
03-17 12:51:00.004  1043  1213 I SamsungAlarmManager: setLocked to kernel - T:3 / 20260317T125100, SetElapsed=775268477, nowELAPSED=775268480
03-17 12:51:00.006  1396  1396 D KeyguardUpdateMonitor: received broadcast android.intent.action.TIME_TICK
03-17 12:51:00.006  1396  1396 D KeyguardUpdateMonitor: handleTimeUpdate
03-17 12:51:00.007  1396  1396 D FaceWidgetPagesController: onTimeChanged()
03-17 12:51:00.011  1396  1396 D QSClockBellTower: He is ready to ring the bell. (((timeText:12:51, skipUpdateForDemo:false, dateText:3月17日, 週二, shortenDateText = 3月17日 週二)))
03-17 12:51:00.012  1396  1396 D QSClock : status_bar_clock notifyTimeChanged(currentTime:12:51) mClockVisibleByPolicy:true, mClockVisibleByUser:true, visible?true, parent:android.widget.LinearLayout{c3e9a49 V.E...... ......ID 0,0-97,63 #7f0a0395 app:id/left_clock_container}
03-17 12:51:00.013  1396  1396 D QSClockBellTower: Everyone heard the bell. run(currentTime:1773723060007,   getTime():Tue Mar 17 12:51:00 GMT+08:00 2026,   getTimeZone():libcore.util.ZoneInfo[id="Asia/Taipei",mRawOffset=28800000,mEarliestRawOffset=28800000,mUseDst=false,mDstSavings=0,transitions=40])
03-17 12:51:00.021  1043  1213 I SamsungAlarmManager: setLocked to kernel - T:2 / 20260317T125645, SetElapsed=775614214, nowELAPSED=775268497
03-17 12:51:00.021  1043  1213 I SamsungAlarmManager: setLocked to kernel - T:3 / 20260317T125100, SetElapsed=775268477, nowELAPSED=775268497
03-17 12:51:00.021  1043  1213 D SamsungAlarmManager: Expired : 8
03-17 12:51:00.022  1043  1213 V SamsungAlarmManager: Sending to uid : 10152 action=com.samsung.action.EVERY_MINUTE_CLOCK_UPDATE alarm=Alarm{ba5aa4 type 1 when 1773723060000 com.sec.android.app.launcher}
03-17 12:51:00.025  1043  1213 I SamsungAlarmManager: setLocked to kernel - T:2 / 20260317T125645, SetElapsed=775614214, nowELAPSED=775268502
03-17 12:51:00.025  1043  1213 I SamsungAlarmManager: setLocked to kernel - T:3 / 20260317T125116, SetElapsed=775284634, nowELAPSED=775268502
03-17 12:51:00.030  1396  1396 D QSContainerImpl: getDisplayHeight portrait? true  displayHeight= 2220
03-17 12:51:00.035  1948  1948 I LiveIconUpdateEventHandler: onReceive: com.samsung.action.EVERY_MINUTE_CLOCK_UPDATE
03-17 12:51:00.035  1948  1948 D LiveIconUpdateEventHandler: updateClockLiveIcon
03-17 12:51:00.038  1948  1948 D LiveIconUpdateEventHandler: cancelMinuteChangeAlarm
03-17 12:51:00.039  1043  2888 D SamsungAlarmManager: Cancel Alarm calling from uid:10152 pid :1948 / op:PendingIntent{e99ebc2: PendingIntentRecord{690b1b4 com.sec.android.app.launcher broadcastIntent}}
03-17 12:51:00.041  1948  1948 D LiveIconUpdateEventHandler: setMinuteChangeAlarm
03-17 12:51:00.051  1043  2888 D SamsungAlarmManager: setInexact Intent (T:1/F:0/AC:false) 20260317T125200 - CU:10152/CP:1948
03-17 12:51:00.051  1043  2888 I SamsungAlarmManager: setLocked to kernel - T:2 / 20260317T125645, SetElapsed=775614214, nowELAPSED=775268528
03-17 12:51:00.052  1043  2888 I SamsungAlarmManager: setLocked to kernel - T:3 / 20260317T125116, SetElapsed=775284634, nowELAPSED=775268528
03-17 12:51:00.997  1043  1267 D TelephonyManager: getAllCellInfo : Caller (PID / UID / TID): 1043 / 1000 / 1267
03-17 12:51:01.192  2430  2430 I io_stats: !@   8,0 r 2421644 123766572 w 2125452 110001380 d 153464 193299056 f 491200 502413 iot 2334908 1856847 th 102400 0 0 pt 0 inp 0 0 545855.588
03-17 12:51:01.338 20656 20656 D BoundBrokerSvc: onUnbind: Intent { act=com.google.android.gms.common.BIND_SHARED_PREFS pkg=com.google.android.gms }
03-17 12:51:01.408 28895 28895 D AndroidRuntime: >>>>>> START com.android.internal.os.RuntimeInit uid 2000 <<<<<<
03-17 12:51:01.411 28895 28895 I AndroidRuntime: Using default boot image
03-17 12:51:01.411 28895 28895 I AndroidRuntime: Leaving lock profiling enabled
03-17 12:51:01.412 28895 28895 D SecNativeFeatureCppIf: encoded
03-17 12:51:01.412 28895 28895 D SecNativeFeatureCppIf: decoding and unzip finish
03-17 12:51:01.412 28895 28895 D SecNativeFeatureCppIf: use unCompDataBuff. encoded
03-17 12:51:01.412 28895 28895 D SecNativeFeatureCppIf: Free unCompDataBuff
03-17 12:51:01.412 28895 28895 D SecNativeFeatureCppIf: encoded
03-17 12:51:01.412 28895 28895 D SecNativeFeatureCppIf: decoding and unzip finish
03-17 12:51:01.412 28895 28895 D SecNativeFeatureCppIf: use unCompDataBuff. encoded
03-17 12:51:01.412 28895 28895 D SecNativeFeatureCppIf: Free unCompDataBuff
03-17 12:51:01.412 28895 28895 D SecNativeFeatureCppIf: encoded
03-17 12:51:01.412 28895 28895 D SecNativeFeatureCppIf: decoding and unzip finish
03-17 12:51:01.412 28895 28895 D SecNativeFeatureCppIf: use unCompDataBuff. encoded
03-17 12:51:01.412 28895 28895 D SecNativeFeatureCppIf: Free unCompDataBuff
03-17 12:51:01.412 28895 28895 D SecNativeFeatureCppIf: encoded
03-17 12:51:01.412 28895 28895 D SecNativeFeatureCppIf: decoding and unzip finish
03-17 12:51:01.412 28895 28895 D SecNativeFeatureCppIf: use unCompDataBuff. encoded
03-17 12:51:01.412 28895 28895 D SecNativeFeatureCppIf: Free unCompDataBuff
03-17 12:51:01.412 28895 28895 D AndroidRuntime: addProductProperty
03-17 12:51:01.412 28895 28895 D AndroidRuntime: addProductProperty: pBrand1 != NULL
03-17 12:51:01.412 28895 28895 D AndroidRuntime: addProductProperty: else
03-17 12:51:01.481 28895 28895 D ICU     : Time zone APEX file found: /apex/com.android.tzdata/etc/icu/icu_tzdata.dat
03-17 12:51:01.489 28895 28895 I app_process: The ClassLoaderContext is a special shared library.
03-17 12:51:01.494 28895 28895 I app_process: The ClassLoaderContext is a special shared library.
03-17 12:51:01.511 28895 28895 W app_process: JNI RegisterNativeMethods: attempt to register 0 native methods for android.media.AudioAttributes
03-17 12:51:01.512 28895 28895 E SemAffinityControl: SemAffinityControl: registerfunction enter
03-17 12:51:01.516 28895 28895 D AndroidRuntime: Calling main entry com.android.commands.uiautomator.Launcher
03-17 12:51:01.524   513   579 I SurfaceFlinger: id=5552 createSurf (0x0),-1 flag=80004, WindowToken{4fcc67d android.os.Binder@4bbb4d4}#0
03-17 12:51:01.526  1043  2888 D SettingsProvider: isChangeAllowed() : name = accessibility_enabled
03-17 12:51:01.526  1043  2888 I GenerationRegistry: mBackingStore.isClosed() : false
03-17 12:51:01.526  1043  2888 I AccessibilityManagerService: semIsAccessibilityServiceEnabled()
03-17 12:51:01.526  1043  2888 I AccessibilityManagerService: accesibilityService is null
03-17 12:51:01.528  1043  1043 V SettingsProvider: Notifying for 0: content://settings/secure/accessibility_enabled
03-17 12:51:01.528  1043  1066 D PhoneWindowManagerExtension: settings changed : new doubleTapLaunchBehavior=3 old doubleTapLaunchBehavior=3
03-17 12:51:01.528  1043  1066 D PhoneWindowManagerExtension: settings changed : mLcdCurtainEnabled=false
03-17 12:51:01.528  1043  1066 D PhoneWindowManagerExtension: settings changed : safetyAssuranceEnabled=false
03-17 12:51:01.529  1043  1066 W Settings: Setting display_cutout_hide_notch has moved from android.provider.Settings.Secure to android.provider.Settings.Global.
03-17 12:51:01.529  1043  1066 W Settings: Setting default_display_cutout_hide_notch has moved from android.provider.Settings.Secure to android.provider.Settings.Global.
03-17 12:51:01.529  2645 28263 I .gms.persisten: Explicit concurrent copying GC freed 92540(5066KB) AllocSpace objects, 10(264KB) LOS objects, 49% free, 13MB/26MB, paused 202us total 221.283ms
03-17 12:51:01.535  1043  1043 D BatterySaverPolicy: [api] refreshSettings: deviceSpecificSetting:  ((overlay)) adaptiveSetting: null (null)
03-17 12:51:01.535  1043  1350 D SettingsProvider: isChangeAllowed() : name = accessibility_enabled
03-17 12:51:01.535  1043  1350 I AccessibilityManagerService: semIsAccessibilityServiceEnabled()
03-17 12:51:01.535  1043  1350 I AccessibilityManagerService: accesibilityService is null
03-17 12:51:01.537  1043  1043 I AccessibilityManagerService: semIsAccessibilityServiceEnabled()
03-17 12:51:01.537  1043  1043 I AccessibilityManagerService: accesibilityService is null
03-17 12:51:01.537  1043  1043 I AccessibilityManagerService: semIsAccessibilityServiceEnabled()
03-17 12:51:01.537  1043  1043 I AccessibilityManagerService: accesibilityService is null
03-17 12:51:01.538  1043  1043 D AS.AudioService: Accessibility volume enabled = false
03-17 12:51:01.550  1396  1396 V NavBarStoreImpl: ------handleEvent [EventType] ON_UPDATE_REMOTEVIEW [Module] SecNavigationBarView  KEYS_RIGHT_REMOTEVIEW_CONTAINER=android.widget.LinearLayout{6551055 I.E...... ......I. 962,0-1080,126 #7f0a0549 app:id/right_remoteview}  KEYS_LEFT_REMOTEVIEW_CONTAINER=android.widget.LinearLayout{3f00a6a I.E...... ......I. 0,0-118,126 #7f0a0398 app:id/left_remoteview}  KEYS_CONTEXTUALBUTTON_VISIBLE=false  KEYS_NAVBAR_DARK_INTENSITY=0.0
03-17 12:51:01.550  1396  1396 V NavBarStoreImpl: --------[Band]REMOTE_VIEW_PACK_SET_REMOTEVIEW_CONTAINER
03-17 12:51:01.550  1396  1396 V NavBarStoreImpl: ----------apply(UPDATE_NAVBAR_REMOTEVIEW_CONTAINER)
03-17 12:51:01.550  1396  1396 V NavBarStoreImpl: ----------apply(UPDATE_NAVBAR_RIGHT_REMOTEVIEW_VISIBILITY)
03-17 12:51:01.550  1396  1396 V NavBarStoreImpl: ----------isEnabled(NAVBAR_REMOTEVIEW_DARKINTENSITY_CHANGED)=false
03-17 12:51:01.563  1396  1396 V NavBarStoreImpl: handleEvent [EventType] GET_BOOL_NAVBAR_CAN_MOVE_STATE [Module] SecNavigationBarView
03-17 12:51:01.563  1396  1396 V NavBarStoreImpl: --[Band]GESTURE_PACK_GET_BOOL_NAVBAR_CAN_MOVE_NAVBARVIEW
03-17 12:51:01.563  1396  1396 V NavBarStoreImpl: ----apply(SET_CURRENT_NAVBAR_CAN_MOVE)
03-17 12:51:01.563  1396  1396 V NavBarStoreImpl: getResult(GET_BOOL_NAVBAR_CAN_MOVE_STATE)=true
03-17 12:51:01.765 28454 28478 I Finsky:background: [57290] Stats for Executor: bgExecutor vch@8b1e81a[Running, pool size = 4, active threads = 0, queued tasks = 0, completed tasks = 18]
03-17 12:51:01.803 28454 28478 I Finsky:background: [57290] Stats for Executor: LightweightExecutor vch@693ef4b[Running, pool size = 4, active threads = 0, queued tasks = 0, completed tasks = 9]
03-17 12:51:02.026 28454 28478 I Finsky:background: [57290] Stats for Executor: BlockingExecutor vch@ee7ed28[Running, pool size = 1, active threads = 0, queued tasks = 0, completed tasks = 5]
03-17 12:51:02.586  2858  3450 D SDHMS:com.sec.android.sdhms.thermal.siop.B: SIOP:: AP:220(322,100) BAT:308(308,0) CHG:317(317,0) USB:304(304,0) WIFI:246(299,50) PA:254(304,50) LRF:-888(-888) LRB:-888(-888) 
03-17 12:51:02.666 28895 28895 D SemCscFeature: Encoded
03-17 12:51:02.670 28895 28895 I chatty  : uid=2000(shell) identical 2 lines
03-17 12:51:02.672 28895 28895 D SemCscFeature: Encoded
03-17 12:51:02.681 28895 28895 W AccessibilityNodeInfoDumper: Fetch time: 3ms
03-17 12:51:02.684  1043  1886 W WindowManager: removeWindowToken: Attempted to remove non-existing token: android.os.Binder@4bbb4d4
03-17 12:51:02.685  1043  1886 D SettingsProvider: isChangeAllowed() : name = accessibility_enabled
03-17 12:51:02.686  1043  1886 I GenerationRegistry: mBackingStore.isClosed() : false
03-17 12:51:02.686  1043  1886 I AccessibilityManagerService: semIsAccessibilityServiceEnabled()
03-17 12:51:02.686  1043  1886 I AccessibilityManagerService: accesibilityService is null
03-17 12:51:02.687  1043  1886 D SettingsProvider: isChangeAllowed() : name = accelerometer_rotation
03-17 12:51:02.687  1043  1043 V SettingsProvider: Notifying for 0: content://settings/secure/accessibility_enabled
03-17 12:51:02.694  1043  1886 D SettingsProvider: isChangeAllowed() : name = user_rotation
03-17 12:51:02.697  1043  1886 V WindowManager: rotationForOrientation(orient=-1, last=0); user=0 
03-17 12:51:02.697  1043  1886 V WindowOrientationListener: getProposedRotation: -1
03-17 12:51:02.699  1043  1886 V WindowManager: Computed rotation=0 for display id=0 based on lastOrientation=-1 and oldRotation=0, caller=com.android.server.wm.DisplayContent.updateRotationUnchecked:1578 com.android.server.wm.WindowManagerService.updateRotationUnchecked:4312 com.android.server.wm.WindowManagerService.thawDisplayRotation:4264 com.android.server.wm.WindowManagerService.thawRotation:4227 android.view.IWindowManager$Stub.onTransact:2145 com.android.server.wm.WindowManagerService.onTransact:1392 
03-17 12:51:02.702  1043  1066 D PhoneWindowManagerExtension: settings changed : new doubleTapLaunchBehavior=3 old doubleTapLaunchBehavior=3
03-17 12:51:02.704   513   579 I Layer   : id=5552 removeFromCurrentState WindowToken{4fcc67d android.os.Binder@4bbb4d4}#0 (80)
03-17 12:51:02.712   513   579 I SurfaceFlinger: id=5552 Removed WindowToken{4fcc67d android.os.Binder@4bbb4d4}#0 (80)
03-17 12:51:02.716   513   513 I Layer   : id=5552[1] Destroyed WindowToken{4fcc67d android.os.Binder@4bbb4d4}#0
03-17 12:51:02.721  1043  1066 D PhoneWindowManagerExtension: settings changed : mLcdCurtainEnabled=false
03-17 12:51:02.722  1043  1066 D PhoneWindowManagerExtension: settings changed : safetyAssuranceEnabled=false
03-17 12:51:02.726  1043  1066 W Settings: Setting display_cutout_hide_notch has moved from android.provider.Settings.Secure to android.provider.Settings.Global.
03-17 12:51:02.728  1043  1066 W Settings: Setting default_display_cutout_hide_notch has moved from android.provider.Settings.Secure to android.provider.Settings.Global.
03-17 12:51:02.731  1043  1043 D BatterySaverPolicy: [api] refreshSettings: deviceSpecificSetting:  ((overlay)) adaptiveSetting: null (null)
03-17 12:51:02.752 28895 28895 D AndroidRuntime: Shutting down VM
03-17 12:51:03.436   773  1255 I netd    : firewallSetUidRule(2, 10118, 2) <23.46ms>
03-17 12:51:04.155   513   513 I SurfaceFlinger: SFWD update time=545858552997917
03-17 12:51:04.191  1043  1329 I WifiEleStateTracker: CheckEleEnvironment BD : 12 12 12 12 12 11 MD : -108 -108 -108 -108 -108 -108 WD : -31 -30 -31 -30 -30 -30 GC : false false false false false false SC : false false false false false false SH : false false false false false false TB : false false false false false false
03-17 12:51:04.205  1043  1267 D TelephonyManager: getAllCellInfo : Caller (PID / UID / TID): 1043 / 1000 / 1267
03-17 12:51:04.213  1396  1396 D SecStatusBarWifiView: updateState: WifiIconState(resId=2131232734, visible=true, activityId=2131232740)
03-17 12:51:04.215  1396  1845 D Tile.WifiTile: handleUpdateState isTransient=false transientEnabling =false cb.isTransient=false state.state = 2 mStateBeforeClick.value =false enabled =true
03-17 12:51:06.197  2430  2430 I io_stats: !@   8,0 r 2421698 123770420 w 2125464 110001604 d 153465 193299108 f 491202 502415 iot 2334944 1856870 th 102400 0 0 pt 0 inp 0 0 545860.593
03-17 12:51:06.270  1043  1330 D WifiConnectivityMonitor.NetworkStatsAnalyzer: Backhaul result - RSSI:-30, CE:3, PE:3, TI:8, PTI:8, TW:0, PTW:0, Tx:1, Rx:4, TxS:0, RxS:0, RESULT:true, IC:1, ICT:5, WC:4, WCT:5, R:0, RC:0, IE:0, EC:0
03-17 12:51:07.315  1043  1267 D TelephonyManager: getAllCellInfo : Caller (PID / UID / TID): 1043 / 1000 / 1267
03-17 12:51:07.323  1396  1396 D SecStatusBarWifiView: updateState: WifiIconState(resId=2131232734, visible=true, activityId=2131232739)
03-17 12:51:07.325  1396  1845 D Tile.WifiTile: handleUpdateState isTransient=false transientEnabling =false cb.isTransient=false state.state = 2 mStateBeforeClick.value =false enabled =true
03-17 12:51:08.759  1043  1418 V MdnieScenarioControlService: burn_in_prevention_mode() mBrightnessAllAppServerState : true , enabled : true, mBurnInDisableAppEnabled : false , mAutoBrightnessMode : false, mHighBrightnessModeEnabled : false , mBurnInPreventionACL : false , platform_brightness_value : 204 , BURN_IN_PREVENTION_SUPPORT_VALUE : 143 , mBurnInPreventionEnabled : false , mGameAppLauncher : false
03-17 12:51:08.759  1043  1418 V MdnieScenarioControlService: Disabled Burn-In Prevention Mode
03-17 12:51:08.760  1043  1418 D SemDisplaySolutionManagerService: uid : 1000 , pid : 1043 , name : burnin_prevention_off
03-17 12:51:08.761  1043  1418 D SemDisplaySolutionManagerService: where : application what : DEFAULT setScreenBrightnessScaleFactor(1.0) , mBrightnessCompensation : 1.0 , PMS value : 1.0
03-17 12:51:08.761  1043  1418 D PowerManagerService: [api] setScreenBrightnessScaleFactor: scaleFactor: 1.0 (uid: 1000 pid: 1043)
03-17 12:51:08.761  1043  1418 D SemDisplaySolutionManagerService: Normal Mode setMultipleScreenBrightness , application, DEFAULT, 1.0
03-17 12:51:09.130 28454 28675 I PlayCommon: [57331] Preparing logs for uploading
03-17 12:51:09.158 28454 28675 I PlayCommon: [57331] Connecting to server for timestamp: https://play.googleapis.com/play/log/timestamp
03-17 12:51:09.161   513   513 I SurfaceFlinger: SFWD update time=545863559209721
03-17 12:51:09.185 28454 28675 D NetworkSecurityConfig: No Network Security Config specified, using platform default
03-17 12:51:09.188 28454 28675 I System.out: (HTTPLog)-Static: isSBSettingEnabled false
03-17 12:51:09.188 28454 28675 I System.out: (HTTPLog)-Static: isSBSettingEnabled false
03-17 12:51:09.191   773   859 D EnterpriseController: netId is 0
03-17 12:51:09.191   773   859 E Netd    : getNetworkForDns: getNetId from enterpriseCtrl is netid 0
03-17 12:51:09.191   773   859 D DnsProxyListener: DNSDBG::dns addrinfo af 0 - 10109
03-17 12:51:09.222 28454 28675 D TcpOptimizer: TcpOptimizer-ON
03-17 12:51:09.260 28454 28675 D libmdf  : libmdf v2.9.0.0 On 64bit PLATFORM
03-17 12:51:09.511 28454 28675 I PlayCommon: [57331] Connecting to server: https://play.googleapis.com/play/log?format=raw&proto_v2=true
03-17 12:51:09.512 28454 28675 I System.out: (HTTPLog)-Static: isSBSettingEnabled false
03-17 12:51:09.513 28454 28675 I System.out: (HTTPLog)-Static: isSBSettingEnabled false
03-17 12:51:09.559 28454 28675 I PlayCommon: [57331] Successfully uploaded logs.
03-17 12:51:09.993  1043 28647 D BatteryService: Sending ACTION_BATTERY_CHANGED. scale:100, info:{.chargerAcOnline = false, .chargerUsbOnline = true, .chargerWirelessOnline = false, .maxChargingCurrent = 0, .maxChargingVoltage = 0, .batteryStatus = FULL, .batteryHealth = GOOD, .batteryPresent = true, .batteryLevel = 100, .batteryVoltage = 4276, .batteryTemperature = 308, .batteryCurrent = 0, .batteryCycleCount = 0, .batteryFullCharge = 4000000, .batteryChargeCounter = 3753000, .batteryTechnology = Li-ion}
03-17 12:51:09.993  1043 28647 D BatteryService: online:5, current avg:145, charge type:0, POGO powered:false, power sharing:false, high voltage charger:false, charger_type:0, capacity:280000, misc_event:131072, current_event:32768, current_now:165
03-17 12:51:09.997  1043  1043 I MotionRecognitionService: Plugged
03-17 12:51:09.997  1043  1043 D MotionRecognitionService:   mCableConnection= 1
03-17 12:51:09.997  1043  1043 D MotionRecognitionService: set cable connected : mGripEnabled = false
03-17 12:51:09.999  1043  1043 D UsbDeviceManager: received ACTION_BATTERY_CHANGED
03-17 12:51:10.000  1043  1065 D UsbDeviceManager: handleMessage -> MSG_UPDATE_CHARGING_STATE: mUsbCharging=true
03-17 12:51:10.001  1043  1545 D SLocation: SGeofenceManager - sgfm received : android.intent.action.BATTERY_CHANGED
03-17 12:51:10.002  1396  1396 D KeyguardUpdateMonitor: received broadcast android.intent.action.BATTERY_CHANGED
03-17 12:51:10.003  1396  1396 D KeyguardUpdateMonitor: handleBatteryUpdate
03-17 12:51:10.007  1378  1378 D BigDataInfoController: Intent : android.intent.action.BATTERY_CHANGED
03-17 12:51:10.008  1378  1378 D BigDataInfoController: Intent : android.intent.action.BATTERY_CHANGED
03-17 12:51:10.016  1728  2166 I EPDG -- SIM0 [EpdgSubScription]: android.intent.action.BATTERY_CHANGED intent received.
03-17 12:51:10.031  1396  1396 D QSContainerImpl: getDisplayHeight portrait? true  displayHeight= 2220
03-17 12:51:10.052  1396  1396 D PowerUI : priorPlugType = 2 mPlugType = 2 priorBatteryStatus = 5 mBatteryStatus = 5
03-17 12:51:10.052  1396  1396 D PowerUI : Battery swelling mode - priorBatterySwellingMode = 0 mBatterySwellingMode = 0 mBatteryStatus = 5
03-17 12:51:10.052  1396  1396 I PowerUI : misc_event = 131072
03-17 12:51:10.058  1043  1071 E Watchdog: !@Sync: 18185 heap: 77 / 80 [2026-03-17 12:51:10.058] sdogWay: softdog
03-17 12:51:10.416  1043  1267 D TelephonyManager: getAllCellInfo : Caller (PID / UID / TID): 1043 / 1000 / 1267
03-17 12:51:10.423  1396  1396 D SecStatusBarWifiView: updateState: WifiIconState(resId=2131232734, visible=true, activityId=2131232740)
03-17 12:51:10.426  1396  1845 D Tile.WifiTile: handleUpdateState isTransient=false transientEnabling =false cb.isTransient=false state.state = 2 mStateBeforeClick.value =false enabled =true
03-17 12:51:10.710  2246  3170 D ContactsProvider_EventLog: contents_sample_state: [CONTACT contacts(2) data(8) accounts({vnd.sec.contact.sim (2)=4}) accounts deleted({}) in_trash(in_trash(0), in_trash_for_sync(0)) calls([]) countryIso(TW) userId(0)  ]

03-17 12:51:10.710  2246  3170 D ContactsProvider_EventLog: contents_sample_state: [ agr({[2 ,2]=2})  ]

03-17 12:51:10.710  2246  3170 D ContactsProvider_EventLog: contents_sample_state: [ actCnt({android.process.acore(2246)=1})  ]

03-17 12:51:10.710  2246  3170 D ContactsProvider_EventLog: contents_sample_state: [PROFILE contacts(0) data(0) accounts({})  ] [SAPROFILE contacts(0) data(0) accounts({})  ]

03-17 12:51:10.710  2246  3170 D ContactsProvider_EventLog: contents_sample_state: [STORAGE Contacts(CE) Profile(CE) SAProfile(CE) CallLog(CE)  ]
03-17 12:51:11.201  2430  2430 I io_stats: !@   8,0 r 2421699 123770424 w 2125525 110002628 d 153476 193299280 f 491227 502440 iot 2335000 1856927 th 102400 0 0 pt 0 inp 0 0 545865.597
03-17 12:51:11.519  1043  1329 I WifiEleStateTracker: CheckEleEnvironment BD : 13 12 12 12 12 12 MD : -108 -108 -108 -108 -108 -108 WD : -30 -30 -31 -31 -30 -34 GC : false false false false false false SC : false false false false false false SH : false false false false false false TB : false false false false false false
03-17 12:51:12.623  2858  3450 D SDHMS:com.sec.android.sdhms.thermal.siop.B: SIOP:: AP:219(319,100) BAT:308(308,0) CHG:317(317,0) USB:304(304,0) WIFI:246(301,50) PA:254(305,50) LRF:-888(-888) LRB:-888(-888) 
03-17 12:51:13.520  1043  1267 D TelephonyManager: getAllCellInfo : Caller (PID / UID / TID): 1043 / 1000 / 1267
03-17 12:51:14.166   513   513 I SurfaceFlinger: SFWD update time=545868563950217
03-17 12:51:16.157  1043  1213 D SamsungAlarmManager: Expired : 8
03-17 12:51:16.158  1043  1213 V SamsungAlarmManager: Sending to uid : 1000 listener=android.app.AlarmManager$ListenerWrapper@92845e7 alarm=Alarm{31c5594 type 3 when 775284634 android}
03-17 12:51:16.160  1043  1545 D SLocation: SPManager - SP is not support Q OS upgrade model!
03-17 12:51:16.163  1043  1213 I SamsungAlarmManager: setLocked to kernel - T:2 / 20260317T125645, SetElapsed=775614214, nowELAPSED=775284639
03-17 12:51:16.165  1043  1213 I SamsungAlarmManager: setLocked to kernel - T:3 / 20260317T125200, SetElapsed=775328477, nowELAPSED=775284641
03-17 12:51:16.166  1043  1545 D SamsungAlarmManager: setExact Listener (T:3/F:9/AC:false) 20260317T125216 - CU:1000/CP:1043
03-17 12:51:16.166  1043  1545 I SamsungAlarmManager: setLocked to kernel - T:2 / 20260317T125645, SetElapsed=775614214, nowELAPSED=775284643
03-17 12:51:16.166  1043  1545 I SamsungAlarmManager: setLocked to kernel - T:3 / 20260317T125200, SetElapsed=775328477, nowELAPSED=775284643
03-17 12:51:16.206  2430  2430 I io_stats: !@   8,0 r 2421699 123770424 w 2125559 110002772 d 153476 193299280 f 491227 502440 iot 2335004 1856928 th 102400 0 0 pt 0 inp 0 0 545870.602
03-17 12:51:16.279  1043  1330 D WifiConnectivityMonitor.NetworkStatsAnalyzer: Backhaul result - RSSI:-31, CE:3, PE:3, TI:8, PTI:8, TW:0, PTW:0, Tx:23, Rx:27, TxS:20, RxS:19, RESULT:true, IC:1, ICT:5, WC:5, WCT:5, R:0, RC:0, IE:0, EC:0
03-17 12:51:16.639  1043  1267 D TelephonyManager: getAllCellInfo : Caller (PID / UID / TID): 1043 / 1000 / 1267
03-17 12:51:16.646  1396  1396 D SecStatusBarWifiView: updateState: WifiIconState(resId=2131232734, visible=true, activityId=2131232755)
03-17 12:51:16.648  1396  1845 D Tile.WifiTile: handleUpdateState isTransient=false transientEnabling =false cb.isTransient=false state.state = 2 mStateBeforeClick.value =false enabled =true
03-17 12:51:17.231  1043 28944 D WifiConnectivityMonitor.DnsPingerHandler: setCurrentLinkProperties: lp={InterfaceName: wlan0 LinkAddresses: [ fe80::64be:eeff:fe9a:fd76/64,192.168.1.139/24,2001:b011:9:559f:64be:eeff:fe9a:fd76/64,2001:b011:9:559f:849b:7d54:124b:133a/64,2001:b011:9:559f:6d68:923a:f986:a233/64,2001:b011:9:559f:a086:fed1:3070:8746/64 ] DnsAddresses: [ /2001:b000:168::1,/2001:b000:168::2,/192.168.1.1 ] Domains: null MTU: 0 TcpBufferSizes: 524288,1048576,4194304,524288,1048576,4194304 Routes: [ fe80::/64 -> :: wlan0,2001:b011:9:559f::/64 -> fe80::fe12:63ff:fe17:d710 wlan0,2001:b011:9:559f::/64 -> :: wlan0,::/0 -> fe80::fe12:63ff:fe17:d710 wlan0,192.168.1.0/24 -> 0.0.0.0 wlan0,0.0.0.0/0 -> 192.168.1.1 wlan0 ]}
03-17 12:51:17.555  1043 28946 D WifiConnectivityMonitor.DnsThread:  [|216] [] []
03-17 12:51:17.559  1043  1330 D WifiConnectivityMonitor: DNS resultType : 0, responseTime : 216
03-17 12:51:17.643  1043  1329 D WifiConnectivityMonitor: updateBssidLatestDnsResultType - result: 0
03-17 12:51:18.837  3387  3408 D [AirCmd]_BleSpenBleDriver: GattCallback : onCharacteristicChanged : 68:A8:E1:66:B2:F6 / UUID_BATTERY_LEVEL, PERM=0, RAWDATA : [100 0]DESC_CNT=2 [ DESC : UUID_CHARACTERISTIC_CONFIG, [1 0]] [ DESC : UNKNOWN_UUID, [nodata]] 
03-17 12:51:18.837  1043  1329 I WifiEleStateTracker: CheckEleEnvironment BD : 12 12 12 12 12 11 MD : -108 -108 -108 -108 -108 -108 WD : -33 -31 -31 -31 -31 -31 GC : false false false false false false SC : false false false false false false SH : false false false false false false TB : false false false false false false
03-17 12:51:18.840  3387  3408 I [AirCmd]_BleSpenGenericDriver: onCharacteristicChanged : Battery:100
03-17 12:51:18.840  3387  3387 D [AirCmd]_RemoteSpenMainController: updateNotification : curConnState=CONNECTED, implicit=false / START_AUTO_CONNECTION
03-17 12:51:18.844  3387  3387 D [AirCmd]_IndicatorController: hideIcon
03-17 12:51:19.164   513   513 I SurfaceFlinger: SFWD update time=545873561860367
03-17 12:51:19.746  1043  1267 D TelephonyManager: getAllCellInfo : Caller (PID / UID / TID): 1043 / 1000 / 1267
03-17 12:51:19.753  1396  1396 D SecStatusBarWifiView: updateState: WifiIconState(resId=2131232734, visible=true, activityId=2131232740)
03-17 12:51:19.755  1396  1845 D Tile.WifiTile: handleUpdateState isTransient=false transientEnabling =false cb.isTransient=false state.state = 2 mStateBeforeClick.value =false enabled =true
03-17 12:51:21.211  2430  2430 I io_stats: !@   8,0 r 2421699 123770424 w 2125565 110002856 d 153479 193299292 f 491228 502441 iot 2335008 1856932 th 102400 0 0 pt 0 inp 0 0 545875.607
03-17 12:51:22.692  2858  3450 D SDHMS:com.sec.android.sdhms.thermal.siop.B: SIOP:: AP:220(317,100) BAT:308(308,0) CHG:316(316,0) USB:305(305,0) WIFI:247(300,50) PA:255(304,50) LRF:-888(-888) LRB:-888(-888) 
03-17 12:51:22.856  1043  1267 D TelephonyManager: getAllCellInfo : Caller (PID / UID / TID): 1043 / 1000 / 1267
03-17 12:51:23.275  1043  1057 I system_server: Background concurrent copying GC freed 345331(21MB) AllocSpace objects, 189(4868KB) LOS objects, 30% free, 54MB/78MB, paused 107us total 291.343ms
03-17 12:51:24.158   513   513 I SurfaceFlinger: SFWD update time=545878555455287
03-17 12:51:25.981  1043  1267 D TelephonyManager: getAllCellInfo : Caller (PID / UID / TID): 1043 / 1000 / 1267
03-17 12:51:25.989  1396  1396 D SecStatusBarWifiView: updateState: WifiIconState(resId=2131232734, visible=true, activityId=2131232739)
03-17 12:51:25.992  1396  1845 D Tile.WifiTile: handleUpdateState isTransient=false transientEnabling =false cb.isTransient=false state.state = 2 mStateBeforeClick.value =false enabled =true
03-17 12:51:26.073  1043  1329 I WifiEleStateTracker: CheckEleEnvironment BD : 12 12 12 12 11 12 MD : -108 -108 -108 -108 -108 -108 WD : -30 -30 -31 -31 -31 -31 GC : false false false false false false SC : false false false false false false SH : false false false false false false TB : false false false false false false
03-17 12:51:26.215  2430  2430 I io_stats: !@   8,0 r 2421699 123770424 w 2125578 110002932 d 153479 193299292 f 491229 502442 iot 2335012 1856935 th 102400 0 0 pt 0 inp 0 0 545880.611
03-17 12:51:26.288  1043  1330 D WifiConnectivityMonitor.NetworkStatsAnalyzer: Backhaul result - RSSI:-32, CE:3, PE:3, TI:8, PTI:8, TW:0, PTW:0, Tx:3, Rx:10, TxS:0, RxS:0, RESULT:true, IC:1, ICT:5, WC:6, WCT:5, R:0, RC:0, IE:0, EC:0
03-17 12:51:27.963  3387  3408 D [AirCmd]_BleSpenBleDriver: GattCallback : onCharacteristicChanged : 68:A8:E1:66:B2:F6 / UUID_BATTERY_LEVEL, PERM=0, RAWDATA : [90 0]DESC_CNT=2 [ DESC : UUID_CHARACTERISTIC_CONFIG, [1 0]] [ DESC : UNKNOWN_UUID, [nodata]] 
03-17 12:51:27.966  3387  3408 I [AirCmd]_BleSpenGenericDriver: onCharacteristicChanged : Battery:90
03-17 12:51:27.966  3387  3408 D [AirCmd]_HqmManager: notifyBatteryLevelChanged : Battery level changed abnormally. before=100, after=90
03-17 12:51:27.968  3387  3387 D [AirCmd]_RemoteSpenMainController: updateNotification : curConnState=CONNECTED, implicit=false / START_AUTO_CONNECTION
03-17 12:51:27.973  3387  3387 D [AirCmd]_IndicatorController: hideIcon
03-17 12:51:28.085  3387  3408 D [AirCmd]_BleSpenBleDriver: GattCallback : onCharacteristicChanged : 68:A8:E1:66:B2:F6 / UUID_BATTERY_LEVEL, PERM=0, RAWDATA : [80 0]DESC_CNT=2 [ DESC : UUID_CHARACTERISTIC_CONFIG, [1 0]] [ DESC : UNKNOWN_UUID, [nodata]] 
03-17 12:51:28.088  3387  3408 I [AirCmd]_BleSpenGenericDriver: onCharacteristicChanged : Battery:80
03-17 12:51:28.088  3387  3408 D [AirCmd]_HqmManager: notifyBatteryLevelChanged : Battery level changed abnormally. before=90, after=80
03-17 12:51:28.089  3387  3387 D [AirCmd]_RemoteSpenMainController: updateNotification : curConnState=CONNECTED, implicit=false / START_AUTO_CONNECTION
03-17 12:51:28.092  3387  3387 D [AirCmd]_IndicatorController: hideIcon
03-17 12:51:29.115  1043  1267 D TelephonyManager: getAllCellInfo : Caller (PID / UID / TID): 1043 / 1000 / 1267
03-17 12:51:29.164   513   513 I SurfaceFlinger: SFWD update time=545883561913091
03-17 12:51:31.219  2430  2430 I io_stats: !@   8,0 r 2421699 123770424 w 2125585 110003016 d 153482 193342496 f 491230 502443 iot 2335024 1856945 th 102400 0 0 pt 0 inp 0 0 545885.615
03-17 12:51:31.243  1043  1285 D DeviceStorageMonitorService: check() STORAGE TOTAL > 64G
03-17 12:51:31.245  1043  1285 W DeviceStorageMonitorService: updateBroadcasts(/data) oldLevel:0, newLevel:0, seq:1
03-17 12:51:31.246  1043  1285 W DeviceStorageMonitorService: There is no file /sys/fs/f2fs/userdata/sec_fs_stat
03-17 12:51:31.246  1043  1285 W DeviceStorageMonitorService: updateBroadcasts_filenode(/data) fn_oldLevel:0, fn_newLevel:0, seq:1
03-17 12:51:32.278  1043  1267 D TelephonyManager: getAllCellInfo : Caller (PID / UID / TID): 1043 / 1000 / 1267
03-17 12:51:32.739  2858  3450 D SDHMS:com.sec.android.sdhms.thermal.siop.B: SIOP:: AP:220(317,100) BAT:308(308,0) CHG:316(316,0) USB:305(305,0) WIFI:247(299,50) PA:255(305,50) LRF:-888(-888) LRB:-888(-888) 
03-17 12:51:32.817  2858  2905 I c.android.sdhm: Background concurrent copying GC freed 68282(4612KB) AllocSpace objects, 218(4360KB) LOS objects, 50% free, 5921KB/11MB, paused 170us total 121.122ms
03-17 12:51:32.823  2858  2912 W System  : A resource failed to call close. 
03-17 12:51:32.826  2858  2912 I chatty  : uid=1000(system) FinalizerDaemon identical 2 lines
03-17 12:51:32.827  2858  2912 W System  : A resource failed to call close. 
03-17 12:51:33.419  1043  1329 I WifiEleStateTracker: CheckEleEnvironment BD : 12 12 10 13 12 12 MD : -108 -108 -108 -108 -108 -108 WD : -32 -31 -30 -30 -30 -30 GC : false false false false false false SC : false false false false false false SH : false false false false false false TB : false false false false false false
03-17 12:51:34.162   513   513 I SurfaceFlinger: SFWD update time=545888559576011
03-17 12:51:35.383  1043  1267 D TelephonyManager: getAllCellInfo : Caller (PID / UID / TID): 1043 / 1000 / 1267
03-17 12:51:36.224  2430  2430 I io_stats: !@   8,0 r 2421699 123770424 w 2125599 110003096 d 153482 193342496 f 491231 502444 iot 2335028 1856948 th 102400 0 0 pt 0 inp 0 0 545890.619
03-17 12:51:36.298  1043  1330 D WifiConnectivityMonitor.NetworkStatsAnalyzer: Backhaul result - RSSI:-30, CE:3, PE:3, TI:8, PTI:8, TW:0, PTW:0, Tx:0, Rx:5, TxS:0, RxS:0, RESULT:true, IC:1, ICT:5, WC:7, WCT:5, R:0, RC:0, IE:0, EC:0
03-17 12:51:38.488  1043  1267 D TelephonyManager: getAllCellInfo : Caller (PID / UID / TID): 1043 / 1000 / 1267
