03-17 12:52:00.200  1043  2955 W Binder  : java.lang.Throwable
03-17 12:52:00.200  1043  2955 W Binder  : 	at android.os.BinderProxy.transact(BinderProxy.java:494)
03-17 12:52:00.200  1043  2955 W Binder  : 	at android.app.IActivityController$Stub$Proxy.activityStarting(IActivityController.java:273)
03-17 12:52:00.200  1043  2955 W Binder  : 	at com.android.server.wm.ActivityStarter.startActivity(ActivityStarter.java:1017)
03-17 12:52:00.200  1043  2955 W Binder  : 	at com.android.server.wm.ActivityStarter.startActivity(ActivityStarter.java:735)
03-17 12:52:00.200  1043  2955 W Binder  : 	at com.android.server.wm.ActivityStarter.startActivityMayWait(ActivityStarter.java:2078)
03-17 12:52:00.200  1043  2955 W Binder  : 	at com.android.server.wm.ActivityStarter.execute(ActivityStarter.java:649)
03-17 12:52:00.200  1043  2955 W Binder  : 	at com.android.server.wm.ActivityTaskManagerService.startActivityAsUser(ActivityTaskManagerService.java:1717)
03-17 12:52:00.200  1043  2955 W Binder  : 	at com.android.server.wm.ActivityTaskManagerService.startActivityAsUser(ActivityTaskManagerService.java:1613)
03-17 12:52:00.200  1043  2955 W Binder  : 	at com.android.server.am.ActivityManagerService.startActivityAsUser(ActivityManagerService.java:4273)
03-17 12:52:00.200  1043  2955 W Binder  : 	at android.app.IActivityManager$Stub.onTransact(IActivityManager.java:4053)
03-17 12:52:00.200  1043  2955 W Binder  : 	at com.android.server.am.ActivityManagerService.onTransact(ActivityManagerService.java:3434)
03-17 12:52:00.200  1043  2955 W Binder  : 	at android.os.Binder.execTransactInternal(Binder.java:1056)
03-17 12:52:00.200  1043  2955 W Binder  : 	at android.os.Binder.execTransact(Binder.java:1029)
03-17 12:52:00.207  1043  2955 D CustomFrequencyManagerService: acquireDVFSLockLocked : type : DVFS_MIN_LIMIT  frequency : 1794000  uid : 1000  pid : 1043  pkgName : AMS_APP_SWITCH@CPU_MIN@60
03-17 12:52:00.208  1043  2955 D ActivityManagerPerformance: AMP_acquire() APP_SWITCH
03-17 12:52:00.208  1043  2955 D ActivityTaskManager: MultiTaskingTaskLaunchParamsModifier:task=null display-id=0 display-windowing-mode=1
03-17 12:52:00.208  1043  2955 D ActivityTaskManager: MultiTaskingTaskLaunchParamsModifier:task=null display-id=0 display-windowing-mode=1 non-freeform-display maximized-bounds
03-17 12:52:00.209   513   579 I SurfaceFlinger: id=5556 createSurf (0x0),-1 flag=80004, Stack=168#0
03-17 12:52:00.210   513   579 I SurfaceFlinger: id=5557 createSurf (0x0),-1 flag=20004, animation background stackId=168#0
03-17 12:52:00.211  1043  2955 D ActivityTaskManager: MultiTaskingTaskLaunchParamsModifier:tid=182 display-from-task=0 display-id=0 display-windowing-mode=1 non-freeform-display maximized-bounds
03-17 12:52:00.211   513   579 I SurfaceFlinger: id=5558 createSurf (0x0),-1 flag=80004, Task=182#0
03-17 12:52:00.211  1043  2955 D ActivityTaskManager: updateMinimizedState: unknown notifyReason=2
03-17 12:52:00.212   513   579 I SurfaceFlinger: id=5559 createSurf (0x0),-1 flag=80004, AppWindowToken{8be707d token=Token{131c6d4 ActivityRecord{dd3b427 u0 com.example.ai_flutter_agent_example/.MainActivity t182}}}#0
03-17 12:52:00.213  1043  2955 V WindowManager: Prepare app transition: transit=TRANSIT_TASK_OPEN mNextAppTransition=TRANSIT_UNSET alwaysKeepCurrent=false displayId=0 Callers=com.android.server.wm.DisplayContent.prepareAppTransition:6356 com.android.server.wm.DisplayContent.prepareAppTransition:6350 com.android.server.wm.ActivityStack.startActivityLocked:4001 com.android.server.wm.ActivityStarter.startActivityUnchecked:2928 com.android.server.wm.ActivityStarter.startActivity:2184 
03-17 12:52:00.216 29214 29214 I Monkey  : Events injected: 1
03-17 12:52:00.218  1043  1068 D GameSDK@LifeCycle: onFocusedStackChanged(): focusedStackInfo: Stack id=168 bounds=[0,0][1080,2220] displayId=0 userId=0
03-17 12:52:00.218  1043  1068 D GameSDK@LifeCycle:  configuration={1.1 456mcc6mnc [zh_TW_#Hant] ldltr sw411dp w411dp h773dp 420dpi nrml long hdr port night finger -keyb/v/h -nav/h winConfig={ mBounds=Rect(0, 0 - 1080, 2220) mAppBounds=Rect(0, 0 - 1080, 2094) mWindowingMode=fullscreen mDisplayWindowingMode=fullscreen mActivityType=standard mAlwaysOnTop=undefined mRotation=ROTATION_0} s.21 desktop/d ?dc bts=0 ff=0 bf=0 themeSeq=0}
03-17 12:52:00.218  1043  1068 D GameSDK@LifeCycle:   taskId=182: com.example.ai_flutter_agent_example/com.example.ai_flutter_agent_example.MainActivity bounds=[0,0][1080,2220] userId=0 visible=true topActivity=ComponentInfo{com.example.ai_flutter_agent_example/com.example.ai_flutter_agent_example.MainActivity}
03-17 12:52:00.219  1948  1948 D PageOverlayMover: updateActivityLifecycleState : 3
03-17 12:52:00.219  3963  5936 I PageOverlayServiceImpl: [FROM HOME] updateActivityLifecycleState : 3
03-17 12:52:00.220  1948  1948 D SPayUpdater: updateSpayHandler launcher activity is paused false
03-17 12:52:00.220  1043  1069 E system_server: Invalid ID 0x00000000.
03-17 12:52:00.220  1043  2943 D WindowManager: notifyMovementBoundsChanged: insetRect(42, 105 - 1038, 2052), normalRect(533, 1768 - 1038, 2052), animatingRect(533, 1768 - 1038, 2052), fromIme=false, fromShelftrue, rot=0
03-17 12:52:00.220  1043  2921 V WindowManager: Prepare app transition: transit=TRANSIT_TASK_OPEN mNextAppTransition=TRANSIT_TASK_OPEN alwaysKeepCurrent=false displayId=0 Callers=com.android.server.wm.DisplayContent.prepareAppTransition:6356 com.android.server.wm.DisplayContent.prepareAppTransition:6350 com.android.server.wm.ActivityStack.resumeTopActivityInnerLocked:3556 com.android.server.wm.ActivityStack.resumeTopActivityUncheckedLocked:3156 com.android.server.wm.RootActivityContainer.resumeFocusedStacksTopActivities:1246 
03-17 12:52:00.221  1043  2921 V WindowManager: rotationForOrientation(orient=-1, last=0); user=0 
03-17 12:52:00.221  1043  2921 V WindowOrientationListener: getProposedRotation: -1
03-17 12:52:00.221  1043  2921 V WindowManager: Computed rotation=0 for display id=0 based on lastOrientation=-1 and oldRotation=0, caller=com.android.server.wm.DisplayContent.updateOrientationFromAppTokens:1553 com.android.server.wm.DisplayContent.updateOrientationFromAppTokens:1507 com.android.server.wm.DisplayContent.onDescendantOrientationChanged:1448 com.android.server.wm.WindowContainer.onDescendantOrientationChanged:742 com.android.server.wm.WindowContainer.onDescendantOrientationChanged:742 com.android.server.wm.WindowContainer.onDescendantOrientationChanged:742 
03-17 12:52:00.221  1043  2921 D TspStateManagerInternal: updateDefaultValue customSetting=null
03-17 12:52:00.222  1043  1069 D PhoneWindow: forceLight changed to true [Splash Screen com.example.ai_flutter_agent_example] from com.android.internal.policy.PhoneWindow.updateForceLightNavigationBar:4274 com.android.internal.policy.DecorView.updateColorViews:1547 com.android.internal.policy.PhoneWindow.dispatchWindowAttributesChanged:3252 android.view.Window.setFlags:1153 com.android.internal.policy.PhoneWindow.generateLayout:2474 
03-17 12:52:00.222  1043  2955 D SettingsProvider: isChangeAllowed() : name = accelerometer_rotation
03-17 12:52:00.222  1043  2955 I GenerationRegistry: mBackingStore.isClosed() : false
03-17 12:52:00.222  1043  2955 D SettingsProvider: isChangeAllowed() : name = user_rotation
03-17 12:52:00.223  1043  2955 V WindowManager: rotationForOrientation(orient=-1, last=0); user=0 
03-17 12:52:00.223  1043  2955 V WindowOrientationListener: getProposedRotation: -1
03-17 12:52:00.223  1043  2955 V WindowManager: Computed rotation=0 for display id=0 based on lastOrientation=-1 and oldRotation=0, caller=com.android.server.wm.DisplayContent.updateRotationUnchecked:1578 com.android.server.wm.WindowManagerService.updateRotationUnchecked:4312 com.android.server.wm.WindowManagerService.freezeDisplayRotation:4222 com.android.server.wm.WindowManagerService.freezeRotation:4181 android.view.IWindowManager$Stub.onTransact:2138 com.android.server.wm.WindowManagerService.onTransact:1392 
03-17 12:52:00.224  1043  2921 D SettingsProvider: isChangeAllowed() : name = accelerometer_rotation
03-17 12:52:00.224  1043  2921 I GenerationRegistry: mBackingStore.isClosed() : false
03-17 12:52:00.224  1043  2921 D SettingsProvider: isChangeAllowed() : name = user_rotation
03-17 12:52:00.224  1043  2921 V WindowManager: rotationForOrientation(orient=-1, last=0); user=0 
03-17 12:52:00.224  1043  2921 V WindowOrientationListener: getProposedRotation: -1
03-17 12:52:00.224  1043  2921 V WindowManager: Computed rotation=0 for display id=0 based on lastOrientation=-1 and oldRotation=0, caller=com.android.server.wm.DisplayContent.updateRotationUnchecked:1578 com.android.server.wm.WindowManagerService.updateRotationUnchecked:4312 com.android.server.wm.WindowManagerService.thawDisplayRotation:4264 com.android.server.wm.WindowManagerService.thawRotation:4227 android.view.IWindowManager$Stub.onTransact:2145 com.android.server.wm.WindowManagerService.onTransact:1392 
03-17 12:52:00.226  1043  1069 D InputTransport: Input channel constructed: '261f15d', fd=712
03-17 12:52:00.226  1043  1069 D InputTransport: Input channel constructed: '261f15d', fd=713
03-17 12:52:00.227   513  2473 I SurfaceFlinger: id=5560 createSurf (0x0),-1 flag=80004, 261f15d Splash Screen com.example.ai_flutter_agent_example#0
03-17 12:52:00.228  1043  1069 I ViewRootImpl@dd97046[ai_flutter_agent_example]: setView = com.android.internal.policy.DecorView@9346791 TM=true MM=false
03-17 12:52:00.230  1043  2955 V WindowManager: Relayout Window{5b45bc5 u0 com.sec.android.app.launcher/com.sec.android.app.launcher.activities.LauncherActivity}: viewVisibility=0 req=1080x2220
03-17 12:52:00.231  1043  1069 V WindowManager: Relayout Window{261f15d u0 Splash Screen com.example.ai_flutter_agent_example}: viewVisibility=0 req=1080x2220
03-17 12:52:00.232  1043  2955 V WindowManager: Relayout 1948: mAttrs={(0,0)(fillxfill) sim={adjust=nothing} layoutInDisplayCutoutMode=always ty=BASE_APPLICATION fmt=TRANSPARENT wanim=0x10302f1
03-17 12:52:00.232  1043  2955 V WindowManager:   fl=81910100
03-17 12:52:00.232  1043  2955 V WindowManager:   pfl=20000
03-17 12:52:00.232  1043  2955 V WindowManager:   vsysui=700 dimAmount=0.14 dimDuration=157 naviIconColor=0}, display=0
03-17 12:52:00.232   513  2473 I SurfaceFlinger: id=5561 createSurf (1080x2220),1 flag=404, Splash Screen com.example.ai_flutter_agent_example#0
03-17 12:52:00.233  1043  1069 D WindowManager: makeSurface duration=1 name=Splash Screen com.example.ai_flutter_agent_example
03-17 12:52:00.233  1948  1948 I ViewRootImpl@323413b[LauncherActivity]: Relayout returned: old=(0,0,1080,2220) new=(0,0,1080,2220) req=(1080,2220)0 dur=6 res=0x1 s={true 508028088320} ch=false
03-17 12:52:00.233  1043  1069 V WindowManager: Changing focus from Window{5b45bc5 u0 com.sec.android.app.launcher/com.sec.android.app.launcher.activities.LauncherActivity} to null displayId=0 Callers=com.android.server.wm.RootWindowContainer.updateFocusedWindowLocked:204 com.android.server.wm.WindowManagerService.updateFocusedWindowLocked:6458 com.android.server.wm.WindowManagerService.relayoutWindow:2618 com.android.server.wm.Session.relayout:202 android.view.ViewRootImpl.relayoutWindow:8245 android.view.ViewRootImpl.performTraversals:2806 
03-17 12:52:00.234  1043  1069 V WindowManager: Relayout 1043: mAttrs={(0,0)(fillxfill) sim={adjust=pan} layoutInDisplayCutoutMode=always ty=APPLICATION_STARTING wanim=0x1030001
03-17 12:52:00.234  1043  1069 V WindowManager:   fl=1830118
03-17 12:52:00.234  1043  1069 V WindowManager:   pfl=10020011
03-17 12:52:00.234  1043  1069 V WindowManager:   vsysui=10 naviIconColor=0}, display=0
03-17 12:52:00.234  1043  1069 I ViewRootImpl@dd97046[ai_flutter_agent_example]: Relayout returned: old=(0,0,1080,2220) new=(0,0,1080,2220) req=(1080,2220)0 dur=4 res=0x7 s={true 502914879488} ch=true
03-17 12:52:00.234  1043  1068 D GameSDK@LifeCycle: onFocusedPackageChanged(): newPkgName: com.example.ai_flutter_agent_example, newPid: -999
03-17 12:52:00.235  1043  1043 V SettingsProvider: Notifying for 0: content://settings/system/accelerometer_rotation
03-17 12:52:00.235 29214 29214 I Monkey  : ## Network stats: elapsed time=29ms (0ms mobile, 0ms wifi, 29ms not connected)
03-17 12:52:00.236  1043  1043 V SettingsProvider: Notifying for 0: content://settings/system/accelerometer_rotation
03-17 12:52:00.236  1043  1068 D MdnieScenarioControlService: MultiWindowState : false , mode : 0
03-17 12:52:00.237  1043  1068 D GameManagerService: MultiWindowEventListener.onFocusedStackChanged()
03-17 12:52:00.237  1043  1068 D GameManagerService: getForegroundPair(), state=0, bounds=[0,0][1080,2220], displayId=0, userId=0, taskName=com.example.ai_flutter_agent_example/com.example.ai_flutter_agent_example.MainActivity
03-17 12:52:00.237  1043  1068 D GameManagerService: sendPauseConditionally() - mPrevNotiPackage: (unknown)
03-17 12:52:00.237  1043  1068 D GameManagerService: MultiWindowEventListener.onFocusedStackChanged(), pkgName: com.example.ai_flutter_agent_example, clsName: com.example.ai_flutter_agent_example.MainActivity, fgActivityName:com.example.ai_flutter_agent_example/.MainActivity, userID:0
03-17 12:52:00.237  1043  1356 D GameManagerService: onLooperPrepared(), msg: { when=0 what=10000 obj=ComponentInfo{com.example.ai_flutter_agent_example/com.example.ai_flutter_agent_example.MainActivity} target=com.samsung.android.game.GameManagerService$FgCheckThread$1 }
03-17 12:52:00.237  1043  1356 D GameManagerService: sendPauseConditionally() - mPrevNotiPackage: (unknown)
03-17 12:52:00.237  1043  1356 D GameManagerService: notifyResumePause(). of pkg: com.example.ai_flutter_agent_example, type: 4, isMinimized: false, isTunableApp: false
03-17 12:52:00.237  1043  1356 D GameManagerService:   notifyResumePause(). unexpected mPrevNotiType: -1
03-17 12:52:00.237  1043  1356 D GameManagerService:NetworkLimit: callRelease
03-17 12:52:00.238 29214 29214 I app_process: System.exit called, status: 0
03-17 12:52:00.238 29214 29214 I AndroidRuntime: VM exiting with result code 0.
03-17 12:52:00.239  1043  1332 I System.out: (HTTPLog)-Static: isSBSettingEnabled false
03-17 12:52:00.240  1043  1068 D GameManagerService: notePauseComponent(), received paused-component: com.sec.android.app.launcher
03-17 12:52:00.240  1043  1332 I System.out: (HTTPLog)-Static: isSBSettingEnabled false
03-17 12:52:00.241   773   859 D EnterpriseController: netId is 0
03-17 12:52:00.241   773   859 E Netd    : getNetworkForDns: getNetId from enterpriseCtrl is netid 0
03-17 12:52:00.241   773   859 D DnsProxyListener: DNSDBG::dns addrinfo af 0 - 1000
03-17 12:52:00.243  1043  1069 E DecorView: mWindow.mActivityCurrentConfig is null
03-17 12:52:00.243  1043  1068 I ApplicationPolicy: isApplicationExternalStorageWhitelisted:com.example.ai_flutter_agent_example user:0
03-17 12:52:00.243  1043  1068 D ApplicationPolicy: isApplicationExternalStorageWhitelisted: DO is not enabled on user 0. Allowed.
03-17 12:52:00.243  1043  1068 D ActivityManager: package  com.example.ai_flutter_agent_example, user - 0 is SDcard whitelisted
03-17 12:52:00.243  1043  1068 I ApplicationPolicy: isApplicationExternalStorageBlacklisted:com.example.ai_flutter_agent_example user:0
03-17 12:52:00.243  1043  1068 D ApplicationPolicy: isApplicationExternalStorageBlacklisted: DO is not enabled on user 0. Allowed.
03-17 12:52:00.243  1043  1068 I ApplicationPolicy: isApplicationExternalStorageBlacklisted:com.example.ai_flutter_agent_example user:0
03-17 12:52:00.243  1043  1068 D ApplicationPolicy: isApplicationExternalStorageBlacklisted: DO is not enabled on user 0. Allowed.
03-17 12:52:00.246  1043  1068 D PowerManagerService: [api] setScreenDimDurationOverrideFromWindowManagerInternal: timeoutMillis: -1
03-17 12:52:00.247  1043  1068 I WindowManager: Focus moving from Window{5b45bc5 u0 com.sec.android.app.launcher/com.sec.android.app.launcher.activities.LauncherActivity} to null displayId=0
03-17 12:52:00.247  1043  1068 I WindowManager: Losing focus: Window{5b45bc5 u0 com.sec.android.app.launcher/com.sec.android.app.launcher.activities.LauncherActivity}
03-17 12:52:00.250 27550 27550 E Zygote  : isWhitelistProcess - Process is Whitelisted
03-17 12:52:00.251 27550 27550 E Zygote  : accessInfo : 1
03-17 12:52:00.257  1043  1075 I ActivityManager: Start proc 27550:com.example.ai_flutter_agent_example/u0a344 for activity {com.example.ai_flutter_agent_example/com.example.ai_flutter_agent_example.MainActivity}
03-17 12:52:00.258  1948  1948 I ViewRootImpl@323413b[LauncherActivity]: MSG_WINDOW_FOCUS_CHANGED 0 1
03-17 12:52:00.259  1948  1948 D InputMethodManager: prepareNavigationBarInfo() DecorView@8f4eea7[LauncherActivity]
03-17 12:52:00.259  1948  1948 D InputMethodManager: getNavigationBarColor() 0
03-17 12:52:00.259  1948  1948 D PageOverlayMover: isMoving : false
03-17 12:52:00.263  1043  3467 D InputDispatcher: Focus left window (1948): 5b45bc5 in display 0 0
03-17 12:52:00.263  1948 16505 I OpenGLRenderer: doUpdatePositionAsync is called and callVoidMethod
03-17 12:52:00.264  1043  1069 D WindowManager: finishDrawingWindow: Window{261f15d u0 Splash Screen com.example.ai_flutter_agent_example} mDrawState=DRAW_PENDING
03-17 12:52:00.266 27550 27550 E r_agent_exampl: Not starting debugger since process cannot load the jdwp agent.
03-17 12:52:00.266  1396  1396 D DividerPanelController: showDividerPanelView - isVisible : false, isAnimate : false, isTransient : false
03-17 12:52:00.266  1396  1396 D DividerPanelView: updateDividerPanelVisibility - isVisible : false
03-17 12:52:00.266  1043  1069 V WindowManager: performShow on Window{261f15d u0 Splash Screen com.example.ai_flutter_agent_example}: mDrawState=READY_TO_SHOW readyForDisplay=false starting=true during animation: policyVis=true parentHidden=false tok.hiddenRequested=false tok.hidden=true animating=true tok animating=true Callers=com.android.server.wm.WindowState.performShowLocked:4819 com.android.server.wm.WindowStateAnimator.commitFinishDrawingLocked:415 com.android.server.wm.DisplayContent.lambda$new$8$DisplayContent:1026 com.android.server.wm.-$$Lambda$DisplayContent$qxt4izS31fb0LF2uo_OF9DMa7gc.accept:4 
03-17 12:52:00.267  1043  1069 I ViewRootImpl@dd97046[ai_flutter_agent_example]: MSG_RESIZED: frame=(0,0,1080,2220) ci=(0,63,0,126) vi=(0,63,0,126) or=1
03-17 12:52:00.267  1396  1845 D Tile.RotationLockTile:  handleUpdateState: true orientation = true
03-17 12:52:00.271  1396  1845 D Tile.RotationLockTile:  handleUpdateState: true orientation = true
03-17 12:52:00.272 27550 27550 D ActivityThread: setConscryptValidator
03-17 12:52:00.272 27550 27550 D ActivityThread: setConscryptValidator - put
03-17 12:52:00.274  1043  2955 I ActivityManager: DSS OFF for com.example.ai_flutter_agent_example
03-17 12:52:00.275  1043  2955 V WindowManager: rotationForOrientation(orient=-1, last=0); user=0 
03-17 12:52:00.275  1043  2955 V WindowOrientationListener: getProposedRotation: -1
03-17 12:52:00.276  1043  2955 V WindowManager: Computed rotation=0 for display id=0 based on lastOrientation=-1 and oldRotation=0, caller=com.android.server.wm.DisplayContent.updateOrientationFromAppTokens:1553 com.android.server.wm.DisplayContent.updateOrientationFromAppTokens:1507 com.android.server.wm.RootActivityContainer.ensureVisibilityAndConfig:688 com.android.server.wm.ActivityStackSupervisor.realStartActivityLocked:1009 com.android.server.wm.RootActivityContainer.attachApplication:828 com.android.server.wm.ActivityTaskManagerService$LocalService.attachApplication:8652 
03-17 12:52:00.276  1043  2955 D TspStateManagerInternal: updateDefaultValue customSetting=null
03-17 12:52:00.277  1043  2955 V WindowManager: performShow on Window{261f15d u0 Splash Screen com.example.ai_flutter_agent_example}: mDrawState=READY_TO_SHOW readyForDisplay=false starting=true during animation: policyVis=true parentHidden=false tok.hiddenRequested=false tok.hidden=true animating=true tok animating=true Callers=com.android.server.wm.WindowState.performShowLocked:4819 com.android.server.wm.WindowStateAnimator.commitFinishDrawingLocked:415 com.android.server.wm.DisplayContent.lambda$new$8$DisplayContent:1026 com.android.server.wm.-$$Lambda$DisplayContent$qxt4izS31fb0LF2uo_OF9DMa7gc.accept:4 
03-17 12:52:00.279  1043  2955 D TspStateManagerInternal: updateDefaultValue customSetting=null
03-17 12:52:00.279  1043  2955 D GamePkgDataHelper: notifyAppCreate(), pkgName: com.example.ai_flutter_agent_example, sendRet: true
03-17 12:52:00.279  1043  1356 D GameManagerService: onLooperPrepared(), msg: { when=0 what=10010 obj=com.example.ai_flutter_agent_example target=com.samsung.android.game.GameManagerService$FgCheckThread$1 }
03-17 12:52:00.279  1043  1356 D GameManagerService: handleMessage(), received MSG_APP_CREATE of pkgName: com.example.ai_flutter_agent_example
03-17 12:52:00.280  1043  2955 D InputDispatcher: Focused application set to (0): 8be707d
03-17 12:52:00.280  1043  2955 D TspStateManagerInternal: updateDefaultValue customSetting=null
03-17 12:52:00.280  1043  2955 D MARsPolicyManager: onPackageResumedFG pkgName = com.example.ai_flutter_agent_example, userId = 0
03-17 12:52:00.283  1043  2955 W WindowManager: Execute app transition: mNextAppTransition=TRANSIT_TASK_OPEN, displayId: 0 Callers=com.android.server.wm.RootActivityContainer.executeAppTransitionForAllDisplay:1154 com.android.server.wm.ActivityStackSupervisor.reportResumedActivityLocked:2692 com.android.server.wm.ActivityRecord.completeResumeLocked:2704 com.android.server.wm.ActivityStack.minimalResumeActivityLocked:1830 com.android.server.wm.ActivityStackSupervisor.realStartActivityLocked:1214 
03-17 12:52:00.285  1043  1069 V WindowManager: performShow on Window{261f15d u0 Splash Screen com.example.ai_flutter_agent_example}: mDrawState=READY_TO_SHOW readyForDisplay=false starting=true during animation: policyVis=true parentHidden=false tok.hiddenRequested=false tok.hidden=true animating=true tok animating=true Callers=com.android.server.wm.WindowState.performShowLocked:4819 com.android.server.wm.WindowStateAnimator.commitFinishDrawingLocked:415 com.android.server.wm.DisplayContent.lambda$new$8$DisplayContent:1026 com.android.server.wm.-$$Lambda$DisplayContent$qxt4izS31fb0LF2uo_OF9DMa7gc.accept:4 
03-17 12:52:00.286  1043  1069 I WindowManager: Reparenting to leash, surface=Surface(name=AppWindowToken{a1f7fae token=Token{dd7c029 ActivityRecord{b9d19b0 u0 com.sec.android.app.launcher/.activities.LauncherActivity t14}}})/@0x53ab1be
03-17 12:52:00.286   513   579 I SurfaceFlinger: id=5562 createSurf (0x0),-1 flag=80004, Surface(name=AppWindowToken{a1f7fae token=Token{dd7c029 ActivityRecord{b9d19b0 u0 com.sec.android.app.launcher/.activities.LauncherActivity t14}}})/@0x53ab1be - animation-leash#0
03-17 12:52:00.286  1043  1069 D WindowManager: makeSurface duration=1 leash=Surface(name=Surface(name=AppWindowToken{a1f7fae token=Token{dd7c029 ActivityRecord{b9d19b0 u0 com.sec.android.app.launcher/.activities.LauncherActivity t14}}})/@0x53ab1be - animation-leash)/@0xe9c475b
03-17 12:52:00.287   513   579 I SurfaceFlinger: id=5563 createSurf (0x0),-1 flag=80004, Surface(name=AppWindowToken{a1f7fae token=Token{dd7c029 ActivityRecord{b9d19b0 u0 com.sec.android.app.launcher/.activities.LauncherActivity t14}}})/@0x53ab1be - animation-bounds#0
03-17 12:52:00.288  1043  1069 I WindowManager: Reparenting to leash, surface=Surface(name=AppWindowToken{8be707d token=Token{131c6d4 ActivityRecord{dd3b427 u0 com.example.ai_flutter_agent_example/.MainActivity t182}}})/@0xffa46d3
03-17 12:52:00.288   513   579 I SurfaceFlinger: id=5564 createSurf (0x0),-1 flag=80004, Surface(name=AppWindowToken{8be707d token=Token{131c6d4 ActivityRecord{dd3b427 u0 com.example.ai_flutter_agent_example/.MainActivity t182}}})/@0xffa46d3 - animation-leash#0
03-17 12:52:00.288  1043  1069 D WindowManager: makeSurface duration=0 leash=Surface(name=Surface(name=AppWindowToken{8be707d token=Token{131c6d4 ActivityRecord{dd3b427 u0 com.example.ai_flutter_agent_example/.MainActivity t182}}})/@0xffa46d3 - animation-leash)/@0x7a41109
03-17 12:52:00.288   513   579 I SurfaceFlinger: id=5565 createSurf (0x0),-1 flag=80004, Surface(name=AppWindowToken{8be707d token=Token{131c6d4 ActivityRecord{dd3b427 u0 com.example.ai_flutter_agent_example/.MainActivity t182}}})/@0xffa46d3 - animation-bounds#0
03-17 12:52:00.289  1043  1069 D TspStateManagerInternal: updateDefaultValue customSetting=null
03-17 12:52:00.290  1043  1066 D WindowManager: setSystemUiVisibility: displayId=0, vis=0x8018, fullVis=0x0, dockVis=0x0, win=Window{261f15d u0 Splash Screen com.example.ai_flutter_agent_example}
03-17 12:52:00.290  1396  1396 D LightBarController: onNavigationVisibilityChanged : vis = 8018, nbModeChanged = false navigationBarMode = 4, navbarColorManagedByIme = false
03-17 12:52:00.291  1396  1396 V NavBarStoreImpl: handleEvent [EventType] GET_BOOL_TINT_CONTROLLER_ENABLED [Module] LightBarController
03-17 12:52:00.291  1396  1396 V NavBarStoreImpl: --[Band]COLOR_PACK_GET_TINT_SAMPLING_ENABLED
03-17 12:52:00.291  1396  1396 V NavBarStoreImpl: ----apply(SET_TINT_SAMPLING_ENABLED)
03-17 12:52:00.291  1396  1396 V NavBarStoreImpl: getResult(GET_BOOL_TINT_CONTROLLER_ENABLED)=false
03-17 12:52:00.291  1043  3467 D WindowManager: adjustSystemUiVisibilityLw: displayId=0, vis=0x8018, resetVis=0x0, clearVis=0x0
03-17 12:52:00.291  1043  3467 D InputManager-JNI: setSystemUiVisibility dexmode: false changed: true displayid: 0 visibility: 0x8018 DD: 0x8018 OD: 0x0
03-17 12:52:00.292  5554  5554 I TrayStateController: onSystemUiVisibilityChange : 32792 0
03-17 12:52:00.294  1043  1306 D PkgPredictorService: com.example.ai_flutter_agent_example go to foreground!
03-17 12:52:00.294  1043  1306 E PkgPredictorService-Collector: record changed bt=0  wifi=1 screen=0
03-17 12:52:00.294  1043  1306 D PkgPredictorService: previous pkgs: com.example.ai_flutter_agent_example,com.example.ai_flutter_agent_example,org.localsend.localsend_app.debug running pkg: com.example.ai_flutter_agent_example, uid: 0 is system: false
03-17 12:52:00.294  1043  1306 D PkgPredictorService-Collector: save record...
03-17 12:52:00.294  1043  1306 D PkgPredictorService-Collector:  (hour:12 day:3 previous:[com.example.ai_flutter_agent_example, com.example.ai_flutter_agent_example, org.localsend.localsend_app.debug] activityName:unknown running:com.example.ai_flutter_agent_example userId:0 screenOrientation:0 wifi:1 bt:0 predictTime:-1 apkVersion:1.0 consumeTime:-1 preloaded:false>)
03-17 12:52:00.294  1043  1306 D PkgPredictorService-NapPreloadController: User using: com.example.ai_flutter_agent_example
03-17 12:52:00.294  1043  1066 D CodecSolution: isMaxAspectPackageEx: com.example.ai_flutter_agent_example : true(2)
03-17 12:52:00.295  1043  1306 D PkgPredictorService-NapPreloadController: preloadWithUid pkg: [com.cbstudio.cryptolens_app] Uid: [0]
03-17 12:52:00.298  1043  2955 D GamePkgDataHelper: getSosPolicy(). com.example.ai_flutter_agent_example
03-17 12:52:00.299  1043  1068 D GameManagerService: noteResumeComponent(), received resumed-component: com.example.ai_flutter_agent_example
03-17 12:52:00.299  1043  1356 D GameManagerService: onLooperPrepared(), msg: { when=0 what=10000 obj=ComponentInfo{com.example.ai_flutter_agent_example/com.example.ai_flutter_agent_example.MainActivity} target=com.samsung.android.game.GameManagerService$FgCheckThread$1 }
03-17 12:52:00.300  1043  1356 D GameManagerService: sendPauseConditionally() - mPrevNotiPackage: (unknown)
03-17 12:52:00.300  1043  1356 D GameManagerService: notifyResumePause(). of pkg: com.example.ai_flutter_agent_example, type: 4, isMinimized: false, isTunableApp: false
03-17 12:52:00.300  1043  1356 D GameManagerService:   notifyResumePause(). unexpected mPrevNotiType: -1
03-17 12:52:00.300  1043  1356 D GameManagerService:NetworkLimit: callRelease
03-17 12:52:00.300  1043  1068 D GameManagerService: identifyGamePackage. com.example.ai_flutter_agent_example, mCurrentUserId: 0, callerUserId: 0
03-17 12:52:00.300  1043  1068 D GamePkgDataHelper: getGamePkgData(). com.example.ai_flutter_agent_example
03-17 12:52:00.300  1043  1068 D GamePkgDataHelper: getSosPolicy(). com.example.ai_flutter_agent_example
03-17 12:52:00.301  1043 10754 D WifiLowLatency.LlHandler: MSG_TRAFFIC_POLL_ENABLE 1
03-17 12:52:00.301  1043  1068 D GameManagerService: identifyGamePackage. com.example.ai_flutter_agent_example, mCurrentUserId: 0, callerUserId: 0
03-17 12:52:00.301  1043  1068 D GamePkgDataHelper: getGamePkgData(). com.example.ai_flutter_agent_example
03-17 12:52:00.315  1043  2955 I GenerationRegistry: mBackingStore.isClosed() : false
03-17 12:52:00.317   513   513 I SurfaceFlinger: Display 0 HWC layers:
03-17 12:52:00.317   513   513 I SurfaceFlinger:     type    |    handle    | flag |  format   |   source crop (l,t,r,b)    |         frame       | name 
03-17 12:52:00.317   513   513 I SurfaceFlinger: ------------+--------------+------+-----------+----------------------------+---------------------+------
03-17 12:52:00.317   513   513 I SurfaceFlinger:      DEVICE | 0x778a519240 | 0000 | RGBA_8888 |   0.0    0.0 1080.0 2220.0 |    0    0 1080 2220 | com.android.systemui.infinity.InfinityWallpaperBlue$_1803#0
03-17 12:52:00.317   513   513 I SurfaceFlinger:      DEVICE | 0x77a7eae5c0 | 0000 | RGBA_8888 |   0.0    0.0 1080.0 2220.0 |    0    0 1080 2220 | com.sec.android.app.launcher/com.sec[...].activities.LauncherActivity$_1948#0
03-17 12:52:00.317   513   513 I SurfaceFlinger:      DEVICE | 0x778a518c00 | 0002 | RGBA_8888 |   0.0    0.0 1080.0 2220.0 |   75  155 1005 2065 | Splash Screen com.example.ai_flutter_agent_example#0
03-17 12:52:00.317   513   513 I SurfaceFlinger:      DEVICE | 0x77a7eaeac0 | 0000 | RGBA_8888 |   0.0    0.0 1080.0   63.0 |    0    0 1080   63 | StatusBar$_1396#0
03-17 12:52:00.317   513   513 I SurfaceFlinger:      DEVICE | 0x77a7eaf9c0 | 0000 | RGBA_8888 |   0.0    0.0   67.0  342.0 | 1013  398 1080  740 | com.samsung.android.app.cocktailbars[...]arservice.CocktailBarService$_5554#0
03-17 12:52:00.317   513   513 I SurfaceFlinger:      DEVI
03-17 12:52:00.317   513   513 I SurfaceFlinger: CE | 0x77a7eae980 | 0000 | RGBA_8888 |   0.0    0.0 1080.0  126.0 |    0 2094 1080 2220 | NavigationBar0$_1396#0
03-17 12:52:00.317   513   513 I SurfaceFlinger: 
03-17 12:52:00.328 27550 29247 D libEGL  : loaded /vendor/lib64/egl/libGLES_mali.so
03-17 12:52:00.353   729   729 E audit   : type=1400 audit(1773723120.350:4018): avc:  denied  { read } for  pid=27550 comm="r_agent_example" name="max_map_count" dev="proc" ino=10300657 scontext=u:r:untrusted_app:s0:c88,c257,c512,c768 tcontext=u:object_r:proc_max_map_count:s0 tclass=file permissive=0 SEPF_SM-N960F_10_0030 audit_filtered
03-17 12:52:00.356  1043  1332 W WifiTransportLayerUtils: getApplicationCategory - IOException com.example.ai_flutter_agent_example
03-17 12:52:00.385 27550 29250 I flutter : [IMPORTANT:flutter/shell/platform/android/android_context_gl_impeller.cc(104)] Using the Impeller rendering backend (OpenGLES).
03-17 12:52:00.385 27550 29250 I mali_egl: eglDestroySurface() in
03-17 12:52:00.385 27550 29250 I mali_egl: eglDestroySurface() out
03-17 12:52:00.393  1043  3467 I GenerationRegistry: mBackingStore.isClosed() : false
03-17 12:52:00.407 27550 27550 D PhoneWindow: forceLight changed to true [] from com.android.internal.policy.PhoneWindow.updateForceLightNavigationBar:4274 com.android.internal.policy.DecorView.updateColorViews:1547 com.android.internal.policy.PhoneWindow.dispatchWindowAttributesChanged:3252 android.view.Window.setFlags:1153 com.android.internal.policy.PhoneWindow.generateLayout:2474 
03-17 12:52:00.407 27550 27550 I MultiWindowDecorSupport: [INFO] isPopOver = false
03-17 12:52:00.407 27550 27550 I MultiWindowDecorSupport: updateCaptionType >> DecorView@f08e765[], isFloating: false, isApplication: true, hasWindowDecorCaption: false, hasWindowControllerCallback: true
03-17 12:52:00.407 27550 27550 D MultiWindowDecorSupport: setCaptionType = 0, DecorView = DecorView@f08e765[]
03-17 12:52:00.416  1043  3467 E WindowManager: App trying to use insecure INPUT_FEATURE_NO_INPUT_CHANNEL flag. Ignoring
03-17 12:52:00.417  1043  3467 D InputTransport: Input channel constructed: '729101f', fd=708
03-17 12:52:00.417  1043  3467 D InputTransport: Input channel constructed: '729101f', fd=719
03-17 12:52:00.417   513   578 I SurfaceFlinger: id=5566 createSurf (0x0),-1 flag=80004, 729101f com.example.ai_flutter_agent_example/com.example.ai_flutter_agent_example.MainActivity#0
03-17 12:52:00.418  1043  3467 D InputTransport: Input channel destroyed: '729101f', fd=719
03-17 12:52:00.418 27550 27550 I ViewRootImpl@32594e1[MainActivity]: setView = com.android.internal.policy.DecorView@f08e765 TM=true MM=false
03-17 12:52:00.428  1043  1418 D MdnieScenarioControlService:  packageName : com.example.ai_flutter_agent_example    className : com.example.ai_flutter_agent_example.MainActivity
03-17 12:52:00.429  1043  1418 V MdnieScenarioControlService: setUIMode from UI function(3)
03-17 12:52:00.449 27550 27550 I SurfaceView: onWindowVisibilityChanged(0) true E.o{b098af V.E...... ......I. 0,0-0,0} of ViewRootImpl@32594e1[MainActivity]
03-17 12:52:00.450  1043  1236 V WindowManager: Relayout Window{729101f u0 com.example.ai_flutter_agent_example/com.example.ai_flutter_agent_example.MainActivity}: viewVisibility=0 req=1080x2220
03-17 12:52:00.452  1043  1236 W WindowManager: preserveSurfaceLocked: failed, no surface, w=Window{729101f u0 com.example.ai_flutter_agent_example/com.example.ai_flutter_agent_example.MainActivity}
03-17 12:52:00.452   513  2475 I SurfaceFlinger: id=5567 createSurf (1080x2220),1 flag=4, com.example.ai_flutter_agent_example/com.example.ai_flutter_agent_example.MainActivity$_27550#0
03-17 12:52:00.452  1043  1236 D WindowManager: makeSurface duration=1 name=com.example.ai_flutter_agent_example/com.example.ai_flutter_agent_example.MainActivity$_27550
03-17 12:52:00.453  1043  1236 V WindowManager: Changing focus from null to Window{729101f u0 com.example.ai_flutter_agent_example/com.example.ai_flutter_agent_example.MainActivity} displayId=0 Callers=com.android.server.wm.RootWindowContainer.updateFocusedWindowLocked:204 com.android.server.wm.WindowManagerService.updateFocusedWindowLocked:6458 com.android.server.wm.WindowManagerService.relayoutWindow:2618 com.android.server.wm.Session.relayout:202 android.view.IWindowSession$Stub.onTransact:716 com.android.server.wm.Session.onTransact:142 
03-17 12:52:00.453  1043  1236 D StatusBarManagerService: notifyRequestedSystemKey recent=false home=false
03-17 12:52:00.453  1043  1066 D WindowManager: setSystemUiVisibility: displayId=0, vis=0x8518, fullVis=0x0, dockVis=0x0, win=Window{729101f u0 com.example.ai_flutter_agent_example/com.example.ai_flutter_agent_example.MainActivity}
03-17 12:52:00.454  1396  1396 D LightBarController: onNavigationVisibilityChanged : vis = 8518, nbModeChanged = false navigationBarMode = 4, navbarColorManagedByIme = false
03-17 12:52:00.454  1043  1068 I WindowManager: Focus moving from null to Window{729101f u0 com.example.ai_flutter_agent_example/com.example.ai_flutter_agent_example.MainActivity} displayId=0
03-17 12:52:00.454  1043  1236 V WindowManager: Relayout 27550: mAttrs={(0,0)(fillxfill) sim={adjust=resize forwardNavigation} ty=BASE_APPLICATION fmt=TRANSLUCENT wanim=0x1030001
03-17 12:52:00.454  1043  1236 V WindowManager:   fl=81810100
03-17 12:52:00.454  1043  1236 V WindowManager:   pfl=10020000
03-17 12:52:00.454  1043  1236 V WindowManager:   vsysui=510 naviIconColor=0}, display=0
03-17 12:52:00.454  1043  1068 I WindowManager: Gaining focus: Window{729101f u0 com.example.ai_flutter_agent_example/com.example.ai_flutter_agent_example.MainActivity}
03-17 12:52:00.454  1043  3467 D WindowManager: adjustSystemUiVisibilityLw: displayId=0, vis=0x8518, resetVis=0x0, clearVis=0x0
03-17 12:52:00.454  1043  3467 D InputManager-JNI: setSystemUiVisibility dexmode: false changed: true displayid: 0 visibility: 0x8518 DD: 0x8518 OD: 0x0
03-17 12:52:00.454  5554  5554 I TrayStateController: onSystemUiVisibilityChange : 34072 0
03-17 12:52:00.455 27550 27550 I ViewRootImpl@32594e1[MainActivity]: Relayout returned: old=(0,0,1080,2220) new=(0,0,1080,2220) req=(1080,2220)0 dur=4 res=0x7 s={true 508027920384} ch=true
03-17 12:52:00.456   513  2475 I SurfaceFlinger: id=5568 createSurf (0x0),2 flag=4, Bounds for - com.example.ai_flutter_agent_example/com.example.ai_flutter_agent_example.MainActivity@0#0
03-17 12:52:00.457   513  2475 I SurfaceFlinger: id=5569 createSurf (1080x2094),4 flag=404, SurfaceView - com.example.ai_flutter_agent_example/com.example.ai_flutter_agent_example.MainActivity@b098af@0#0
03-17 12:52:00.457   513  2475 I SurfaceFlinger: id=5570 createSurf (0x0),-1 flag=20404, Background for -SurfaceView - com.example.ai_flutter_agent_example/com.example.ai_flutter_agent_example.MainActivity@b098af@0#0
03-17 12:52:00.458 27550 27550 I SurfaceView: surfaceCreated 1 #8 E.o{b098af V.E...... ......ID 0,0-1080,2094}
03-17 12:52:00.459 27550 29250 I mali_winsys: new_window_surface() [1080x2094] return: 0x3000
03-17 12:52:00.461 27550 29245 I mali_winsys: new_window_surface() [1080x2220] return: 0x3000
03-17 12:52:00.628  1043  1069 I WindowManager: Reparenting to original parent: Surface(name=Task=14)/@0xd15e0bb, destroyLeash=true, surface=Surface(name=AppWindowToken{a1f7fae token=Token{dd7c029 ActivityRecord{b9d19b0 u0 com.sec.android.app.launcher/.activities.LauncherActivity t14}}})/@0x53ab1be
03-17 12:52:00.628  1043  1069 V WindowManager: Setting visibility of Window{57fdb0d u0 com.samsung.android.app.spage}: false, caller=com.android.server.wm.WindowContainer.sendAppVisibilityToClients:644 com.android.server.wm.WindowState.sendAppVisibilityToClients:3530 com.android.server.wm.WindowContainer.sendAppVisibilityToClients:644 com.android.server.wm.AppWindowToken.setClientHidden:632 com.android.server.wm.AppWindowToken.onAnimationFinished:3913 
03-17 12:52:00.629  1043  1069 V WindowManager: Setting visibility of Window{5b45bc5 u0 com.sec.android.app.launcher/com.sec.android.app.launcher.activities.LauncherActivity}: false, caller=com.android.server.wm.WindowContainer.sendAppVisibilityToClients:644 com.android.server.wm.AppWindowToken.setClientHidden:632 com.android.server.wm.AppWindowToken.onAnimationFinished:3913 com.android.server.wm.-$$Lambda$yVRF8YoeNdTa8GR1wDStVsHu8xM.run:2 com.android.server.wm.SurfaceAnimator.lambda$getFinishedCallback$0$SurfaceAnimator:100 
03-17 12:52:00.629  1043  1069 I WindowManager: Reparenting to original parent: Surface(name=Task=182)/@0xa36e417, destroyLeash=true, surface=Surface(name=AppWindowToken{8be707d token=Token{131c6d4 ActivityRecord{dd3b427 u0 com.example.ai_flutter_agent_example/.MainActivity t182}}})/@0xffa46d3
03-17 12:52:00.630  1803  1823 D WallpaperService: dispatchAppVisibility onVisibilityChanged(): false
03-17 12:52:00.630  1803  1803 I InfinityWallpaper: onVisibilityChanged = false current mode = 3
03-17 12:52:00.630  1803  1803 I InfinityWallpaper: End all animations
03-17 12:52:00.630  1803  2198 I mali_egl: eglDestroySurface() in
03-17 12:52:00.631   513   513 I SurfaceFlinger: Display 0 HWC layers:
03-17 12:52:00.631   513   513 I SurfaceFlinger:     type    |    handle    | flag |  format   |   source crop (l,t,r,b)    |         frame       | name 
03-17 12:52:00.631   513   513 I SurfaceFlinger: ------------+--------------+------+-----------+----------------------------+---------------------+------
03-17 12:52:00.631   513   513 I SurfaceFlinger:      DEVICE | 0x778a518c00 | 0002 | RGBA_8888 |   0.0    0.0 1080.0 2220.0 |    0    0 1080 2220 | Splash Screen com.example.ai_flutter_agent_example#0
03-17 12:52:00.631   513   513 I SurfaceFlinger:      DEVICE | 0x77a7eaeac0 | 0000 | RGBA_8888 |   0.0    0.0 1080.0   63.0 |    0    0 1080   63 | StatusBar$_1396#0
03-17 12:52:00.631   513   513 I SurfaceFlinger:      DEVICE | 0x77a7eaf9c0 | 0000 | RGBA_8888 |   0.0    0.0   67.0  342.0 | 1013  398 1080  740 | com.samsung.android.app.cocktailbars[...]arservice.CocktailBarService$_5554#0
03-17 12:52:00.631   513   513 I SurfaceFlinger:      DEVICE | 0x77a7eac400 | 0000 | RGBA_8888 |   0.0    0.0 1080.0  126.0 |    0 2094 1080 2220 | NavigationBar0$_1396#0
03-17 12:52:00.631   513   513 I SurfaceFlinger: 
03-17 12:52:00.631  1803  2198 I mali_winsys: delete_surface() [1080x2220] return
03-17 12:52:00.631  1803  2198 I mali_egl: eglDestroySurface() out
03-17 12:52:00.631   513  2475 E BufferQueueProducer: [com.android.systemui.infinity.InfinityWallpaperBlue$_1803#0] disconnect: not connected (req=1)
03-17 12:52:00.631  1803  2198 W libEGL  : EGLNativeWindowType 0x76e3e16010 disconnect failed
03-17 12:52:00.631  1803  1803 D WallpaperService: reportVisibility onVisibilityChanged visible: false
03-17 12:52:00.633   513  2475 I Layer   : id=5562 removeFromCurrentState Surface(name=AppWindowToken{a1f7fae token=Token{dd7c029 ActivityRecord{b9d19b0 u0 com.sec.android.app.launcher/.activities.LauncherActivity t14}}})/@0x53ab1be - animation-leash#0 (86)
03-17 12:52:00.633   513  2475 I Layer   : id=5563 removeFromCurrentState Surface(name=AppWindowToken{a1f7fae token=Token{dd7c029 ActivityRecord{b9d19b0 u0 com.sec.android.app.launcher/.activities.LauncherActivity t14}}})/@0x53ab1be - animation-bounds#0 (86)
03-17 12:52:00.633   513  2475 I Layer   : id=5564 removeFromCurrentState Surface(name=AppWindowToken{8be707d token=Token{131c6d4 ActivityRecord{dd3b427 u0 com.example.ai_flutter_agent_example/.MainActivity t182}}})/@0xffa46d3 - animation-leash#0 (86)
03-17 12:52:00.633   513  2475 I Layer   : id=5565 removeFromCurrentState Surface(name=AppWindowToken{8be707d token=Token{131c6d4 ActivityRecord{dd3b427 u0 com.example.ai_flutter_agent_example/.MainActivity t182}}})/@0xffa46d3 - animation-bounds#0 (86)
03-17 12:52:00.633   513  2475 I SurfaceFlinger: id=5562 Removed Surface(name=AppWindowToken{a1f7fae token=Token{dd7c029 ActivityRecord{b9d19b0 u0 com.sec.android.app.launcher/.activities.LauncherActivity t14}}})/@0x53ab1be - animation-leash#0 (86)
03-17 12:52:00.633   513   578 I SurfaceFlinger: id=5563 Removed Surface(name=AppWindowToken{a1f7fae token=Token{dd7c029 ActivityRecord{b9d19b0 u0 com.sec.android.app.launcher/.activities.LauncherActivity t14}}})/@0x53ab1be - animation-bounds#0 (86)
03-17 12:52:00.633   513   578 I SurfaceFlinger: id=5564 Removed Surface(name=AppWindowToken{8be707d token=Token{131c6d4 ActivityRecord{dd3b427 u0 com.example.ai_flutter_agent_example/.MainActivity t182}}})/@0xffa46d3 - animation-leash#0 (86)
03-17 12:52:00.633   513  2475 I SurfaceFlinger: id=5565 Removed Surface(name=AppWindowToken{8be707d token=Token{131c6d4 ActivityRecord{dd3b427 u0 com.example.ai_flutter_agent_example/.MainActivity t182}}})/@0xffa46d3 - animation-bounds#0 (86)
03-17 12:52:00.644   513   513 I Layer   : id=5563[1] Destroyed Surface(name=AppWindowToken{a1f7fae token=Token{dd7c029 ActivityRecord{b9d19b0 u0 com.sec.android.app.launcher/.activities.LauncherActivity t14}}})/@0x53ab1be - animation-bounds#0
03-17 12:52:00.644   513   513 I Layer   : id=5562[1] Destroyed Surface(name=AppWindowToken{a1f7fae token=Token{dd7c029 ActivityRecord{b9d19b0 u0 com.sec.android.app.launcher/.activities.LauncherActivity t14}}})/@0x53ab1be - animation-leash#0
03-17 12:52:00.644   513   513 I Layer   : id=5565[1] Destroyed Surface(name=AppWindowToken{8be707d token=Token{131c6d4 ActivityRecord{dd3b427 u0 com.example.ai_flutter_agent_example/.MainActivity t182}}})/@0xffa46d3 - animation-bounds#0
03-17 12:52:00.644   513   513 I Layer   : id=5564[1] Destroyed Surface(name=AppWindowToken{8be707d token=Token{131c6d4 ActivityRecord{dd3b427 u0 com.example.ai_flutter_agent_example/.MainActivity t182}}})/@0xffa46d3 - animation-leash#0
03-17 12:52:00.646  1948  3058 I mali_egl: eglDestroySurface() in
03-17 12:52:00.647  1043  3467 V WindowManager: Relayout Window{57fdb0d u0 com.samsung.android.app.spage}: viewVisibility=8 req=0x2220
03-17 12:52:00.648  1948  3058 I mali_winsys: delete_surface() [1080x2220] return
03-17 12:52:00.648  1948  3058 I mali_egl: eglDestroySurface() out
03-17 12:52:00.648   513  2475 E BufferQueueProducer: [com.sec.android.app.launcher/com.sec.android.app.launcher.activities.LauncherActivity$_1948#0] disconnect: not connected (req=1)
03-17 12:52:00.648  1948  3058 W libEGL  : EGLNativeWindowType 0x764c41c450 disconnect failed
03-17 12:52:00.649  1043  1236 V WindowManager: Relayout Window{5b45bc5 u0 com.sec.android.app.launcher/com.sec.android.app.launcher.activities.LauncherActivity}: viewVisibility=8 req=1080x2220
03-17 12:52:00.649  1043  3467 V WindowManager: Relayout 3963: mAttrs={(0,0)(0xfill) sim={adjust=pan} layoutInDisplayCutoutMode=always ty=APPLICATION_PANEL fmt=RGBA_8888
03-17 12:52:00.649  1043  3467 V WindowManager:   fl=1000018
03-17 12:52:00.649  1043  3467 V WindowManager:   pfl=40 naviIconColor=0}, display=0
03-17 12:52:00.650  3963  3963 I ViewRootImpl@a7563da[]: Relayout returned: old=(540,0,540,2220) new=(540,0,540,2220) req=(0,2220)8 dur=4 res=0x1 s={false 0} ch=false
03-17 12:52:00.652  1043  1236 V WindowManager: Relayout 1948: mAttrs={(0,0)(fillxfill) sim={adjust=nothing} layoutInDisplayCutoutMode=always ty=BASE_APPLICATION fmt=TRANSPARENT wanim=0x10302f1
03-17 12:52:00.652  1043  1236 V WindowManager:   fl=81910100
03-17 12:52:00.652  1043  1236 V WindowManager:   pfl=20000
03-17 12:52:00.652  1043  1236 V WindowManager:   vsysui=700 dimAmount=0.14 dimDuration=157 naviIconColor=0}, display=0
03-17 12:52:00.653  1948  1948 I ViewRootImpl@323413b[LauncherActivity]: Relayout returned: old=(0,0,1080,2220) new=(0,0,1080,2220) req=(1080,2220)8 dur=3 res=0x5 s={false 0} ch=true
03-17 12:52:00.878  1043  1333 D WifiSwitchForIndividualAppsService: isPackageException - result:2, com.example.ai_flutter_agent_example
03-17 12:52:00.954  1043 29300 D TspStateManagerInternal: update cmd=set_grip_data,1,60,10,20,888
03-17 12:52:01.239  2430  2430 I io_stats: !@   8,0 r 2421818 123772016 w 2126365 110100748 d 153546 193390276 f 491458 502672 iot 2335872 1857693 th 102400 0 0 pt 0 inp 0 0 545915.635
03-17 12:52:01.708 27550 27550 I SurfaceView: surfaceChanged (1080,2094) 1 #8 E.o{b098af V.E...... ......ID 0,0-1080,2094}
03-17 12:52:01.709 27550 29250 I mali_egl: eglDestroySurface() in
03-17 12:52:01.709 27550 29250 I mali_winsys: delete_surface() [1080x2094] return
03-17 12:52:01.709 27550 29250 I mali_egl: eglDestroySurface() out
03-17 12:52:01.709   513   578 E BufferQueueProducer: [SurfaceView - com.example.ai_flutter_agent_example/com.example.ai_flutter_agent_example.MainActivity@b098af@0#0] disconnect: not connected (req=1)
03-17 12:52:01.709 27550 29250 W libEGL  : EGLNativeWindowType 0x75d9c13010 disconnect failed
03-17 12:52:01.709 27550 29250 I mali_winsys: new_window_surface() [1080x2094] return: 0x3000
03-17 12:52:01.713 27550 27550 I Choreographer: Skipped 75 frames!  The application may be doing too much work on its main thread.
03-17 12:52:01.714  1043  1236 V WindowManager: Relayout Window{729101f u0 com.example.ai_flutter_agent_example/com.example.ai_flutter_agent_example.MainActivity}: viewVisibility=0 req=1080x2220
03-17 12:52:01.718  1043  1236 V WindowManager: Relayout 27550: mAttrs={(0,0)(fillxfill) sim={adjust=resize forwardNavigation} ty=BASE_APPLICATION fmt=TRANSLUCENT wanim=0x1030001
03-17 12:52:01.718  1043  1236 V WindowManager:   fl=81810100
03-17 12:52:01.718  1043  1236 V WindowManager:   pfl=10020000
03-17 12:52:01.718  1043  1236 V WindowManager:   vsysui=510 naviIconColor=0}, display=0
03-17 12:52:01.719 27550 27550 I ViewRootImpl@32594e1[MainActivity]: Relayout returned: old=(0,0,1080,2220) new=(0,0,1080,2220) req=(1080,2220)0 dur=6 res=0x3 s={true 508027920384} ch=false
03-17 12:52:01.722   382   382 I hwservicemanager: getTransport: Cannot find entry android.hardware.graphics.mapper@3.0::IMapper/default in either framework or device manifest.
03-17 12:52:01.722 27550 29250 W Gralloc3: mapper 3.x is not supported
03-17 12:52:01.723 27550 29250 I gralloc : Arm Module v1.0
03-17 12:52:01.725 27550 27550 D PhoneWindow: forceLight changed to false [com.example.ai_flutter_agent_example/com.example.ai_flutter_agent_example.MainActivity] from com.android.internal.policy.PhoneWindow.updateForceLightNavigationBar:4280 com.android.internal.policy.PhoneWindow.setNavigationBarColor:4102 io.flutter.plugin.platform.e.a:129 E.t.t:58 E.t.l:312 
03-17 12:52:01.727 27550 27550 I ViewRootImpl@32594e1[MainActivity]: MSG_WINDOW_FOCUS_CHANGED 1 1
03-17 12:52:01.727 27550 27550 D InputMethodManager: prepareNavigationBarInfo() DecorView@f08e765[MainActivity]
03-17 12:52:01.727 27550 27550 D InputMethodManager: getNavigationBarColor() -16777216
03-17 12:52:01.728 27550 27550 D InputMethodManager: prepareNavigationBarInfo() DecorView@f08e765[MainActivity]
03-17 12:52:01.728 27550 27550 D InputMethodManager: getNavigationBarColor() -16777216
03-17 12:52:01.728 27550 27550 V InputMethodManager: Starting input: tba=com.example.ai_flutter_agent_example ic=null mNaviBarColor -16777216 mIsGetNaviBarColorSuccess true , NavVisible : true , NavTrans : false
03-17 12:52:01.728 27550 27550 D InputMethodManager: startInputInner - Id : 0
03-17 12:52:01.728 27550 27550 I InputMethodManager: startInputInner - mService.startInputOrWindowGainedFocus
03-17 12:52:01.728  1043  1236 D InputMethodManagerService: mSecureKeypadEnabled = false
03-17 12:52:01.728  1043  1236 V InputMethodManagerService: startInputOrWindowGainedFocusInternalLocked: reason=WINDOW_FOCUS_GAIN client=android.os.BinderProxy@9e4e327 inputContext=null missingMethods= attribute=android.view.inputmethod.EditorInfo@3764c6e startInputFlags=FIRST_WINDOW_FOCUS_GAIN|INITIAL_CONNECTION softInputMode=STATE_UNSPECIFIED|ADJUST_RESIZE|IS_FORWARD_NAVIGATION windowFlags=#81810100 unverifiedTargetSdkVersion=36
