03-17 12:51:54.494  1043  1104 I PackageManager: Un-granting permission android.permission.MANAGE_DEVICE_ADMINS from package com.google.android.gms (protectionLevel=2 flags=0xa0cabec5)
03-17 12:51:54.495  1043  1104 I PackageManager: Un-granting permission android.permission.MANAGE_ACTIVITY_STACKS from package com.google.android.gms (protectionLevel=2 flags=0xa0cabec5)
03-17 12:51:54.495  1043  1104 I PackageManager: Un-granting permission android.permission.CAPTURE_SECURE_VIDEO_OUTPUT from package com.google.android.gms (protectionLevel=2 flags=0xa0cabec5)
03-17 12:51:54.495  1043  1104 I PackageManager: Un-granting permission android.permission.PACKET_KEEPALIVE_OFFLOAD from package com.google.android.gms (protectionLevel=18 flags=0xa0cabec5)
03-17 12:51:54.495  1043  1104 I PackageManager: Un-granting permission android.permission.MANAGE_ROLLBACKS from package com.google.android.gms (protectionLevel=514 flags=0xa0cabec5)
03-17 12:51:54.495  1043  1104 I PackageManager: Un-granting permission android.permission.MEDIA_CONTENT_CONTROL from package com.google.android.gms (protectionLevel=18 flags=0xa0cabec5)
03-17 12:51:54.495  1043  1104 I PackageManager: Un-granting permission android.permission.HIDE_NON_SYSTEM_OVERLAY_WINDOWS from package com.google.android.gms (protectionLevel=258 flags=0xa0cabec5)
03-17 12:51:54.496  1043  1104 I PackageManager: Un-granting permission android.permission.UPDATE_APP_OPS_STATS from package com.google.android.tts (protectionLevel=274 flags=0x34cbbec5)
03-17 12:51:54.496  1043  1104 I PackageManager: Un-granting permission android.permission.START_ACTIVITIES_FROM_BACKGROUND from package com.google.android.tts (protectionLevel=49682 flags=0x34cbbec5)
03-17 12:51:54.497  1043  1104 I PackageManager: Un-granting permission com.google.android.googleapps.permission.GOOGLE_AUTH from package com.google.android.videos (protectionLevel=2 flags=0x30dbbe44)
03-17 12:51:54.497  1043  1104 I PackageManager: Un-granting permission android.permission.START_ACTIVITIES_FROM_BACKGROUND from package com.sec.spp.push (protectionLevel=49682 flags=0x20c83ec5)
03-17 12:51:54.498  1043  1104 D AASA_PermissionManagerService: REQUEST_INSTALL_PACKAGES from the list: com.sec.android.app.myfiles :: false
03-17 12:51:54.498  1043  1104 I PackageManager: Un-granting permission android.permission.PACKAGE_USAGE_STATS from package com.sec.android.app.myfiles (protectionLevel=114 flags=0x30d83e45)
03-17 12:51:54.499  1043  1104 D AASA_PermissionManagerService: REQUEST_INSTALL_PACKAGES from the list: com.samsung.android.allshare.service.fileshare :: false
03-17 12:51:54.499  1043  1104 I PackageManager: Un-granting permission android.permission.START_ANY_ACTIVITY from package com.sec.android.app.launcher (protectionLevel=2 flags=0x38c83e45)
03-17 12:51:54.499  1043  1104 I PackageManager: Un-granting permission com.samsung.android.game.gamehome.permission.ENABLE_GAMEHOME from package com.sec.android.app.launcher (protectionLevel=2 flags=0x38c83e45)
03-17 12:51:54.500  1043  1104 I PackageManager: Un-granting permission android.permission.MANAGE_ACTIVITY_STACKS from package com.sec.android.app.launcher (protectionLevel=2 flags=0x38c83e45)
03-17 12:51:54.501  1043  1104 I PackageManager: Un-granting permission android.permission.SYSTEM_ALERT_WINDOW from package com.google.android.apps.photos (protectionLevel=1250 flags=0x38dbbe44)
03-17 12:51:54.501  1043  1104 I PackageManager: Un-granting permission android.permission.WRITE_SETTINGS from package com.google.android.apps.photos (protectionLevel=1218 flags=0x38dbbe44)
03-17 12:51:54.501  1043  1104 I PackageManager: Un-granting permission android.permission.WRITE_MEDIA_STORAGE from package com.google.android.apps.photos (protectionLevel=18 flags=0x38dbbe44)
03-17 12:51:54.502  1043  1104 I PackageManager: Un-granting permission android.permission.WRITE_MEDIA_STORAGE from package com.android.dreams.phototable (protectionLevel=18 flags=0x20d8be45)
03-17 12:51:54.502  1043  1104 I PackageManager: Un-granting permission android.permission.BATTERY_STATS from package com.facebook.katana (protectionLevel=50 flags=0x34dbbec5)
03-17 12:51:54.502  1043  1104 I PackageManager: Un-granting permission android.permission.CAPTURE_VIDEO_OUTPUT from package com.facebook.katana (protectionLevel=2 flags=0x34dbbec5)
03-17 12:51:54.502  1043  1104 I PackageManager: Un-granting permission com.sec.android.provider.badge.permission.WRITE from package com.facebook.katana (protectionLevel=18 flags=0x34dbbec5)
03-17 12:51:54.509  1043  1104 D AASA_PermissionManagerService: REQUEST_INSTALL_PACKAGES from the list: com.samsung.android.samsungpass :: false
03-17 12:51:54.509  1043  1104 D AASA_PermissionManagerService: REQUEST_INSTALL_PACKAGES from the list: com.samsung.android.scloud :: false
03-17 12:51:54.511  1043  1104 I PackageManager: Un-granting permission com.sec.android.provider.badge.permission.WRITE from package com.linkedin.android (protectionLevel=18 flags=0x30d83ec5)
03-17 12:51:54.514  1043  1104 I PackageManager: Un-granting permission com.google.android.finsky.permission.GEARHEAD_SERVICE from package com.google.android.projection.gearhead (protectionLevel=18 flags=0x288bbec5)
03-17 12:51:54.514  1043  1104 I PackageManager: Un-granting permission android.permission.CHANGE_COMPONENT_ENABLED_STATE from package com.google.android.projection.gearhead (protectionLevel=18 flags=0x288bbec5)
03-17 12:51:54.514  1043  1104 I PackageManager: Un-granting permission android.permission.UPDATE_APP_OPS_STATS from package com.google.android.projection.gearhead (protectionLevel=274 flags=0x288bbec5)
03-17 12:51:54.514  1043  1104 I PackageManager: Un-granting permission android.permission.BIND_APPWIDGET from package com.google.android.projection.gearhead (protectionLevel=18 flags=0x288bbec5)
03-17 12:51:54.514  1043  1104 I PackageManager: Un-granting permission android.permission.CAPTURE_SECURE_VIDEO_OUTPUT from package com.google.android.projection.gearhead (protectionLevel=2 flags=0x288bbec5)
03-17 12:51:54.514  1043  1104 I PackageManager: Un-granting permission android.permission.INTERACT_ACROSS_PROFILES from package com.google.android.projection.gearhead (protectionLevel=18 flags=0x288bbec5)
03-17 12:51:54.525  1043  1104 I PackageManager: Un-granting permission android.permission.REQUEST_INSTALL_PACKAGES from package org.localsend.localsend_app.debug (protectionLevel=66 flags=0x2888be46)
03-17 12:51:54.525  1043  1104 I PackageManager: Un-granting permission android.permission.BIND_QUICK_SETTINGS_TILE from package org.localsend.localsend_app.debug (protectionLevel=2 flags=0x2888be46)
03-17 12:51:54.527  1043  1104 D AASA_PermissionManagerService: REQUEST_INSTALL_PACKAGES from the list: com.android.bluetooth :: false
03-17 12:51:54.530  1043  1104 I PackageManager: Un-granting permission android.permission.MANAGE_USB from package com.google.android.apps.restore (protectionLevel=18 flags=0x20c83ec5)
03-17 12:51:54.530  1043  1104 I PackageManager: Un-granting permission android.permission.MANAGE_USERS from package com.google.android.apps.restore (protectionLevel=18 flags=0x20c83ec5)
03-17 12:51:54.530  1043  1104 I PackageManager: Un-granting permission android.permission.OVERRIDE_WIFI_CONFIG from package com.google.android.apps.restore (protectionLevel=18 flags=0x20c83ec5)
03-17 12:51:54.530  1043  1104 I PackageManager: Un-granting permission android.permission.READ_WIFI_CREDENTIAL from package com.google.android.apps.restore (protectionLevel=18 flags=0x20c83ec5)
03-17 12:51:54.530  1043  1104 I PackageManager: Un-granting permission android.permission.START_ACTIVITIES_FROM_BACKGROUND from package com.google.android.apps.restore (protectionLevel=49682 flags=0x20c83ec5)
03-17 12:51:54.530  1043  1104 I PackageManager: Un-granting permission com.google.android.setupwizard.READ_DEVICE_ORIGIN from package com.google.android.apps.restore (protectionLevel=18 flags=0x20c83ec5)
03-17 12:51:54.623  1043  1104 I PackageManager: enforceEDMPermissionLI
03-17 12:51:54.624  1043  1074 W system_server: Long monitor contention with owner PackageManager (1104) at void com.android.server.pm.PackageManagerService.installPackagesLI(java.util.List)(PackageManagerService.java:20590) waiters=0 in java.lang.String com.android.server.pm.PackageManagerService.getInstantAppPackageName(int) for 257ms
03-17 12:51:54.624  1043  1330 W system_server: Long monitor contention with owner PackageManager (1104) at void com.android.server.pm.PackageManagerService.installPackagesLI(java.util.List)(PackageManagerService.java:20590) waiters=2 in int com.android.server.pm.PackageManagerService.checkUidPermission(java.lang.String, int) for 167ms
03-17 12:51:54.624  1043  1074 V WindowManager: Prepare app transition: transit=TRANSIT_ACTIVITY_OPEN mNextAppTransition=TRANSIT_UNSET alwaysKeepCurrent=false displayId=0 Callers=com.android.server.wm.DisplayContent.prepareAppTransition:6356 com.android.server.wm.DisplayContent.prepareAppTransition:6350 com.android.server.wm.ActivityStack.resumeTopActivityInnerLocked:3575 com.android.server.wm.ActivityStack.resumeTopActivityUncheckedLocked:3156 com.android.server.wm.ActivityRecord.makeActiveIfNeeded:2527 
03-17 12:51:54.625  1043  1074 V WindowManager: Setting visibility of Window{57fdb0d u0 com.samsung.android.app.spage}: true, caller=com.android.server.wm.WindowContainer.sendAppVisibilityToClients:644 com.android.server.wm.WindowState.sendAppVisibilityToClients:3530 com.android.server.wm.WindowContainer.sendAppVisibilityToClients:644 com.android.server.wm.AppWindowToken.setClientHidden:632 com.android.server.wm.AppWindowToken.setVisibility:746 
03-17 12:51:54.625  1043  1074 V WindowManager: Setting visibility of Window{5b45bc5 u0 com.sec.android.app.launcher/com.sec.android.app.launcher.activities.LauncherActivity}: true, caller=com.android.server.wm.WindowContainer.sendAppVisibilityToClients:644 com.android.server.wm.AppWindowToken.setClientHidden:632 com.android.server.wm.AppWindowToken.setVisibility:746 com.android.server.wm.ActivityRecord.setVisibility:2278 com.android.server.wm.ActivityStack.resumeTopActivityInnerLocked:3605 
03-17 12:51:54.625  1043  1074 D InputDispatcher: Focused application set to (0): a1f7fae
03-17 12:51:54.626  1043  1074 D CustomFrequencyManagerService: acquireDVFSLockLocked : type : DVFS_MIN_LIMIT  frequency : 1794000  uid : 1000  pid : 1043  pkgName : AMS_APP_HOME@CPU_MIN@53
03-17 12:51:54.627  1043  1074 D ActivityManagerPerformance: AMP_acquire() HOME
03-17 12:51:54.628  1043  1074 V WindowManager: rotationForOrientation(orient=5, last=0); user=0 
03-17 12:51:54.628  1043  1074 V WindowOrientationListener: getProposedRotation: -1
03-17 12:51:54.628  1043  1074 V WindowManager: Computed rotation=0 for display id=0 based on lastOrientation=5 and oldRotation=0, caller=com.android.server.wm.DisplayContent.updateOrientationFromAppTokens:1553 com.android.server.wm.DisplayContent.updateOrientationFromAppTokens:1507 com.android.server.wm.RootActivityContainer.ensureVisibilityAndConfig:688 com.android.server.wm.ActivityStack.resumeTopActivityInnerLocked:3653 com.android.server.wm.ActivityStack.resumeTopActivityUncheckedLocked:3156 com.android.server.wm.ActivityRecord.makeActiveIfNeeded:2527 
03-17 12:51:54.628  1043  1074 D TspStateManagerInternal: updateDefaultValue customSetting=null
03-17 12:51:54.629  1043  1074 D MARsPolicyManager: onPackageResumedFG pkgName = com.sec.android.app.launcher, userId = 0
03-17 12:51:54.629  1043  1074 W WindowManager: Execute app transition: mNextAppTransition=TRANSIT_ACTIVITY_OPEN, displayId: 0 Callers=com.android.server.wm.RootActivityContainer.executeAppTransitionForAllDisplay:1154 com.android.server.wm.ActivityStackSupervisor.reportResumedActivityLocked:2692 com.android.server.wm.ActivityRecord.completeResumeLocked:2704 com.android.server.wm.ActivityStack.resumeTopActivityInnerLocked:3766 com.android.server.wm.ActivityStack.resumeTopActivityUncheckedLocked:3156 
03-17 12:51:54.631   513   578 I Layer   : id=5535 removeFromCurrentState Stack=167#0 (71)
03-17 12:51:54.631   513   578 I SurfaceFlinger: id=5535 Removed Stack=167#0 (71)
03-17 12:51:54.632   513   513 I Layer   : id=5535[1] Destroyed Stack=167#0
03-17 12:51:54.633  1043  1693 V WindowManager: Relayout Window{57fdb0d u0 com.samsung.android.app.spage}: viewVisibility=8 req=0x2220
03-17 12:51:54.633  1043  1104 D AASA_ASKSManager_RESTRICTED: There is no restricted rule.
03-17 12:51:54.635  1043  1693 V WindowManager: Relayout 3963: mAttrs={(0,0)(0xfill) sim={adjust=pan} layoutInDisplayCutoutMode=always ty=APPLICATION_PANEL fmt=RGBA_8888
03-17 12:51:54.635  1043  1693 V WindowManager:   fl=1000018
03-17 12:51:54.635  1043  1693 V WindowManager:   pfl=40 naviIconColor=0}, display=0
03-17 12:51:54.635  1043  2948 V WindowManager: Relayout Window{5b45bc5 u0 com.sec.android.app.launcher/com.sec.android.app.launcher.activities.LauncherActivity}: viewVisibility=4 req=1080x2220
03-17 12:51:54.635  3963  3963 I ViewRootImpl@a7563da[]: Relayout returned: old=(540,0,540,2220) new=(540,0,540,2220) req=(0,2220)8 dur=3 res=0x1 s={false 0} ch=false
03-17 12:51:54.636  1043  2948 V WindowManager: Relayout 1948: mAttrs={(0,0)(fillxfill) sim={adjust=nothing} layoutInDisplayCutoutMode=always ty=BASE_APPLICATION fmt=TRANSPARENT wanim=0x10302f1
03-17 12:51:54.636  1043  2948 V WindowManager:   fl=81910100
03-17 12:51:54.636  1043  2948 V WindowManager:   pfl=20000
03-17 12:51:54.636  1043  2948 V WindowManager:   vsysui=700 dimAmount=0.14 dimDuration=157 naviIconColor=0}, display=0
03-17 12:51:54.636  1948  1948 I ViewRootImpl@323413b[LauncherActivity]: Relayout returned: old=(0,0,1080,2220) new=(0,0,1080,2220) req=(1080,2220)4 dur=3 res=0x1 s={false 0} ch=false
03-17 12:51:54.637  1948  1948 I ViewRootImpl@323413b[LauncherActivity]: stopped(false) old=true
03-17 12:51:54.637  1043  1104 I PackageManager.DexOptimizer: Running dexopt (dexoptNeeded=1) on: /data/app/com.example.ai_flutter_agent_example-LXdtAIcsTz9pvkRnV_NA4Q==/base.apk pkg=com.example.ai_flutter_agent_example isa=arm64 dexoptFlags=boot_complete,profile_guided,public,enable_hidden_api_checks targetFilter=speed-profile oatDir=/data/app/com.example.ai_flutter_agent_example-LXdtAIcsTz9pvkRnV_NA4Q==/oat classLoaderContext=PCL[] dexMetadataPath=null
03-17 12:51:54.637   765 10943 D installd: No property in map, key: dalvik.vm.dex2oat-swap, value: 
03-17 12:51:54.637   765 10943 V installd: DexInv: --- BEGIN '/data/app/com.example.ai_flutter_agent_example-LXdtAIcsTz9pvkRnV_NA4Q==/base.apk' ---
03-17 12:51:54.637   765 10943 D installd: No property in map, key: dalvik.vm.dex2oat-Xms, value: 64m
03-17 12:51:54.637   765 10943 D installd: MapPropertyToArg, property: dalvik.vm.dex2oat-Xms, result: -Xms64m
03-17 12:51:54.637   765 10943 D installd: No property in map, key: dalvik.vm.dex2oat-Xmx, value: 512m
03-17 12:51:54.637   765 10943 D installd: MapPropertyToArg, property: dalvik.vm.dex2oat-Xmx, result: -Xmx512m
03-17 12:51:54.637   765 10943 D installd: No property in map, key: dalvik.vm.dex2oat-threads, value: 
03-17 12:51:54.637   765 10943 D installd: MapPropertyToArg, property: dalvik.vm.dex2oat-threads, result: empty
03-17 12:51:54.638   765 10943 D installd: No property in map, key: dalvik.vm.isa.arm64.features, value: default
03-17 12:51:54.638   765 10943 D installd: MapPropertyToArg, property: dalvik.vm.isa.arm64.features, result: --instruction-set-features=default
03-17 12:51:54.638   765 10943 D installd: No property in map, key: dalvik.vm.isa.arm64.variant, value: cortex-a53
03-17 12:51:54.638   765 10943 D installd: MapPropertyToArg, property: dalvik.vm.isa.arm64.variant, result: --instruction-set-variant=cortex-a53
03-17 12:51:54.638   765 10943 D installd: No property in map, key: dalvik.vm.dex2oat-flags, value: 
03-17 12:51:54.638   765 10943 D installd: No property in map, key: vold.decrypt, value: trigger_restart_framework
03-17 12:51:54.638   765 10943 D installd: No property in map, key: persist.device_config.runtime.dex2oat_resolve_startup_strings, value: 
03-17 12:51:54.638   765 10943 D installd: MapPropertyToArg, property: persist.device_config.runtime.dex2oat_resolve_startup_strings, result: empty
03-17 12:51:54.638   765 10943 D installd: No property in map, key: dalvik.vm.dex2oat-resolve-startup-strings, value: true
03-17 12:51:54.638   765 10943 D installd: MapPropertyToArg, property: dalvik.vm.dex2oat-resolve-startup-strings, result: --resolve-startup-const-strings=true
03-17 12:51:54.638   765 10943 D installd: No property in map, key: dalvik.vm.dex2oat-max-image-block-size, value: 524288
03-17 12:51:54.638   765 10943 D installd: MapPropertyToArg, property: dalvik.vm.dex2oat-max-image-block-size, result: --max-image-block-size=524288
03-17 12:51:54.638   765 10943 D installd: No property in map, key: debug.generate-debug-info, value: 
03-17 12:51:54.638   765 10943 D installd: get_bool_property_from_map, key: debug.generate-debug-info, result: 0
03-17 12:51:54.638   765 10943 D installd: No property in map, key: dalvik.vm.dex2oat-very-large, value: 
03-17 12:51:54.638   765 10943 D installd: MapPropertyToArg, property: dalvik.vm.dex2oat-very-large, result: empty
03-17 12:51:54.638   765 10943 D installd: No property in map, key: persist.sys.dalvik.vm.lib.2, value: libart.so
03-17 12:51:54.638   765 10943 D installd: No property in map, key: ro.build.version.codename, value: REL
03-17 12:51:54.638   765 10943 D installd: No property in map, key: ro.debuggable, value: 0
03-17 12:51:54.638   765 10943 D installd: get_bool_property_from_map, key: ro.debuggable, result: false
03-17 12:51:54.638   765 10943 D installd: No property in map, key: dalvik.vm.dex2oat-minidebuginfo, value: true
03-17 12:51:54.638   765 10943 D installd: get_bool_property_from_map, key: dalvik.vm.dex2oat-minidebuginfo, result: true
03-17 12:51:54.638   765 10943 D installd: No property in map, key: dalvik.vm.boot-image, value: 
03-17 12:51:54.638   765 10943 D installd: MapPropertyToArg, property: dalvik.vm.boot-image, result: empty
03-17 12:51:54.638   765 10943 D installd: No property in map, key: dalvik.vm.always_debuggable, value: 
03-17 12:51:54.639  1948  1948 D LauncherAppWidgetHost: setListenIfResumed, mFlags = 2
03-17 12:51:54.641  1043  1074 W WindowManager: Execute app transition: mNextAppTransition=TRANSIT_ACTIVITY_OPEN, displayId: 0 Callers=com.android.server.wm.ActivityStack.executeAppTransition:7053 com.android.server.wm.RootActivityContainer.resumeFocusedStacksTopActivities:1273 com.android.server.wm.RootActivityContainer.resumeFocusedStacksTopActivities:1233 com.android.server.wm.RootActivityContainer.resumeFocusedStacksTopActivities:1227 com.android.server.wm.ActivityTaskManagerService$LocalService.resumeTopActivities:8633 
03-17 12:51:54.641  1043  1074 W WindowManager: Execute app transition: mNextAppTransition=TRANSIT_ACTIVITY_OPEN, displayId: 0 Callers=com.android.server.wm.ActivityStack.executeAppTransition:7053 com.android.server.wm.ActivityStack.resumeTopActivityInnerLocked:3294 com.android.server.wm.ActivityStack.resumeTopActivityUncheckedLocked:3156 com.android.server.wm.RootActivityContainer.resumeFocusedStacksTopActivities:1297 com.android.server.wm.RootActivityContainer.resumeFocusedStacksTopActivities:1233 
03-17 12:51:54.643  1043  1066 W system_server: Long monitor contention with owner ActivityManager (1074) at void com.android.server.am.ActivityManagerService$MainHandler.handleMessage(android.os.Message)(ActivityManagerService.java:2096) waiters=0 in void com.android.server.am.ActivityManagerService.dispatchUidsChanged() for 337ms
03-17 12:51:54.644  1043  2948 I AppWidgetServiceImpl: startListening callbacks : com.android.internal.appwidget.IAppWidgetHost$Stub$Proxy@744b7d6
03-17 12:51:54.645  1948  1948 D PageOverlayMover: updateActivityLifecycleState : 1
03-17 12:51:54.645  1043  1066 W Looper  : Slow dispatch took 339ms android.ui h=com.android.server.am.ActivityManagerService$UiHandler c=null m=53
03-17 12:51:54.645  1948  1948 I ViewRootImpl@323413b[LauncherActivity]: stopped(false) old=false
03-17 12:51:54.645  1948  1948 D Launcher: !@Boot_DEBUG: Launcher.onResume()
03-17 12:51:54.645  1948  1948 D Launcher: !@Boot_EBS_D: Launcher.onResume()
03-17 12:51:54.645  1948  1948 D ON_RESUME: superCall : 1
03-17 12:51:54.645  1948  1948 D Launcher: setGestureOngoingWithOtherActivity, isOngoing : false
03-17 12:51:54.646  1948  1948 D PageOverlayMover: updateActivityLifecycleState : 2
03-17 12:51:54.646  1948  1948 D AppsSearchBar: restoreCurrentCellLayoutAlpha: null
03-17 12:51:54.646  1948  1948 D PageOverlayMover: isMoving : false
03-17 12:51:54.648  3963  2899 I PageOverlayServiceImpl: [FROM HOME] updateActivityLifecycleState : 1
03-17 12:51:54.648  3963  2899 I PageOverlayServiceImpl: [FROM HOME] updateActivityLifecycleState : 2
03-17 12:51:54.648   749  4698 I CameraService: UidPolicy: No processes running for a uid=10344 disabled=0
03-17 12:51:54.648  1043  1068 I WindowManager: Focus moving from Window{1594ba1 u0 com.example.ai_flutter_agent_example/com.example.ai_flutter_agent_example.MainActivity} to null displayId=0
03-17 12:51:54.648  1043  1068 I WindowManager: Losing focus: Window{1594ba1 u0 com.example.ai_flutter_agent_example/com.example.ai_flutter_agent_example.MainActivity}
03-17 12:51:54.649  1948  1948 D SPayUpdater: updateSpayHandler, show = true, currentDefaultPage = true
03-17 12:51:54.649  1043  1068 E WindowManager: RemoteException occurs on reporting focusChanged, w=Window{1594ba1 u0 com.example.ai_flutter_agent_example/com.example.ai_flutter_agent_example.MainActivity}
03-17 12:51:54.649  1043  1068 E WindowManager: android.os.DeadObjectException
03-17 12:51:54.649  1043  1068 E WindowManager: 	at android.os.BinderProxy.transactNative(Native Method)
03-17 12:51:54.649  1043  1068 E WindowManager: 	at android.os.BinderProxy.transact(BinderProxy.java:575)
03-17 12:51:54.649  1043  1068 E WindowManager: 	at android.view.IWindow$Stub$Proxy.windowFocusChanged(IWindow.java:829)
03-17 12:51:54.649  1043  1068 E WindowManager: 	at com.android.server.wm.WindowState.reportFocusChangedSerialized(WindowState.java:3800)
03-17 12:51:54.649  1043  1068 E WindowManager: 	at com.android.server.wm.WindowManagerService$H.handleMessage(WindowManagerService.java:5438)
03-17 12:51:54.649  1043  1068 E WindowManager: 	at android.os.Handler.dispatchMessage(Handler.java:107)
03-17 12:51:54.649  1043  1068 E WindowManager: 	at android.os.Looper.loop(Looper.java:237)
03-17 12:51:54.649  1043  1068 E WindowManager: 	at android.os.HandlerThread.run(HandlerThread.java:67)
03-17 12:51:54.649  1043  1068 E WindowManager: 	at com.android.server.ServiceThread.run(ServiceThread.java:44)
03-17 12:51:54.649  1043  1066 W Looper  : Slow delivery took 338ms android.ui h=com.android.server.am.ActivityManagerService$UiHandler c=null m=32
03-17 12:51:54.649  1948  1948 D ON_RESUME: End : 3
03-17 12:51:54.649  1043  1306 W PkgPredictorService: background app without no launcher icon com.sec.android.app.launcher for.uid: 10152 userId: 0
03-17 12:51:54.650  1948  1948 D LiveIconViewUpdater: onUpdateLiveIcon -1
03-17 12:51:54.650  1043  1068 D GameSDK@LifeCycle: onFocusedStackChanged(): focusedStackInfo: Stack id=0 bounds=[0,0][1080,2220] displayId=0 userId=0
03-17 12:51:54.650  1043  1068 D GameSDK@LifeCycle:  configuration={1.1 456mcc6mnc [zh_TW_#Hant] ldltr sw411dp w411dp h773dp 420dpi nrml long hdr port night finger -keyb/v/h -nav/h winConfig={ mBounds=Rect(0, 0 - 1080, 2220) mAppBounds=Rect(0, 0 - 1080, 2094) mWindowingMode=fullscreen mDisplayWindowingMode=fullscreen mActivityType=home mAlwaysOnTop=undefined mRotation=ROTATION_0} s.21 desktop/d ?dc bts=0 ff=0 bf=0 themeSeq=0}
03-17 12:51:54.650  1043  1068 D GameSDK@LifeCycle:   taskId=14: com.sec.android.app.launcher/com.sec.android.app.launcher.activities.LauncherActivity bounds=[0,0][1080,2220] userId=0 visible=true topActivity=ComponentInfo{com.sec.android.app.launcher/com.sec.android.app.launcher.activities.LauncherActivity}
03-17 12:51:54.651  1948  7843 D Launcher: DisplayMetrics from Resources : DisplayMetrics{density=2.625, width=1080, height=2094, scaledDensity=2.8875, xdpi=391.8855, ydpi=388.8825}
03-17 12:51:54.651  1948  1948 E libprocessgroup: set_timerslack_ns write failed: Operation not permitted
03-17 12:51:54.651  1948  7843 D Launcher: realMetrics from Wm : DisplayMetrics{density=2.625, width=1080, height=2220, scaledDensity=2.625, xdpi=391.8855, ydpi=388.8825}
03-17 12:51:54.651  1948  7843 D Launcher: DeviceProfile, isLand : false, isMultiWin :false, availableWidthPx : 1080, availableHeightPx : 2094
03-17 12:51:54.651  1948  1948 D LiveIconViewUpdater: onUpdateLiveIcon -1
03-17 12:51:54.651  1043  1066 D CodecSolution: isMaxAspectPackageEx: com.sec.android.app.launcher : true(2)
03-17 12:51:54.651  1043  1068 D GameSDK@LifeCycle: onFocusedPackageChanged(): newPkgName: com.sec.android.app.launcher, newPid: 1948
03-17 12:51:54.652  1043  1068 D MdnieScenarioControlService: MultiWindowState : false , mode : 0
03-17 12:51:54.652  1043  1068 D GameManagerService: MultiWindowEventListener.onFocusedStackChanged()
03-17 12:51:54.652  1396  1396 D DividerPanelController: showDividerPanelView - isVisible : false, isAnimate : false, isTransient : false
03-17 12:51:54.652  1043  1068 D GameManagerService: getForegroundPair(), state=0, bounds=[0,0][1080,2220], displayId=0, userId=0, taskName=com.sec.android.app.launcher/com.sec.android.app.launcher.activities.LauncherActivity
03-17 12:51:54.652  1043  1068 D GameManagerService: sendPauseConditionally() - mPrevNotiPackage: (unknown)
03-17 12:51:54.652  1043  1068 D GameManagerService: MultiWindowEventListener.onFocusedStackChanged(), pkgName: com.sec.android.app.launcher, clsName: com.sec.android.app.launcher.activities.LauncherActivity, fgActivityName:com.sec.android.app.launcher/.activities.LauncherActivity, userID:0
03-17 12:51:54.652  1396  1396 D DividerPanelView: updateDividerPanelVisibility - isVisible : false
03-17 12:51:54.652  1043  1066 W Looper  : Drained
03-17 12:51:54.653  1948  1948 D WallpapersButton: updateVisibility - mWallpaperType : 0
03-17 12:51:54.654  1948  1948 D ThemesButton: updateVisibility - sThemeStoreType : 1
03-17 12:51:54.654  1948  1948 D LiveIconViewUpdater: onUpdateLiveIcon 34
03-17 12:51:54.654  1043  2948 D GamePkgDataHelper: getSosPolicy(). com.sec.android.app.launcher
03-17 12:51:54.654  1948  1948 D LiveIconViewUpdater: onUpdateLiveIcon 37
03-17 12:51:54.655  1043  1068 D GameManagerService: noteResumeComponent(), received resumed-component: com.sec.android.app.launcher
03-17 12:51:54.655  1948  1948 D UserEvent: 
03-17 12:51:54.655  1948  1948 D UserEvent: -----------------------------------------------------
03-17 12:51:54.655  1948  1948 D UserEvent: action:RESUME
03-17 12:51:54.655  1948  1948 D UserEvent:  Source child:WORKSPACE id=0
03-17 12:51:54.655  1948  1948 D UserEvent:  Elapsed container 113958 ms, session 113958 ms, action 0 ms
03-17 12:51:54.655  1948  1948 D UserEvent: 
03-17 12:51:54.655  1043  1356 D GameManagerService: onLooperPrepared(), msg: { when=0 what=10000 obj=ComponentInfo{com.sec.android.app.launcher/com.android.launcher3.Launcher} target=com.samsung.android.game.GameManagerService$FgCheckThread$1 }
03-17 12:51:54.655  1043  1356 D GameManagerService: sendPauseConditionally() - mPrevNotiPackage: (unknown)
03-17 12:51:54.655  1043  1356 D GameManagerService: notifyResumePause(). of pkg: com.sec.android.app.launcher, type: 4, isMinimized: false, isTunableApp: false
03-17 12:51:54.655  1043  1356 D GameManagerService:   notifyResumePause(). unexpected mPrevNotiType: -1
03-17 12:51:54.655  1043  1356 D GameManagerService:NetworkLimit: callRelease
03-17 12:51:54.656  1948  1948 D Launcher.NotificationListener: setNotificationsChangedListener connected : true created : true
03-17 12:51:54.656  1948  1948 D BadgeCountUpdaterImpl: onNotificationsChangedConnected
03-17 12:51:54.656  1948  1948 D Launcher.NotificationListener: registerObserver this is not notificationService!!
03-17 12:51:54.656  1948  1948 V SettingsHelper: *** register listener for com.android.launcher3.notification.-$$Lambda$NotificationListener$TPumyTwU0XeoXYvudWsC9Oq4HgU@7060d21
03-17 12:51:54.656  1948  2849 D InstallPairAppsReceiver: Pair apps key is null
03-17 12:51:54.656  1948  1948 V SettingsHelper: *** register listener for com.android.launcher3.notification.-$$Lambda$NotificationListener$rJMoivvsqzlKdmqkNLlyopK1Us8@e19d546
03-17 12:51:54.656  1948  1948 D Launcher.NotificationListener: onNotificationFullRefresh
03-17 12:51:54.656  1948  1948 D Launcher.Hotword: setHotWordDetection : call requestHotWordDetection true
03-17 12:51:54.656  1043  1693 D WindowManager: notifyMovementBoundsChanged: insetRect(42, 105 - 1038, 2052), normalRect(533, 1528 - 1038, 1812), animatingRect(533, 1528 - 1038, 1812), fromIme=false, fromShelftrue, rot=0
03-17 12:51:54.656  3387  3408 D [AirCmd]_CallbackRepeater: stopRepeat : isWorking=false
03-17 12:51:54.656  3387  3408 D [AirCmd]_NotRecognizedGestureGuidePanelTrigger: updateState
03-17 12:51:54.657  1043  1068 D GameManagerService: identifyGamePackage. com.sec.android.app.launcher, mCurrentUserId: 0, callerUserId: 0
03-17 12:51:54.657  1043  1068 D GamePkgDataHelper: getGamePkgData(). com.sec.android.app.launcher
03-17 12:51:54.657  1043  1068 D GamePkgDataHelper: getSosPolicy(). com.sec.android.app.launcher
03-17 12:51:54.657  1043 10754 D WifiLowLatency.LlHandler: MSG_TRAFFIC_POLL_ENABLE 0
03-17 12:51:54.657  3387  3408 D [AirCmd]_NotSpenActionScreenGuidePanelTrigger: updateState
03-17 12:51:54.657  1043  2888 V WindowManager: Relayout Window{5b45bc5 u0 com.sec.android.app.launcher/com.sec.android.app.launcher.activities.LauncherActivity}: viewVisibility=0 req=1080x2220
03-17 12:51:54.658  3387  3408 D [AirCmd]_MediaControlStateMonitor: getActiveSessionsForUser : userId = 0
03-17 12:51:54.659  3387  3408 D [AirCmd]_MediaControlStateMonitor: getActiveSessionsForUser : userId = 0
03-17 12:51:54.659   513   578 I SurfaceFlinger: id=5553 createSurf (1080x2220),1 flag=4, com.sec.android.app.launcher/com.sec.android.app.launcher.activities.LauncherActivity$_1948#0
03-17 12:51:54.660  1948  2849 D Launcher.NotificationListener: shouldBeFilteredOut : com.cbstudio.garbage_truck missingTitleAndText : false isGroupHeader : false
03-17 12:51:54.660  3387  3408 D [AirCmd]_MediaControlStateMonitor: getActivePackageName : notification list, media session list is null
03-17 12:51:54.660  3387  3408 D [AirCmd]_RemoteSpenMainController: hasGeneralAction : packageName is com.sec.android.app.launcher, activityName is com.android.launcher3.Launcher, hasActions is false
03-17 12:51:54.660  3387  3408 D [AirCmd]_CameraAvailabilityMonitor: isCameraPreviewOn : mIsCameraPreviewOn is false
03-17 12:51:54.660  1948  2849 D Launcher.NotificationListener: Full refresh isConnected : true active size : 1
03-17 12:51:54.660  1043  2888 D WindowManager: makeSurface duration=2 name=com.sec.android.app.launcher/com.sec.android.app.launcher.activities.LauncherActivity$_1948
03-17 12:51:54.661  1378  1869 I Telephony: SamsungPhoneInterfaceManagerCallHelper: isVideoCall: false
03-17 12:51:54.661  1043  2888 V WindowManager: Changing focus from null to Window{5b45bc5 u0 com.sec.android.app.launcher/com.sec.android.app.launcher.activities.LauncherActivity} displayId=0 Callers=com.android.server.wm.RootWindowContainer.updateFocusedWindowLocked:204 com.android.server.wm.WindowManagerService.updateFocusedWindowLocked:6458 com.android.server.wm.WindowManagerService.relayoutWindow:2618 com.android.server.wm.Session.relayout:202 android.view.IWindowSession$Stub.onTransact:716 com.android.server.wm.Session.onTransact:142 
03-17 12:51:54.661  1043  2888 D StatusBarManagerService: notifyRequestedSystemKey recent=false home=false
03-17 12:51:54.661  1043  1066 D WindowManager: setSystemUiVisibility: displayId=0, vis=0x8708, fullVis=0x0, dockVis=0x0, win=Window{5b45bc5 u0 com.sec.android.app.launcher/com.sec.android.app.launcher.activities.LauncherActivity}
03-17 12:51:54.661  1396  1396 D LightBarController: onSystemUiVisibilityChanged fullVis=0 mask=ffffffff oldFullVal=2000 newFullVal=0 fullDiff=2000 mFullscreenLight=false isLight(Full)=false  mLastStatusBarMode=4 newBarMode=4 
03-17 12:51:54.662  1043  2888 V WindowManager: Relayout 1948: mAttrs={(0,0)(fillxfill) sim={adjust=nothing forwardNavigation} layoutInDisplayCutoutMode=always ty=BASE_APPLICATION fmt=TRANSPARENT wanim=0x10302f1
03-17 12:51:54.662  1043  2888 V WindowManager:   fl=81910100
03-17 12:51:54.662  1043  2888 V WindowManager:   pfl=20000
03-17 12:51:54.662  1043  2888 V WindowManager:   vsysui=700 dimAmount=0.14 dimDuration=157 screenDimDuration=200000 naviIconColor=0}, display=0
03-17 12:51:54.662  1396  1396 D LightBarController: onNavigationVisibilityChanged : vis = 8708, nbModeChanged = false navigationBarMode = 4, navbarColorManagedByIme = false
03-17 12:51:54.662  1396  1396 D LightBarController: updateStatus() LightBarModel- NeedDarkFontOfLockIndicator:false, FullscreenLight:false, DockedLight:false, HasDockedStack:false, white_lockscreen_statusbar:false, StatusBarState:SHD, LIGHT_STATUS_BAR_FLAG:true
03-17 12:51:54.662  1396  1396 D StatusBarWindowController: setLightStatusBarFlag(dark:false)
03-17 12:51:54.663  1043  2948 D WindowManager: adjustSystemUiVisibilityLw: displayId=0, vis=0x8708, resetVis=0x0, clearVis=0x0
03-17 12:51:54.663  1043  2948 D InputManager-JNI: setSystemUiVisibility dexmode: false changed: true displayid: 0 visibility: 0x8708 DD: 0x8708 OD: 0x0
03-17 12:51:54.663  5554  5554 I TrayStateController: onSystemUiVisibilityChange : 34568 0
03-17 12:51:54.663  1948  1948 I ViewRootImpl@323413b[LauncherActivity]: Relayout returned: old=(0,0,1080,2220) new=(0,0,1080,2220) req=(1080,2220)0 dur=6 res=0x7 s={true 508028088320} ch=true
03-17 12:51:54.663  3387  3408 D [AirCmd]_CameraAvailabilityMonitor: isCameraPreviewOn : mIsCameraPreviewOn is false
03-17 12:51:54.664  1043  1068 W ActivityManager: setHasOverlayUi called on unknown pid: 21026
03-17 12:51:54.664  1043  1068 I WindowManager: Focus moving from null to Window{5b45bc5 u0 com.sec.android.app.launcher/com.sec.android.app.launcher.activities.LauncherActivity} displayId=0
03-17 12:51:54.664  1043  1068 I WindowManager: Gaining focus: Window{5b45bc5 u0 com.sec.android.app.launcher/com.sec.android.app.launcher.activities.LauncherActivity}
03-17 12:51:54.664  1378  1869 I Telephony: SamsungPhoneInterfaceManagerCallHelper: isVideoCall: false
03-17 12:51:54.665  1948  3058 I mali_winsys: new_window_surface() [1080x2220] return: 0x3000
03-17 12:51:54.665  1948  1948 D LauncherRootView: finishDrawingWindow : 1st LauncherRootView dispatchDraw start
03-17 12:51:54.666  1948  1948 D LauncherRootView: finishDrawingWindow : 1st LauncherRootView dispatchDraw end
03-17 12:51:54.667  1948 16504 I OpenGLRenderer: doUpdatePositionAsync is called and callVoidMethod
03-17 12:51:54.667  3387  3408 D [AirCmd]_MediaControlStateMonitor: getActiveSessionsForUser : userId = 0
03-17 12:51:54.668  3387  3408 D [AirCmd]_MediaControlStateMonitor: getActiveSessionsForUser : userId = 0
03-17 12:51:54.669  1043  1068 D PowerManagerService: [api] setScreenDimDurationOverrideFromWindowManagerInternal: timeoutMillis: 200000
03-17 12:51:54.669  1043  1693 V WindowManager: Relayout Window{e89f9a9 u0 StatusBar}: viewVisibility=0 req=1080x63
03-17 12:51:54.671  3387  3408 D [AirCmd]_MediaControlStateMonitor: getActivePackageName : notification list, media session list is null
03-17 12:51:54.671  3387  3408 D [AirCmd]_PenActionRule: getAction : get default action data from remote action because pen action data is null.
03-17 12:51:54.671  3387  3408 D [AirCmd]_RemoteSpenMainController: onSwitch : has double click action = true
03-17 12:51:54.671  3387  3408 D [AirCmd]_BleSpenButtonActionDetector: enableDoubleClickDetection: enabled=true, doubleClickWaitInterval=300
03-17 12:51:54.671  3387  3408 D [AirCmd]_RemoteSpenMainController: onSwitch : package is com.sec.android.app.launcher   and activity is com.android.launcher3.Launcher and isBleConnected is true and hasActions is false
03-17 12:51:54.671  3387  3387 D AC:FloatingIconController: onBleFloatingIconStateChanged isEnabled : false, delay : 250
03-17 12:51:54.671  1043  1693 V WindowManager: Relayout 1396: mAttrs={(0,0)(fillx63) gr=TOP CENTER_VERTICAL sim={adjust=resize} layoutInDisplayCutoutMode=always ty=STATUS_BAR fmt=TRANSLUCENT
03-17 12:51:54.671  1043  1693 V WindowManager:   fl=81840048
03-17 12:51:54.671  1043  1693 V WindowManager:   pfl=1000000 naviIconColor=0
03-17 12:51:54.671  1043  1693 V WindowManager:   sfl=40000}, display=0
03-17 12:51:54.672  1396  1396 I ViewRootImpl@a5c1f7b[StatusBar]: Relayout returned: old=(0,0,1080,63) new=(0,0,1080,63) req=(1080,63)0 dur=6 res=0x1 s={true 506049347584} ch=false
03-17 12:51:54.672  1396  1396 E [IndicatorGarden]Presenter: onGardenApplyWindowInsets() New DisplayCutout is NULL!!
03-17 12:51:54.673  1396  1396 D KeyguardBottomAreaShortcutView: mIndicationArea margin start : 155, end : 155, bottom : 157
03-17 12:51:54.673  1396  1396 D LockIcon: mCurrentState = 4, mLastState = 4, mLastDozing = false, mDozing = false, mLastPulsing = false, mPulsing = false, mLastBouncerVisible = false, mBouncerVisible = false,  force = true
03-17 12:51:54.676  1396  1396 E [IndicatorGarden]Presenter: onGardenApplyWindowInsets() New DisplayCutout is NULL!!
03-17 12:51:54.680  1043  1693 D WindowManager: finishDrawingWindow: Window{5b45bc5 u0 com.sec.android.app.launcher/com.sec.android.app.launcher.activities.LauncherActivity} mDrawState=DRAW_PENDING
03-17 12:51:54.680  1803  1823 D WallpaperService: dispatchAppVisibility onVisibilityChanged(): true
03-17 12:51:54.680  1803  1803 D WallpaperService: updateSurface forceRelayout=false forceReport=false redrawNeeded=false myWidth=-1 myHeight=-1 fixedSize=false x = 0 y = 0 mWidth=-1 mHeight=-1 mIsSleepMode=false
03-17 12:51:54.680  1803  1803 I InfinityWallpaper: onVisibilityChanged = true current mode = 3
03-17 12:51:54.680  1803  1803 D WallpaperService: reportVisibility onVisibilityChanged visible: true
03-17 12:51:54.681 29071 29071 I dex2oat : /apex/com.android.runtime/bin/dex2oat --input-vdex-fd=-1 --output-vdex-fd=11 --resolve-startup-const-strings=true --max-image-block-size=524288 --compiler-filter=speed-profile -j6 --classpath-dir=/data/app/com.example.ai_flutter_agent_example-LXdtAIcsTz9pvkRnV_NA4Q== --class-loader-context=PCL[] --generate-mini-debug-info --compact-dex-level=none --compilation-reason=install
03-17 12:51:54.681  1803  2198 I mali_winsys: new_window_surface() [1080x2220] return: 0x3000
03-17 12:51:54.681  1803  2198 I InfinityWallpaper: onSurfaceChanged w = 1080, h = 2220
03-17 12:51:54.681  1803  2198 D InfinityWallpaper: updateSize ow = 1080, oh = 2220
03-17 12:51:54.681  1803  2198 D InfinityWallpaper: updateSize nw = 1080, nh = 2220
03-17 12:51:54.681  1948  1948 E libprocessgroup: set_timerslack_ns write failed: Operation not permitted
03-17 12:51:54.682  1948  1948 D PopupDataProvider: onNotificationFullRefresh prev dotInfoSize : 1
03-17 12:51:54.682  1948  1948 D PopupDataProvider: refresh badge  package : com.cbstudio.garbage_truck count : 1
03-17 12:51:54.682  1948  1948 I ViewRootImpl@323413b[LauncherActivity]: MSG_WINDOW_FOCUS_CHANGED 1 1
03-17 12:51:54.682  1948  1948 D InputMethodManager: prepareNavigationBarInfo() DecorView@8f4eea7[LauncherActivity]
03-17 12:51:54.682  1948  1948 D InputMethodManager: getNavigationBarColor() 0
03-17 12:51:54.682  1948  1948 D PageOverlayMover: isMoving : false
03-17 12:51:54.683  1043  1069 I WindowManager: Reparenting to leash, surface=Surface(name=AppWindowToken{a1f7fae token=Token{dd7c029 ActivityRecord{b9d19b0 u0 com.sec.android.app.launcher/.activities.LauncherActivity t14}}})/@0x53ab1be
03-17 12:51:54.684   513   578 I SurfaceFlinger: id=5554 createSurf (0x0),-1 flag=80004, Surface(name=AppWindowToken{a1f7fae token=Token{dd7c029 ActivityRecord{b9d19b0 u0 com.sec.android.app.launcher/.activities.LauncherActivity t14}}})/@0x53ab1be - animation-leash#0
03-17 12:51:54.684  1043  1069 D WindowManager: makeSurface duration=1 leash=Surface(name=Surface(name=AppWindowToken{a1f7fae token=Token{dd7c029 ActivityRecord{b9d19b0 u0 com.sec.android.app.launcher/.activities.LauncherActivity t14}}})/@0x53ab1be - animation-leash)/@0xbed5c29
03-17 12:51:54.684  1948  1948 D InputMethodManager: prepareNavigationBarInfo() DecorView@8f4eea7[LauncherActivity]
03-17 12:51:54.684   513   578 I SurfaceFlinger: id=5555 createSurf (0x0),-1 flag=80004, Surface(name=AppWindowToken{a1f7fae token=Token{dd7c029 ActivityRecord{b9d19b0 u0 com.sec.android.app.launcher/.activities.LauncherActivity t14}}})/@0x53ab1be - animation-bounds#0
03-17 12:51:54.684  1948  1948 D InputMethodManager: getNavigationBarColor() 0
03-17 12:51:54.684  1948  1948 V InputMethodManager: Starting input: tba=com.sec.android.app.launcher ic=null mNaviBarColor 0 mIsGetNaviBarColorSuccess true , NavVisible : true , NavTrans : false
03-17 12:51:54.684  1948  1948 D InputMethodManager: startInputInner - Id : 0
03-17 12:51:54.684  1948  1948 I InputMethodManager: startInputInner - mService.startInputOrWindowGainedFocus
03-17 12:51:54.685  1043  1693 D InputMethodManagerService: mSecureKeypadEnabled = false
03-17 12:51:54.685  1043  1693 V InputMethodManagerService: startInputOrWindowGainedFocusInternalLocked: reason=WINDOW_FOCUS_GAIN client=android.os.BinderProxy@a4ec3e inputContext=null missingMethods= attribute=android.view.inputmethod.EditorInfo@6daebae startInputFlags=FIRST_WINDOW_FOCUS_GAIN|INITIAL_CONNECTION softInputMode=STATE_UNSPECIFIED|ADJUST_NOTHING|IS_FORWARD_NAVIGATION windowFlags=#81910100 unverifiedTargetSdkVersion=28
03-17 12:51:54.686  1043  1069 D PkgPredictorService: pkg:com.sec.android.app.launcher activity:com.sec.android.app.launcher.activities.LauncherActivity thisTime:-1
03-17 12:51:54.688  1043  1693 V InputMethodManagerService: IME PreRendering MASTER flag: false, LowRam: false
03-17 12:51:54.688  1043  1693 V InputMethodManagerService: Unspecified window will hide input
03-17 12:51:54.688  1043  1693 V InputMethodManagerService: hideCurrentInputLocked : shouldHideSoftInput is false
03-17 12:51:54.688  1043  1693 D InputMethodManagerService: DESKTOP MODE! : 2
03-17 12:51:54.688  1043  1693 D InputMethodManagerService: NOT IN KNOX DESKTOP MODE!
03-17 12:51:54.688  1043  1693 V InputMethodManagerService: getDisplayIdOfInputMethodWindowToBeAdded : 0
03-17 12:51:54.688  1043  1693 V InputMethodManagerService: switching to client: client=android.os.BinderProxy@a4ec3e keyguard=false
03-17 12:51:54.688  1043  1693 V InputMethodManagerService: Enabling: SessionState{uid 10152 pid 1948 method 68d7ce9 session f66cc3d channel ClientState{577878 uid=10152 pid=1948 displayId=0} (server)}
03-17 12:51:54.689  1043  1693 D InputMethodManagerService: checkDisplayOfStartInputAndUpdateKeyboard display Id 0last 0
03-17 12:51:54.689  1043  1693 D InputTransport: Input channel constructed: 'ClientS', fd=621
03-17 12:51:54.689  1043  1693 D InputTransport: Input channel destroyed: 'ClientS', fd=621
03-17 12:51:54.689 29071 29071 I dex2oat : setting boot class path to /apex/com.android.runtime/javalib/core-oj.jar:/apex/com.android.runtime/javalib/core-libart.jar:/apex/com.android.runtime/javalib/okhttp.jar:/apex/com.android.runtime/javalib/bouncycastle.jar:/apex/com.android.runtime/javalib/apache-xml.jar:/system/framework/framework.jar:/system/framework/ext.jar:/system/framework/telephony-common.jar:/system/framework/voip-common.jar:/system/framework/ims-common.jar:/system/framework/knoxsdk.jar:/system/framework/knoxanalyticssdk.jar:/system/framework/smartbondingservice.jar:/system/framework/securetimersdk.jar:/system/framework/fipstimakeystore.jar:/system/framework/timakeystore.jar:/system/framework/sec_sdp_sdk.jar:/system/framework/sec_sdp_hidden_sdk.jar:/system/framework/drutils.jar:/system/framework/android.test.base.jar:/system/framework/SmpsManager.jar:/system/framework/ucmopensslenginehelper.jar:/system/framework/esecomm.jar
03-17 12:51:54.690 16502 16502 I HONEYBOARD: HoneyBoardService onFinishInput 
03-17 12:51:54.691 16502 16502 I HONEYBOARD: a IC have been unbinded,  InputConnectionWrapper{idHash=#e0b595c mMissingMethods=}
03-17 12:51:54.691 16502 16502 I HONEYBOARD: HoneyBoardService [PF_CL][onFinishInput]  356269 ns 
03-17 12:51:54.691 16502 16502 D InputMethodService: checkDisplayOfStartInputAndUpdateKeyboard display Id 0last 0
03-17 12:51:54.691 16502 16502 I HONEYBOARD: HoneyBoardService [IMI] onStartInput - caller pid : 1948 , caller uid : 10152 
03-17 12:51:54.691 16502 16502 I HONEYBOARD: i updateConfigs 
03-17 12:51:54.692 16502 16502 I HONEYBOARD: i isEnabledNightMode : true 
03-17 12:51:54.692 16502 16502 I HONEYBOARD: a IC have been binded, InputConnectionWrapper{idHash=#9374465 mMissingMethods=} 
03-17 12:51:54.692 16502 16502 I HONEYBOARD: h [EditorInputType]setPrivateImeOptionsToTable privateImeOptions ( null )
03-17 12:51:54.692 16502 16502 I HONEYBOARD: b incognitoMode : false 
03-17 12:51:54.692 16502 16502 I HONEYBOARD: h getDefaultInputRange : UNKNOWN 
03-17 12:51:54.693 16502 16502 I HONEYBOARD: a currentState : 0 
03-17 12:51:54.693 16502 16502 I HONEYBOARD: a [UpdatePolicy] [post] a: 0 cl: 4653074 kit: [0/9] vt: 0 ir: 1 
03-17 12:51:54.694 16502 16502 I HONEYBOARD: HoneyBoardService [PF_OP][onStartInput]  2676193 ns 
03-17 12:51:54.698  1396  1396 V NavBarStoreImpl: handleEvent [EventType] GET_BOOL_USE_NAVBAR_BACKGROUND_FRAME [Module] NavigationBarTransitions
03-17 12:51:54.698  1396  1396 V NavBarStoreImpl: --[Band]COLOR_PACK_GET_USE_NAVBAR_BACKGROUND_FRAME
03-17 12:51:54.698  1396  1396 V NavBarStoreImpl: ----isEnabled(NAVBAR_GESTURAL_MODE)=false
03-17 12:51:54.698  1396  1396 V NavBarStoreImpl: ----isEnabled(NAVBAR_OPAQUE)=false
03-17 12:51:54.698  1396  1396 V NavBarStoreImpl: ----setResult(GET_BOOL_USE_NAVBAR_BACKGROUND_FRAME)
03-17 12:51:54.698  1396  1396 V NavBarStoreImpl: getResult(GET_BOOL_USE_NAVBAR_BACKGROUND_FRAME)=false
03-17 12:51:54.704   513   513 I SurfaceFlinger: Display 0 HWC layers:
03-17 12:51:54.704   513   513 I SurfaceFlinger:     type    |    handle    | flag |  format   |   source crop (l,t,r,b)    |         frame       | name 
03-17 12:51:54.704   513   513 I SurfaceFlinger: ------------+--------------+------+-----------+----------------------------+---------------------+------
03-17 12:51:54.704   513   513 I SurfaceFlinger:      DEVICE | 0x778a519240 | 0000 | RGBA_8888 |   0.0    0.0 1080.0 2220.0 |    0    0 1080 2220 | com.android.systemui.infinity.InfinityWallpaperBlue$_1803#0
03-17 12:51:54.704   513   513 I SurfaceFlinger:      DEVICE | 0x77a7eabf00 | 0000 | RGBA_8888 |   0.0    0.0 1080.0   63.0 |    0    0 1080   63 | StatusBar$_1396#0
03-17 12:51:54.704   513   513 I SurfaceFlinger:      DEVICE | 0x77a7eaf9c0 | 0000 | RGBA_8888 |   0.0    0.0   67.0  342.0 | 1013  398 1080  740 | com.samsung.android.app.cocktailbars[...]arservice.CocktailBarService$_5554#0
03-17 12:51:54.704   513   513 I SurfaceFlinger:      DEVICE | 0x77a7eae980 | 0000 | RGBA_8888 |   0.0    0.0 1080.0  126.0 |    0 2094 1080 2220 | NavigationBar0$_1396#0
03-17 12:51:54.704   513   513 I SurfaceFlinger: 
03-17 12:51:54.715  1043  2948 D InputDispatcher: Focus entered window (1948): 5b45bc5 in display 0 0
03-17 12:51:54.719   513   513 I SurfaceFlinger: Display 0 HWC layers:
03-17 12:51:54.719   513   513 I SurfaceFlinger:     type    |    handle    | flag |  format   |   source crop (l,t,r,b)    |         frame       | name 
03-17 12:51:54.719   513   513 I SurfaceFlinger: ------------+--------------+------+-----------+----------------------------+---------------------+------
03-17 12:51:54.719   513   513 I SurfaceFlinger:      DEVICE | 0x778a519240 | 0000 | RGBA_8888 |   0.0    0.0 1080.0 2220.0 |    0    0 1080 2220 | com.android.systemui.infinity.InfinityWallpaperBlue$_1803#0
03-17 12:51:54.719   513   513 I SurfaceFlinger:      DEVICE | 0x77a7eabc80 | 0000 | RGBA_8888 |   0.0    0.0 1080.0 2220.0 |    0    0 1080 2220 | com.sec.android.app.launcher/com.sec[...].activities.LauncherActivity$_1948#0
03-17 12:51:54.719   513   513 I SurfaceFlinger:      DEVICE | 0x77a7eabf00 | 0000 | RGBA_8888 |   0.0    0.0 1080.0   63.0 |    0    0 1080   63 | StatusBar$_1396#0
03-17 12:51:54.719   513   513 I SurfaceFlinger:      DEVICE | 0x77a7eaf9c0 | 0000 | RGBA_8888 |   0.0    0.0   67.0  342.0 | 1013  398 1080  740 | com.samsung.android.app.cocktailbars[...]arservice.CocktailBarService$_5554#0
03-17 12:51:54.719   513   513 I SurfaceFlinger:      DEVICE | 0x77a7eaccc0 | 0000 | RGBA_8888 |   0.0    0.0 1080.0  126.0 |    0 2094 1080 2220 | NavigationBar0$_1396#0
03-17 12:51:54.719   513   513 I SurfaceFlinger: 
03-17 12:51:54.782  1043  1418 D MdnieScenarioControlService:  packageName : com.sec.android.app.launcher    className : com.android.launcher3.Launcher
03-17 12:51:54.783  1043  1418 V MdnieScenarioControlService: setUIMode from UI function(3)
03-17 12:51:54.785 29071 29071 I ApkToolkit: <FIVE>: Enter to StartProvisionOat
03-17 12:51:54.785 29071 29071 I ApkToolkit: <FIVE>: Exit from StartProvisionOat
03-17 12:51:54.785 29071 29071 I dex2oat : Running dex2oat (parent PID = 765)
03-17 12:51:54.795 29071 29071 W dex2oat : Accessing hidden method Landroid/view/WindowInsets$Type;->mandatorySystemGestures()I (blacklist, linking, denied)
03-17 12:51:54.795 29071 29071 W dex2oat : Accessing hidden method Landroid/view/WindowInsets$Type;->tappableElement()I (blacklist, linking, denied)
03-17 12:51:54.795 29071 29071 W dex2oat : Accessing hidden method Landroid/view/WindowInsets$Type;->systemBars()I (blacklist, linking, denied)
03-17 12:51:54.795 29071 29071 W dex2oat : Accessing hidden method Landroid/view/WindowInsets;->getInsets(I)Landroid/graphics/Insets; (blacklist, linking, denied)
