03-17 12:51:54.795 29071 29071 W dex2oat : Accessing hidden method Landroid/view/Window;->getInsetsController()Landroid/view/WindowInsetsController; (blacklist, linking, denied)
03-17 12:51:54.799 29071 29071 W dex2oat : Accessing hidden method Landroid/view/WindowInsets$Builder;->setInsets(ILandroid/graphics/Insets;)Landroid/view/WindowInsets$Builder; (blacklist, linking, denied)
03-17 12:51:54.799 29071 29071 W dex2oat : Accessing hidden method Landroid/view/WindowInsets;->isVisible(I)Z (blacklist, linking, denied)
03-17 12:51:54.799 29071 29071 W dex2oat : Accessing hidden method Landroid/view/WindowInsets$Type;->ime()I (blacklist, linking, denied)
03-17 12:51:54.799 29071 29071 W dex2oat : Accessing hidden method Landroid/view/WindowInsets$Type;->systemGestures()I (blacklist, linking, denied)
03-17 12:51:54.857  1043  1333 D WifiSwitchForIndividualAppsService: isPackageException - result:1, com.sec.android.app.launcher
03-17 12:51:54.870 29071 29071 I ApkToolkit: <FIVE>: Enter to ProvisionOat
03-17 12:51:54.870 29071 29071 I ApkToolkit: Use APK V2 signature. APK: /data/app/com.example.ai_flutter_agent_example-LXdtAIcsTz9pvkRnV_NA4Q==/base.apk
03-17 12:51:54.871 29071 29071 I ApkToolkit: Found the best signature algorithm ID: 0x103
03-17 12:51:54.894 29071 29071 I ApkToolkit: FiveSign starts: zip_fd = 8, fd = 10.
03-17 12:51:54.894 29071 29071 I ApkToolkit: FiveSignOat: Apk case.
03-17 12:51:54.896 29071 29071 I ApkToolkit: FiveSign finished: 0.
03-17 12:51:54.896 29071 29071 I ApkToolkit: FiveSign starts: zip_fd = 8, fd = 11.
03-17 12:51:54.896 29071 29071 I ApkToolkit: FiveSignOat: Apk case.
03-17 12:51:54.897 29071 29071 I ApkToolkit: FiveSign finished: 0.
03-17 12:51:54.897 29071 29071 I ApkToolkit: <FIVE>: Exit from ProvisionOat
03-17 12:51:54.899 29071 29071 I dex2oat : dex2oat took 220.558ms (381.966ms cpu) (threads: 6) arena alloc=60KB (62392B) java alloc=572KB (586512B) native alloc=2033KB (2082136B) free=726KB (744104B)
03-17 12:51:54.903   765 10943 D installd: No property in map, key: dev.ssrm.app.install.standby, value: -1
03-17 12:51:54.903   765 10943 V installd: not have_install_standby
03-17 12:51:54.903   765 10943 V installd: 
03-17 12:51:54.903   765 10943 V installd: DexInv: --- END '/data/app/com.example.ai_flutter_agent_example-LXdtAIcsTz9pvkRnV_NA4Q==/base.apk' (success) ---
03-17 12:51:54.904  1043  1104 I PackageManager.DexOptimizer: do mInstaller.syncDexopt : com.example.ai_flutter_agent_example
03-17 12:51:54.906   773  1255 I netd    : trafficSetNetPermForUids(4, [10344]) <0.01ms>
03-17 12:51:54.909  1043  1104 D PackageManager: result of install: 1{256857522}
03-17 12:51:54.909   765 10943 E         : Couldn't opendir /data/app/vmdl331120532.tmp: No such file or directory
03-17 12:51:54.909   765 10943 E installd: Failed to delete /data/app/vmdl331120532.tmp: No such file or directory
03-17 12:51:54.910  1948  2849 D PackageInstallerCompatVL: PAI Session onFinished
03-17 12:51:54.910  1043  1104 I ActivityManager: Force stopping com.example.ai_flutter_agent_example appid=10344 user=0: pkg removed
03-17 12:51:54.910   729   729 E audit   : type=1400 audit(1773723114.906:4014): avc:  denied  { getopt } for  pid=1043 comm="Binder:1043_9" scontext=u:r:system_server:s0 tcontext=u:r:shell:s0 tclass=unix_stream_socket permissive=0 SEPF_SM-N960F_10_0030 audit_filtered
03-17 12:51:54.910   729   729 I chatty  : uid=5555(vendor_audit) /system/bin/auditd identical 1 line
03-17 12:51:54.910   729   729 E audit   : type=1400 audit(1773723114.906:4016): avc:  denied  { getopt } for  pid=1043 comm="Binder:1043_9" scontext=u:r:system_server:s0 tcontext=u:r:shell:s0 tclass=unix_stream_socket permissive=0 SEPF_SM-N960F_10_0030 audit_filtered
03-17 12:51:54.911   729   729 E audit   : type=1400 audit(1773723114.910:4017): avc:  denied  { shutdown } for  pid=19533 comm="adbd" scontext=u:r:adbd:s0 tcontext=u:r:shell:s0 tclass=unix_stream_socket permissive=0 SEPF_SM-N960F_10_0030 audit_filtered
03-17 12:51:54.918  1043  1305 D UcmService: onReceive android.intent.action.PACKAGE_REMOVED
03-17 12:51:54.918  1043  1305 D UcmService: Package update in userId-0 and uid-10344
03-17 12:51:54.919  1043  1545 D SLocation: SGeofenceManager - sgfm received : android.intent.action.PACKAGE_REMOVED
03-17 12:51:54.919  1396  1396 D KeyguardUpdateMonitor: received broadcast android.intent.action.PACKAGE_REMOVED
03-17 12:51:54.919  1396  1396 D FaceWidgetMetadataParser: removePackage() key = com.example.ai_flutter_agent_example
03-17 12:51:54.919  1396  1396 D FaceWidgetMusicController_LOCK: onPackageRemoved() pkg = com.example.ai_flutter_agent_example, r = true
03-17 12:51:54.920  1507  1581 D EventHandler_FLP: PACKAGE_REMOVED
03-17 12:51:54.920  1507  1581 D PackageInfoManager_FLP: action : ACTION_PACKAGE_REMOVED, packageName = com.example.ai_flutter_agent_example
03-17 12:51:54.920  1507  1581 V PermissionManager_FLP: handled onPackageRemoved for com.example.ai_flutter_agent_example
03-17 12:51:54.920  1396  1396 D SPluginManagerImpl: onReceive: android.intent.action.PACKAGE_REMOVED, size:{com.android.systemui.recents.OverviewProxyService$5@2c9d901=SPluginInstanceManager@64240701 (action=com.samsung.systemui.action.PLUGIN_EX_RECENTS), com.android.systemui.qscoloring.SecQSColoringPluginMediator@4ed5aec=SPluginInstanceManager@266759218 (action=com.samsung.systemui.coloring.PLUGIN_QSCOLORING), com.android.systemui.statusbar.phone.NotificationPanelView{71e8c33 I.E...... ......ID 0,0-1080,63 #7f0a047e app:id/notification_panel}=SPluginInstanceManager@180321667 (action=com.samsung.systemui.action.PLUGIN_LOCK), com.android.systemui.statusbar.phone.NavBarInteractorManager$1@93bc6b8=SPluginInstanceManager@35162880 (action=com.samsung.systemui.navigationbar.PLUGIN), com.samsung.android.systemui.multistar.MultiStarManager$1@96da4f5=SPluginInstanceManager@13459257 (action=com.samsung.systemui.action.PLUGIN_MULTISTAR), com.android.systemui.volume.VolumeStarInteractor$1@a678fab=SPluginInstanceManager@160110974 (action=com.samsung.systemui.volume.PLUGIN), com.android.systemui.BixbyInteractor$1@a959f40=SPluginInstanceManager@124939999 (action=com.samsung.systemui.bixby2.PLUGIN), com.android.systemui.slimindicator.SlimIndicatorPluginMediator@adf073e=SPluginInstanceManager@150689580 (action=com.samsung.systemui.action.SPLUGIN_SLIMINDICATOR), com.android.systemui.noticenter.NotiCenterPlugin$NotiCenterPluginListener@fd56f6c=SPluginInstanceManager@261862901 (action=com.samsung.systemui.action.PLUGIN_NOTICENTER)}
03-17 12:51:54.921  1671  1671 D RegisteredComponentCache: Collect Tech packages for Knox
03-17 12:51:54.922  1043  1073 D MetaDataCollector: onReceive: begin action=android.intent.action.PACKAGE_REMOVED
03-17 12:51:54.922  1043  1073 D MetaDataCollector: onReceive: done pkgName=com.example.ai_flutter_agent_example
03-17 12:51:54.928  1043  1073 D LauncherAppsService: onReceive: Intent { act=android.intent.action.PACKAGE_REMOVED dat=package:com.example.ai_flutter_agent_example flg=0x4000010 (has extras) }
03-17 12:51:54.929 13921 13921 D BeaconManager[10.0.41.0]: BeaconService.PackageReceiver - action:android.intent.action.PACKAGE_REMOVED, package:com.example.ai_flutter_agent_example
03-17 12:51:54.929  7307  7387 I SystemBroadcastReceiver: [#CMH#] onReceive completed :  0
03-17 12:51:54.930  7307  7307 I ControllerEventHandler: [#CMH#] onPackageRemoved  null
03-17 12:51:54.933  8774  8774 I Finsky  : [2] aihv - Received: android.intent.action.PACKAGE_REMOVED, [rHXXkvBZSR70wqABNLbhWCZBnDTkZvXdlzmXrIOu2L8]
03-17 12:51:54.934  1043  1074 W BroadcastQueue: Background execution not allowed: receiving Intent { act=android.intent.action.PACKAGE_REMOVED dat=package:com.example.ai_flutter_agent_example flg=0x4000010 (has extras) } to android/com.kddi.android.CpaNotiReceiver
03-17 12:51:54.934 28454 28454 I Finsky:background: [2] aihl - Received: android.intent.action.PACKAGE_REMOVED, [rHXXkvBZSR70wqABNLbhWCZBnDTkZvXdlzmXrIOu2L8]
03-17 12:51:54.935  1043  1104 I ActivityManager: Force stopping com.example.ai_flutter_agent_example appid=10344 user=0: pkg removed
03-17 12:51:54.941  1043  1043 D PowerManagerService: [api] setDeviceIdleTempWhitelist: appids: [0]1000 [1]10109  (uid: 1000 pid: 1043)
03-17 12:51:54.943  1378  1378 I VVM.VvmPkgInstalledRcvr: onReceive() : action android.intent.action.PACKAGE_REMOVED packageName :com.example.ai_flutter_agent_example
03-17 12:51:54.944  1043  2948 I Telecom:SamsungTelecomServiceImpl: getCallCapablePhoneAccounts - includeDisabledAccounts : false / callingPackage : com.android.phone
03-17 12:51:54.945  1043  1074 W BroadcastQueue: Background execution not allowed: receiving Intent { act=android.intent.action.PACKAGE_REMOVED dat=package:com.example.ai_flutter_agent_example flg=0x4000010 (has extras) } to com.android.vending/com.google.android.finsky.packagemonitor.impl.PackageMonitorReceiverImpl$RegisteredReceiver
03-17 12:51:54.945  1043  2948 I Telecom:SamsungTelecomServiceImpl: getPhoneAccount - PhoneAccountHandle : ComponentInfo{com.android.phone/com.android.services.telephony.TelephonyConnectionService}, ***, UserHandle{0} / callingPid : 1378 / processName : sts
03-17 12:51:54.950  1043  1043 E SDAgentPackageStateReceiver: Not going to handle 'com.example.ai_flutter_agent_example'!
03-17 12:51:54.951  8774  8774 I Finsky  : [2] AIM: AppInfoCacheUpdater -> invalidating apps: [com.example.ai_flutter_agent_example]
03-17 12:51:54.951  8774  8774 I Finsky  : [2] AIM: AppInfoManager-Perf > getApps > called for 1 apps
03-17 12:51:54.951  1043 29095 D KnoxMUMContainerPolicy: mPackageReceiver : action - android.intent.action.PACKAGE_REMOVED
03-17 12:51:54.951  1043  1074 W BroadcastQueue: Background execution not allowed: receiving Intent { act=android.intent.action.PACKAGE_REMOVED dat=package:com.example.ai_flutter_agent_example flg=0x4000010 (has extras) } to com.android.vending/com.google.android.finsky.packagemonitor.backgroundimpl.BackgroundPackageMonitorReceiverImpl$RegisteredReceiver
03-17 12:51:54.955  8774  8820 I Finsky  : [55980] AIM: AppInfoManager-Perf > OnDeviceAppInfo > cacheHitCount=0, cacheMissCount=1. Missed  in cache (limit 10) : [com.example.ai_flutter_agent_example]
03-17 12:51:54.955  8774  8820 I Finsky  : [55980] AIM: Got app ownership map. App counts: . Unique apps: 0
03-17 12:51:54.956  8774  8820 E Finsky  : [55980] [Counters] attempted to use a non-positive increment for: 4752
03-17 12:51:54.956  1043  1074 W BroadcastQueue: Background execution not allowed: receiving Intent { act=android.intent.action.PACKAGE_REMOVED dat=package:com.example.ai_flutter_agent_example flg=0x4000010 (has extras) } to com.google.android.apps.maps/com.google.android.libraries.social.peoplekit.thirdparty.viewcontrollers.ThirdPartyReceiver
03-17 12:51:54.956  1043  1344 W Looper  : Drained
03-17 12:51:54.957  1043  1074 W BroadcastQueue: Background execution not allowed: receiving Intent { act=android.intent.action.PACKAGE_REMOVED dat=package:com.example.ai_flutter_agent_example flg=0x4000010 (has extras) } to com.google.android.gms/.chimera.GmsIntentOperationService$PersistentTrustedReceiver
03-17 12:51:54.958  1043  1074 W BroadcastQueue: Background execution not allowed: receiving Intent { act=android.intent.action.PACKAGE_REMOVED dat=package:com.example.ai_flutter_agent_example flg=0x4000010 (has extras) } to com.microsoft.office.excel/com.microsoft.android.crosssell.PackageStateReceiver
03-17 12:51:54.958  1043  3462 D SamsungAlarmManager: setInexact Intent (T:3/F:0/AC:false) 20360314T125154 - CU:10091/CP:2645
03-17 12:51:54.958  1043  3462 I SamsungAlarmManager: setLocked to kernel - T:2 / 20260317T125645, SetElapsed=775614214, nowELAPSED=775323435
03-17 12:51:54.959  1043  3462 I SamsungAlarmManager: setLocked to kernel - T:3 / 20260317T125200, SetElapsed=775328477, nowELAPSED=775323435
03-17 12:51:54.959  1043  1074 W BroadcastQueue: Background execution not allowed: receiving Intent { act=android.intent.action.PACKAGE_REMOVED dat=package:com.example.ai_flutter_agent_example flg=0x4000010 (has extras) } to com.microsoft.office.powerpoint/com.microsoft.android.crosssell.PackageStateReceiver
03-17 12:51:54.960  1043  1043 I HarmonyEASService: onReceive : android.intent.action.PACKAGE_REMOVED for 0
03-17 12:51:54.960  1043  1074 W BroadcastQueue: Background execution not allowed: receiving Intent { act=android.intent.action.PACKAGE_REMOVED dat=package:com.example.ai_flutter_agent_example flg=0x4000010 (has extras) } to com.microsoft.office.word/com.microsoft.android.crosssell.PackageStateReceiver
03-17 12:51:54.960  1043  1043 D EnterpriseLicenseService: package removed. userId = 0
03-17 12:51:54.960  1378  1378 D PhoneInterfaceManager: [PhoneIntfMgr] getSubIdForPhoneAccount, Uid : 1001 Pid : 1378 Package name : com.android.phone
03-17 12:51:54.960  1043  1074 W BroadcastQueue: Background execution not allowed: receiving Intent { act=android.intent.action.PACKAGE_REMOVED dat=package:com.example.ai_flutter_agent_example flg=0x4000010 (has extras) } to com.samsung.android.app.sbrowseredge/.data.BookmarkEdgeDataReceiver
03-17 12:51:54.961  1378  1378 I Telephony: SamsungPhoneUtils: getFullIccSerialNumber, subId: 1, phoneId: 0,  iccSerialNumber: 898**************36F
03-17 12:51:54.961  1378  1378 D PhoneInterfaceManager: [PhoneIntfMgr] getSubIdForPhoneAccount, [[X] PhoneAccount: ComponentInfo{com.android.phone/com.android.services.telephony.TelephonyConnectionService}, ***, UserHandle{0} Capabilities: CallProvider MultiUser PlaceEmerg SimSub  Audio Routes: BESW Schemes: tel voicemail  Extras: Bundle[mParcelledData.dataSize=808] GroupId: ***], getId : 898**************36F, subId : 1
03-17 12:51:54.962  1043  1074 W BroadcastQueue: Background execution not allowed: receiving Intent { act=android.intent.action.PACKAGE_REMOVED dat=package:com.example.ai_flutter_agent_example flg=0x4000010 (has extras) } to com.samsung.android.app.soundpicker/.HunReceiver
03-17 12:51:54.963  1378  1378 I Telephony: SamsungTuiRelayReceiver: registerWhoWhoPackageRemovedEvents
03-17 12:51:54.963  1043  1074 W BroadcastQueue: Background execution not allowed: receiving Intent { act=android.intent.action.PACKAGE_REMOVED dat=package:com.example.ai_flutter_agent_example flg=0x4000010 (has extras) } to com.samsung.android.app.taskedge/.edgepanel.TaskEdgePanelProvider
03-17 12:51:54.964  1043  1074 W BroadcastQueue: Background execution not allowed: receiving Intent { act=android.intent.action.PACKAGE_REMOVED dat=package:com.example.ai_flutter_agent_example flg=0x4000010 (has extras) } to com.samsung.android.mateagent/.push.spp.SppDataClearReceiver
03-17 12:51:54.964  1043  1043 D UniversalCredentialManagerService: inside mPkgReciever onReceive : android.intent.action.PACKAGE_REMOVED
03-17 12:51:54.965  1043  1043 D UniversalCredentialManagerService: ACTION_PACKAGE_REMOVED : replacingApp -true
03-17 12:51:54.965  1043  1043 D UniversalCredentialManagerService: ACTION_PACKAGE_REMOVED : No need to cleanup db entries for app update
03-17 12:51:54.965  1043  1043 D PkgPredictorService-MultiUserPkgManager:  receive action is android.intent.action.PACKAGE_REMOVED
03-17 12:51:54.965  1043  1306 D PkgPredictorService-MultiUserPkgManager: handleMessage 100
03-17 12:51:54.965  1043  1306 D PkgPredictorService-MultiUserPkgManager: user=0  uid=10344 onPackageStatusChange com.example.ai_flutter_agent_example action=android.intent.action.PACKAGE_REMOVED
03-17 12:51:54.965  8774  8820 E Finsky  : [55980] [Counters] attempted to use a non-positive increment for: 4753
03-17 12:51:54.965  1043  1074 W BroadcastQueue: Background execution not allowed: receiving Intent { act=android.intent.action.PACKAGE_REMOVED dat=package:com.example.ai_flutter_agent_example flg=0x4000010 (has extras) } to com.samsung.android.sm.devicesecurity/.PackageReceiver
03-17 12:51:54.966  1043  1074 W BroadcastQueue: Background execution not allowed: receiving Intent { act=android.intent.action.PACKAGE_REMOVED dat=package:com.example.ai_flutter_agent_example flg=0x4000010 (has extras) } to com.samsung.cmh/.core.ClearDataReceiver
03-17 12:51:54.967  1043  1043 D SdpManagerService.receiver: onReceive - android.intent.action.PACKAGE_REMOVED
03-17 12:51:54.967  1043  1043 D SdpManagerService.receiver: On android.intent.action.PACKAGE_REMOVED : DATA = package:com.example.ai_flutter_agent_example, UID = 10344, UserId = 0, Is replacing? true
03-17 12:51:54.967  1043  1043 D SdpManagerService.receiver: On android.intent.action.PACKAGE_REMOVED : Skipped!
03-17 12:51:54.967  1043  1043 D CocktailBarManagerServiceContainer: onReceive : android.intent.action.PACKAGE_REMOVED
03-17 12:51:54.967  1043  1074 W BroadcastQueue: Background execution not allowed: receiving Intent { act=android.intent.action.PACKAGE_REMOVED dat=package:com.example.ai_flutter_agent_example flg=0x4000010 (has extras) } to com.sec.android.app.billing/.iap.receiver.IapReceiver
03-17 12:51:54.967  1043  1043 D SEP_UNION_SemDeviceInfoManagerService: onReceive : android.intent.action.PACKAGE_REMOVED, userId = 0 
03-17 12:51:54.968  1043  1080 V MARsPolicyManager: onPackageStatusChange packageName = com.example.ai_flutter_agent_example, uid = 10344
03-17 12:51:54.968  1043  1080 V MARsPolicyManager: handlePackageStatusChange isReInstall don't care!
03-17 12:51:54.968  1043 29100 V EnterpriseBillingAsyncHandler: packageModificationReceiver - onreceive - start - android.intent.action.PACKAGE_REMOVED
03-17 12:51:54.968  1043 29100 V EnterpriseBillingPolicyInternal: packageModification -  start - android.intent.action.PACKAGE_REMOVED
03-17 12:51:54.968  1043 29100 V EnterpriseBillingPolicyInternal: uID is 10344
03-17 12:51:54.968  1043 29100 V EnterpriseBillingPolicyInternal: Removed Packageuid is0
03-17 12:51:54.968  1043 29100 V EnterpriseBillingPolicyStorage: getProfileForApplication - enter
03-17 12:51:54.969  1043 29100 V EnterpriseBillingPolicyStorage: getProfileForApplication - exit null : containerId = 0
03-17 12:51:54.969  1043 29100 V EnterpriseBillingPolicyInternal: packageModificationReceiver - onreceive - personal application - profile null
03-17 12:51:54.972 28454 29094 I Finsky:background: [57337] Wrote row to frosting DB: 1358
03-17 12:51:54.976  1043  1233 I InputReader: Reconfiguring input devices.  changes=0x00000010
03-17 12:51:54.978  8774  8812 I Finsky  : [55971] AIM: AppInfoManager-Perf > OnDeviceAppInfo > cacheHitCount=1, cacheMissCount=0. Missed  in cache (limit 10) : []
03-17 12:51:54.979  8774  8812 I Finsky  : [55971] AIM: Got app ownership map. App counts: . Unique apps: 0
03-17 12:51:54.980  8774  8812 E Finsky  : [55971] [Counters] attempted to use a non-positive increment for: 4752
03-17 12:51:54.980  8774  8812 E Finsky  : [55971] [Counters] attempted to use a non-positive increment for: 4753
03-17 12:51:54.981  1043  1065 D LocationProviderProxy-network: bindBestPackage for com.android.location.service.v3.NetworkLocationProvider :  found 1, new best component: ComponentInfo{com.google.android.gms/com.google.android.location.network.NetworkLocationService}
03-17 12:51:54.981  1507  1581 D EventHandler_FLP: PACKAGE_ADDED
03-17 12:51:54.981  1507  1581 D PackageInfoManager_FLP: action : ACTION_PACKAGE_ADDED, packageName = com.example.ai_flutter_agent_example
03-17 12:51:54.981  1396  1396 D KeyguardUpdateMonitor: received broadcast android.intent.action.PACKAGE_ADDED
03-17 12:51:54.982  1396  1396 D FaceWidgetMetadataParser: updatePackage() com.example.ai_flutter_agent_example true
03-17 12:51:54.982  1043  1065 D LocationProviderProxy-fused: bindBestPackage for com.android.location.service.FusedLocationProvider :  found 2, new best component: ComponentInfo{com.google.android.gms/com.google.android.location.fused.FusedLocationService}
03-17 12:51:54.982  1396  1396 D FaceWidgetMetadataParser: removePackage() key = com.example.ai_flutter_agent_example
03-17 12:51:54.982  1043  1065 D GeocoderProxy: bindBestPackage for com.android.location.service.GeocodeProvider :  found 1, new best component: ComponentInfo{com.google.android.gms/com.google.android.gms.location.geocode.GeocodeService}
03-17 12:51:54.982  1043  1065 D GeofenceProxy: bindBestPackage for com.android.location.service.GeofenceProvider :  found 1, new best component: ComponentInfo{com.google.android.gms/com.google.android.location.internal.GoogleLocationManagerService}
03-17 12:51:54.983  1043  1069 I WindowManager: Reparenting to original parent: Surface(name=Task=14)/@0xd15e0bb, destroyLeash=true, surface=Surface(name=AppWindowToken{a1f7fae token=Token{dd7c029 ActivityRecord{b9d19b0 u0 com.sec.android.app.launcher/.activities.LauncherActivity t14}}})/@0x53ab1be
03-17 12:51:54.983  1043  1065 D ActivityRecognitionProxy: bindBestPackage for com.android.location.service.ActivityRecognitionProvider :  found 1, new best component: ComponentInfo{com.google.android.gms/com.google.android.location.internal.server.HardwareArProviderService}
03-17 12:51:54.983  1507  1581 V PermissionManager_FLP: handled onPackageAdded for com.example.ai_flutter_agent_example(DENY)
03-17 12:51:54.984   513   578 I Layer   : id=5554 removeFromCurrentState Surface(name=AppWindowToken{a1f7fae token=Token{dd7c029 ActivityRecord{b9d19b0 u0 com.sec.android.app.launcher/.activities.LauncherActivity t14}}})/@0x53ab1be - animation-leash#0 (73)
03-17 12:51:54.984   513   578 I Layer   : id=5555 removeFromCurrentState Surface(name=AppWindowToken{a1f7fae token=Token{dd7c029 ActivityRecord{b9d19b0 u0 com.sec.android.app.launcher/.activities.LauncherActivity t14}}})/@0x53ab1be - animation-bounds#0 (73)
03-17 12:51:54.985   513  2473 I SurfaceFlinger: id=5554 Removed Surface(name=AppWindowToken{a1f7fae token=Token{dd7c029 ActivityRecord{b9d19b0 u0 com.sec.android.app.launcher/.activities.LauncherActivity t14}}})/@0x53ab1be - animation-leash#0 (73)
03-17 12:51:54.985   513  2473 I SurfaceFlinger: id=5555 Removed Surface(name=AppWindowToken{a1f7fae token=Token{dd7c029 ActivityRecord{b9d19b0 u0 com.sec.android.app.launcher/.activities.LauncherActivity t14}}})/@0x53ab1be - animation-bounds#0 (73)
03-17 12:51:54.985  1396  1396 D SPluginManagerImpl: onReceive: android.intent.action.PACKAGE_ADDED, size:{com.android.systemui.recents.OverviewProxyService$5@2c9d901=SPluginInstanceManager@64240701 (action=com.samsung.systemui.action.PLUGIN_EX_RECENTS), com.android.systemui.qscoloring.SecQSColoringPluginMediator@4ed5aec=SPluginInstanceManager@266759218 (action=com.samsung.systemui.coloring.PLUGIN_QSCOLORING), com.android.systemui.statusbar.phone.NotificationPanelView{71e8c33 I.E...... ......ID 0,0-1080,63 #7f0a047e app:id/notification_panel}=SPluginInstanceManager@180321667 (action=com.samsung.systemui.action.PLUGIN_LOCK), com.android.systemui.statusbar.phone.NavBarInteractorManager$1@93bc6b8=SPluginInstanceManager@35162880 (action=com.samsung.systemui.navigationbar.PLUGIN), com.samsung.android.systemui.multistar.MultiStarManager$1@96da4f5=SPluginInstanceManager@13459257 (action=com.samsung.systemui.action.PLUGIN_MULTISTAR), com.android.systemui.volume.VolumeStarInteractor$1@a678fab=SPluginInstanceManager@160110974 (action=com.samsung.systemui.volume.PLUGIN), com.android.systemui.BixbyInteractor$1@a959f40=SPluginInstanceManager@124939999 (action=com.samsung.systemui.bixby2.PLUGIN), com.android.systemui.slimindicator.SlimIndicatorPluginMediator@adf073e=SPluginInstanceManager@150689580 (action=com.samsung.systemui.action.SPLUGIN_SLIMINDICATOR), com.android.systemui.noticenter.NotiCenterPlugin$NotiCenterPluginListener@fd56f6c=SPluginInstanceManager@261862901 (action=com.samsung.systemui.action.PLUGIN_NOTICENTER)}
03-17 12:51:54.986  1948  2849 D PluginInstanceManager: queryPkg com.example.ai_flutter_agent_example com.sec.android.app.launcher.action.HOMESCREEN_PLUGIN_EXTENSION_FEATURE
03-17 12:51:54.987  1948  2849 D PluginInstanceManager: Found 0 plugins
03-17 12:51:54.987  1948  2849 D PluginInstanceManager: queryPkg com.example.ai_flutter_agent_example com.sec.android.app.launcher.action.PLUGIN_FOLDER_LAYOUT
03-17 12:51:54.987  1948  2849 D PluginInstanceManager: Found 0 plugins
03-17 12:51:54.987  1948  2849 D PluginInstanceManager: queryPkg com.example.ai_flutter_agent_example com.sec.android.app.launcher.action.HOMESCREEN_PLUGIN_APP_TANSITION_VI_TUNNER
03-17 12:51:54.988  1671  1671 D RegisteredComponentCache: Collect Tech packages for Knox
03-17 12:51:54.988  3387  8756 D [AirCmd]_PackageChangeMonitor: onPackageUpdateFinished
03-17 12:51:54.988  7307  7387 I SystemBroadcastReceiver: [#CMH#] onReceive completed :  0
03-17 12:51:54.988  3387  3387 D [AirCmd]_RemoteActionManager: onPackageChangeDetected : com.example.ai_flutter_agent_example
03-17 12:51:54.988 13921 13921 D BeaconManager[10.0.41.0]: BeaconService.PackageReceiver - action:android.intent.action.PACKAGE_ADDED, package:com.example.ai_flutter_agent_example
03-17 12:51:54.988  1948  2849 D PluginInstanceManager: Found 0 plugins
03-17 12:51:54.988  1948  2849 D PluginInstanceManager: queryPkg com.example.ai_flutter_agent_example com.sec.android.app.launcher.action.HOMESCREEN_PLUGIN_EXPANDABLE_HOME_GRID
03-17 12:51:54.988  1948  2849 D PluginInstanceManager: Found 0 plugins
03-17 12:51:54.989  3387  3387 D [AirCmd]_PenActionRuleManager: onRemoteActionChanged
03-17 12:51:54.989  1948  2849 D PluginInstanceManager: queryPkg com.example.ai_flutter_agent_example com.sec.android.app.launcher.action.HOMESCREEN_PLUGIN_FOLDER_TITLE_SUGGESTION
03-17 12:51:54.989 13892 13944 I dkkb    : (REDACTED) maybeUpdateCacheDataForAddedPackage %s
03-17 12:51:54.989  7307  7307 I ControllerEventHandler: [#CMH#] onPackageAdded  null
03-17 12:51:54.995  1948  2849 D PluginInstanceManager: Found 0 plugins
03-17 12:51:54.995 28454 29094 I Finsky:background: [57337] Wrote row to frosting DB: 1359
03-17 12:51:54.995  1948  2849 D PluginInstanceManager: queryPkg com.example.ai_flutter_agent_example com.sec.android.app.launcher.action.PLUGIN_BACKUP_LAYOUT
03-17 12:51:54.996  1043  1074 W BroadcastQueue: Background execution not allowed: receiving Intent { act=android.intent.action.PACKAGE_REMOVED dat=package:com.example.ai_flutter_agent_example flg=0x4000010 (has extras) } to com.sec.android.app.samsungapps/com.samsung.android.iap.receiver.IapReceiver
03-17 12:51:54.996  1043  1043 D SEP_UNION_SemDeviceInfoManagerService: sendIntentAction() action = android.intent.action.PACKAGE_REMOVED, tag =  
03-17 12:51:54.996  1948  2849 D PluginInstanceManager: Found 0 plugins
03-17 12:51:54.996  1948  2849 D PluginInstanceManager: queryPkg com.example.ai_flutter_agent_example com.sec.android.app.launcher.action.HOMESCREEN_PLUGIN_EXPANDABLE_APPS_GRID
03-17 12:51:54.998  1948  2849 D PluginInstanceManager: Found 0 plugins
03-17 12:51:54.998  1948  2849 D PluginInstanceManager: queryPkg com.example.ai_flutter_agent_example com.sec.android.app.launcher.action.HOMESCREEN_PLUGIN_APPS_PAGE_LOOPING
03-17 12:51:54.998  1948  2849 D PluginInstanceManager: Found 0 plugins
03-17 12:51:54.998  1948  2849 D PluginInstanceManager: queryPkg com.example.ai_flutter_agent_example com.sec.android.app.launcher.action.HOMESCREEN_PLUGIN_FOLDER_FLEXIBLE_GRID
03-17 12:51:54.999   513   513 I Layer   : id=5555[1] Destroyed Surface(name=AppWindowToken{a1f7fae token=Token{dd7c029 ActivityRecord{b9d19b0 u0 com.sec.android.app.launcher/.activities.LauncherActivity t14}}})/@0x53ab1be - animation-bounds#0
03-17 12:51:54.999   513   513 I Layer   : id=5554[1] Destroyed Surface(name=AppWindowToken{a1f7fae token=Token{dd7c029 ActivityRecord{b9d19b0 u0 com.sec.android.app.launcher/.activities.LauncherActivity t14}}})/@0x53ab1be - animation-leash#0
03-17 12:51:55.002  1948  2849 D PluginInstanceManager: Found 0 plugins
03-17 12:51:55.002  1948  2849 D PluginInstanceManager: queryPkg com.example.ai_flutter_agent_example com.sec.android.app.launcher.action.HOMESCREEN_PLUGIN_EXPANDABLE_HOTSEAT
03-17 12:51:55.002 28454 28454 I Finsky:background: [2] aihl - Received: android.intent.action.PACKAGE_ADDED, [rHXXkvBZSR70wqABNLbhWCZBnDTkZvXdlzmXrIOu2L8]
03-17 12:51:55.003  1948  2849 D PluginInstanceManager: Found 0 plugins
03-17 12:51:55.003  1948  2849 D PluginInstanceManager: queryPkg com.example.ai_flutter_agent_example com.sec.android.app.launcher.action.HOMESCREEN_PLUGIN_HOME_BLUR_SETTING
03-17 12:51:55.007  1948  2849 D PluginInstanceManager: Found 0 plugins
03-17 12:51:55.007  1948  2849 D PluginInstanceManager: queryPkg com.example.ai_flutter_agent_example com.sec.android.app.launcher.action.HOMESCREEN_PLUGIN_ICON_SETTING
03-17 12:51:55.008  1948  2849 D PluginInstanceManager: Found 0 plugins
03-17 12:51:55.008  1948  2849 D PluginInstanceManager: queryPkg com.example.ai_flutter_agent_example com.sec.android.app.launcher.action.HOMESCREEN_PLUGIN_GESTURE_VI_TUNNER
03-17 12:51:55.008  1043  1043 D SEP_UNION_SemDeviceInfoManagerService: sendIntentAction() action = android.intent.action.PACKAGE_REMOVED, tag =  
03-17 12:51:55.009  1948  2849 D PluginInstanceManager: Found 0 plugins
03-17 12:51:55.011  1043  1043 I ApplicationPolicy: isApplicationExternalStorageWhitelisted:com.samsung.android.app.galaxyfinder user:0
03-17 12:51:55.011  1043  1043 D ApplicationPolicy: isApplicationExternalStorageWhitelisted: DO is not enabled on user 0. Allowed.
03-17 12:51:55.011  1043  1043 D ActivityManager: package  com.samsung.android.app.galaxyfinder, user - 0 is SDcard whitelisted
03-17 12:51:55.011  1043  1043 I ApplicationPolicy: isApplicationExternalStorageBlacklisted:com.samsung.android.app.galaxyfinder user:0
03-17 12:51:55.011  1043  1043 D ApplicationPolicy: isApplicationExternalStorageBlacklisted: DO is not enabled on user 0. Allowed.
03-17 12:51:55.011  1043  1043 I ApplicationPolicy: isApplicationExternalStorageBlacklisted:com.samsung.android.app.galaxyfinder user:0
03-17 12:51:55.011  1043  1043 D ApplicationPolicy: isApplicationExternalStorageBlacklisted: DO is not enabled on user 0. Allowed.
03-17 12:51:55.011  1043  1043 D SEP_UNION_SemDeviceInfoManagerService: sendIntentAction() action = android.intent.action.PACKAGE_REMOVED, tag =  
03-17 12:51:55.012  1043  1043 I ApplicationPolicy: isApplicationExternalStorageWhitelisted:com.samsung.android.app.galaxyfinder user:0
03-17 12:51:55.012  1043  1043 D ApplicationPolicy: isApplicationExternalStorageWhitelisted: DO is not enabled on user 0. Allowed.
03-17 12:51:55.012  1043  1043 D ActivityManager: package  com.samsung.android.app.galaxyfinder, user - 0 is SDcard whitelisted
03-17 12:51:55.012  1043  1043 I ApplicationPolicy: isApplicationExternalStorageBlacklisted:com.samsung.android.app.galaxyfinder user:0
03-17 12:51:55.012  1043  1043 D ApplicationPolicy: isApplicationExternalStorageBlacklisted: DO is not enabled on user 0. Allowed.
03-17 12:51:55.012  1043  1043 I ApplicationPolicy: isApplicationExternalStorageBlacklisted:com.samsung.android.app.galaxyfinder user:0
03-17 12:51:55.012  1043  1043 D ApplicationPolicy: isApplicationExternalStorageBlacklisted: DO is not enabled on user 0. Allowed.
03-17 12:51:55.012  1043  1043 D SEP_UNION_SemDeviceInfoManagerService: sendIntentAction() action = android.intent.action.PACKAGE_REMOVED, tag =  
03-17 12:51:55.015  1043  1043 D SEP_UNION_SemDeviceInfoManagerService: sendIntentAction() action = android.intent.action.PACKAGE_REMOVED, tag =  
03-17 12:51:55.016  1043  2948 D SamsungAlarmManager: setInexact Intent (T:3/F:0/AC:false) 20360314T125154 - CU:10091/CP:20656
03-17 12:51:55.016  1043  2948 I SamsungAlarmManager: setLocked to kernel - T:2 / 20260317T125645, SetElapsed=775614214, nowELAPSED=775323492
03-17 12:51:55.016  1043  2948 I SamsungAlarmManager: setLocked to kernel - T:3 / 20260317T125200, SetElapsed=775328477, nowELAPSED=775323492
03-17 12:51:55.016 28454 28493 I Finsky:background: [57303] IQ:PSL: skipping onPackageRemoved(replacing=true) for untracked package=com.example.ai_flutter_agent_example
03-17 12:51:55.017  8774  8774 I Finsky  : [2] aihv - Received: android.intent.action.PACKAGE_ADDED, [rHXXkvBZSR70wqABNLbhWCZBnDTkZvXdlzmXrIOu2L8]
03-17 12:51:55.017  1043  1886 W BroadcastQueue: Background execution not allowed: receiving Intent { act=android.intent.action.PACKAGE_REMOVED dat=package:com.example.ai_flutter_agent_example flg=0x4000010 (has extras) } to com.sec.imsservice/com.sec.internal.ims.imsservice.ImsIntentReceiver
03-17 12:51:55.025  1378  1378 D CarrierSvcBindHelper: No carrier app for: 0
03-17 12:51:55.025 10666 10666 I AppListCacheReceiver: onReceive START action : action_package_removed
03-17 12:51:55.025 10666 10666 I AppListCacheReceiver: onReceive END
03-17 12:51:55.026  1043  1043 D UpdateReceiver:: Action: android.intent.action.PACKAGE_ADDED
03-17 12:51:55.031   697   697 D Zygote  : Forked child process 29116
03-17 12:51:55.031  8774 29102 I Finsky  : [56107] SCH: Received scheduling request: Id: 12-1, Constraints: [{ L: 15000, D: 86400000, C: CHARGING_NONE, I: IDLE_NONE, N: NET_ANY, B: BATTERY_ANY }]
03-17 12:51:55.031  1378  1378 E PhoneInterfaceManager: [PhoneIntfMgr] getCarrierPackageNamesForIntent: No UICC
03-17 12:51:55.031  1378  1378 D CarrierSvcBindHelper: No carrier app for: 1
03-17 12:51:55.035 29116 29116 E Zygote  : isWhitelistProcess - Process is Whitelisted
03-17 12:51:55.036 29116 29116 E Zygote  : accessInfo : 1
03-17 12:51:55.046  1378  1378 D CarrierSvcBindHelper: No carrier app for: 0
03-17 12:51:55.046  1378  1378 E PhoneInterfaceManager: [PhoneIntfMgr] getCarrierPackageNamesForIntent: No UICC
03-17 12:51:55.046  1378  1378 D CarrierSvcBindHelper: No carrier app for: 1
03-17 12:51:55.047  1378  1378 I VVM.VvmPkgInstalledRcvr: onReceive() : action android.intent.action.PACKAGE_ADDED packageName :com.example.ai_flutter_agent_example
03-17 12:51:55.048 29116 29116 E nder:tagservic: Not starting debugger since process cannot load the jdwp agent.
03-17 12:51:55.049  1043  1074 W BroadcastQueue: Background execution not allowed: receiving Intent { act=android.intent.action.PACKAGE_REMOVED dat=package:com.example.ai_flutter_agent_example flg=0x4000010 (has extras) } to com.google.android.apps.photos/com.google.android.libraries.social.peoplekit.thirdparty.viewcontrollers.ThirdPartyReceiver
03-17 12:51:55.049  1043  1043 E SDAgentPackageStateReceiver: Not going to handle 'com.example.ai_flutter_agent_example'!
03-17 12:51:55.050  1043  1075 I ActivityManager: Start proc 29116:com.samsung.android.app.galaxyfinder:tagservice/u0a78 for service {com.samsung.android.app.galaxyfinder/com.samsung.android.app.galaxyfinder.acceleration.TagBoosterService}
03-17 12:51:55.055  1043  3462 I Telecom:SamsungTelecomServiceImpl: getCallCapablePhoneAccounts - includeDisabledAccounts : false / callingPackage : com.android.phone
03-17 12:51:55.056  8774  8774 I Finsky  : [2] AIM: AppInfoCacheUpdater -> invalidating apps: [com.example.ai_flutter_agent_example]
03-17 12:51:55.056  8774  8774 I Finsky  : [2] AIM: AppInfoManager-Perf > getApps > called for 1 apps
03-17 12:51:55.058 10666 13338 D AppListCacheIndexingManager: deletePackage : row = 1
03-17 12:51:55.058  1043  2955 I Telecom:SamsungTelecomServiceImpl: getPhoneAccount - PhoneAccountHandle : ComponentInfo{com.android.phone/com.android.services.telephony.TelephonyConnectionService}, ***, UserHandle{0} / callingPid : 1378 / processName : sts
03-17 12:51:55.061  1043  1043 D ApplicationPolicy: packageInstalledForExternalStorage com.example.ai_flutter_agent_example
03-17 12:51:55.062  1043  1043 D ApplicationPolicy: checkExternalStoragePkg - uid - 1000, key - PackageNameExternalStorageWhiteList, packageName- com.example.ai_flutter_agent_example
03-17 12:51:55.062  1043  1043 D ApplicationPolicy: checkExternalStoragePkg : Not match found
03-17 12:51:55.062  1043  1043 D ApplicationPolicy: checkExternalStoragePkg - uid - 1000, key - PackageNameExternalStorageBlackList, packageName- com.example.ai_flutter_agent_example
03-17 12:51:55.062  1043  1043 D ApplicationPolicy: checkExternalStoragePkg - uid - 10097, key - PackageNameExternalStorageWhiteList, packageName- com.example.ai_flutter_agent_example
03-17 12:51:55.062  1043  1043 I chatty  : uid=1000 system_server identical 2 lines
03-17 12:51:55.062  1043  1043 D ApplicationPolicy: checkExternalStoragePkg - uid - 10097, key - PackageNameExternalStorageBlackList, packageName- com.example.ai_flutter_agent_example
03-17 12:51:55.062  1043  1043 D ApplicationPolicy: checkExternalStoragePkg : Not match found
03-17 12:51:55.063  1043 29132 D KnoxMUMContainerPolicy: mPackageReceiver : action - android.intent.action.PACKAGE_ADDED
03-17 12:51:55.065  1043  1043 D GameManagerService: identifyGamePackage. com.example.ai_flutter_agent_example, mCurrentUserId: 0, callerUserId: 0
03-17 12:51:55.065  1043  1074 W BroadcastQueue: Background execution not allowed: receiving Intent { act=android.intent.action.PACKAGE_REMOVED dat=package:com.example.ai_flutter_agent_example flg=0x4000010 (has extras) } to com.google.android.videos/com.google.android.libraries.social.peoplekit.thirdparty.viewcontrollers.ThirdPartyReceiver
03-17 12:51:55.066   697   697 D Zygote  : Forked child process 29137
03-17 12:51:55.067  1043  1043 D GamePkgDataHelper: getGamePkgData(). com.example.ai_flutter_agent_example
03-17 12:51:55.068  1043  1043 D PkgPredictorService-MultiUserPkgManager:  receive action is android.intent.action.PACKAGE_ADDED
03-17 12:51:55.069  1043  1306 D PkgPredictorService-MultiUserPkgManager: handleMessage 100
03-17 12:51:55.069  1043  1306 D PkgPredictorService-MultiUserPkgManager: user=0  uid=10344 onPackageStatusChange com.example.ai_flutter_agent_example action=android.intent.action.PACKAGE_ADDED
03-17 12:51:55.070 29137 29137 E Zygote  : isWhitelistProcess - Process is Whitelisted
03-17 12:51:55.070 29137 29137 E Zygote  : accessInfo : 1
03-17 12:51:55.073 29116 29116 D ActivityThread: setConscryptValidator
03-17 12:51:55.073 29116 29116 D ActivityThread: setConscryptValidator - put
03-17 12:51:55.076 29137 29137 E nder:appservic: Not starting debugger since process cannot load the jdwp agent.
03-17 12:51:55.082 28454 29094 I Finsky:background: [57337] Wrote row to frosting DB: 1360
03-17 12:51:55.084  8774  8812 I Finsky  : [55971] AIM: AppInfoManager-Perf > OnDeviceAppInfo > cacheHitCount=0, cacheMissCount=1. Missed  in cache (limit 10) : [com.example.ai_flutter_agent_example]
03-17 12:51:55.085 29137 29137 D ActivityThread: setConscryptValidator
03-17 12:51:55.086 29137 29137 D ActivityThread: setConscryptValidator - put
03-17 12:51:55.086  1043  1043 I PersonaManagerService::Proxy: newPackage is com.example.ai_flutter_agent_example
03-17 12:51:55.087  1043  1043 I Telecom : DefaultDialerCache: Refreshing default dialer for user 0: now com.samsung.android.dialer: DDC.oR@DZk
03-17 12:51:55.087  1043  1043 D CocktailBarManagerServiceContainer: onReceive : android.intent.action.PACKAGE_ADDED
03-17 12:51:55.088  8774  8820 I Finsky  : [55980] AIM: Got app ownership map. App counts: . Unique apps: 0
03-17 12:51:55.088  8774  8820 E Finsky  : [55980] [Counters] attempted to use a non-positive increment for: 4752
03-17 12:51:55.088  8774  8820 I Finsky  : [55980] AIM: AppInfoManager-Perf > OnDeviceAppInfo > cacheHitCount=1, cacheMissCount=0. Missed  in cache (limit 10) : []
03-17 12:51:55.090  8774  8820 E Finsky  : [55980] [Counters] attempted to use a non-positive increment for: 4753
03-17 12:51:55.090  8774  8820 I Finsky  : [55980] AIM: Got app ownership map. App counts: . Unique apps: 0
03-17 12:51:55.090  2645 29099 I Fitness : (REDACTED) FitCleanupIntentOperation received Intent %s
03-17 12:51:55.092 28454 29094 I Finsky:background: [57337] Wrote row to frosting DB: 1361
03-17 12:51:55.094  1043 29150 V EnterpriseBillingAsyncHandler: packageModificationReceiver - onreceive - start - android.intent.action.PACKAGE_ADDED
03-17 12:51:55.095  1043 29150 V EnterpriseBillingPolicyInternal: packageModification -  start - android.intent.action.PACKAGE_ADDED
03-17 12:51:55.095  1043 29150 V EnterpriseBillingPolicyInternal: uID is 10344
03-17 12:51:55.095  1043 29150 V EnterpriseBillingPolicyInternal: Removed Packageuid is0
03-17 12:51:55.095  1043 29150 V EnterpriseBillingPolicyStorage: getProfileForApplication - enter
03-17 12:51:55.099  1043 29150 V EnterpriseBillingPolicyStorage: getProfileForApplication - exit null : containerId = 0
03-17 12:51:55.099  1043 29150 V EnterpriseBillingPolicyInternal: packageModificationReceiver - onreceive - personal application - profile null
03-17 12:51:55.100  8774  8821 I Finsky  : [55981] AIM: AppInfoManager-Perf > ItemModel > CacheSize=53, cacheHitCount=0, cacheMissCount=0, total appsWithNoServerDataCount=6. Missed  in cache (limit 10) : []
03-17 12:51:55.100  8774  8820 E Finsky  : [55980] [Counters] attempted to use a non-positive increment for: 4752
03-17 12:51:55.101  8774  8820 E Finsky  : [55980] [Counters] attempted to use a non-positive increment for: 4753
03-17 12:51:55.111 20656 20684 I gle.android.gm: Compiler allocated 4325KB to compile int m54.bpbp.c(java.lang.Object, byte[], int, int, int, m54.boxz)
03-17 12:51:55.115  1043  1233 I InputReader: Reconfiguring input devices.  changes=0x00000010
03-17 12:51:55.135  8774  8816 I Finsky  : [55976] AIM: AppInfoManager-Perf > ItemModel > CacheSize=53, cacheHitCount=0, cacheMissCount=0, total appsWithNoServerDataCount=6. Missed  in cache (limit 10) : []
03-17 12:51:55.139  8774  8820 I Finsky  : [55980] AIM: AppInfoManager-Perf > getApps > data collection finished
03-17 12:51:55.139  8774  8820 I Finsky  : [55980] AIM: AppInfoManager-Perf > maybeDestroyAppInfoManager is called. actives = 1
03-17 12:51:55.145  1043  1075 I ActivityManager: Start proc 29137:com.samsung.android.app.galaxyfinder:appservice/u0a78 for service {com.samsung.android.app.galaxyfinder/com.samsung.android.app.galaxyfinder.acceleration.AppCoreService}
03-17 12:51:55.146  1043  1694 I ActivityManager: DSS OFF for com.samsung.android.app.galaxyfinder
03-17 12:51:55.149  8774  8821 I Finsky  : [55981] AIM: AppInfoManager-Perf > ItemModel > CacheSize=53, cacheHitCount=0, cacheMissCount=0, total appsWithNoServerDataCount=6. Missed  in cache (limit 10) : []
03-17 12:51:55.151  8774  8820 I Finsky  : [55980] AIM: AppInfoManager-Perf > ItemModel > CacheSize=53, cacheHitCount=0, cacheMissCount=0, total appsWithNoServerDataCount=6. Missed  in cache (limit 10) : []
03-17 12:51:55.152  1043  2888 I ActivityManager: DSS OFF for com.samsung.android.app.galaxyfinder
03-17 12:51:55.154 28454 28454 I Finsky:background: [2] aihl - Received: android.intent.action.PACKAGE_ADDED, [rHXXkvBZSR70wqABNLbhWCZBnDTkZvXdlzmXrIOu2L8]
03-17 12:51:55.166 29116 29116 D ApplicationLoaders: Returning zygote-cached class loader: /system/framework/android.hidl.base-V1.0-java.jar
03-17 12:51:55.166 29116 29116 D ApplicationLoaders: Returning zygote-cached class loader: /system/framework/android.hidl.manager-V1.0-java.jar
03-17 12:51:55.166 29116 29116 D ApplicationLoaders: Returning zygote-cached class loader: /system/framework/android.hidl.base-V1.0-java.jar
03-17 12:51:55.168  8774 29102 I Finsky  : [56107] SCH: Received scheduling request: Id: 12-1, Constraints: [{ L: 15000, D: 86400000, C: CHARGING_NONE, I: IDLE_NONE, N: NET_ANY, B: BATTERY_ANY }]
03-17 12:51:55.169  8774  8774 I Finsky  : [2] DTU: Received onPackageAdded, replacing: true
03-17 12:51:55.170  1948  1948 D Launcher: onEnterAnimationComplete.
03-17 12:51:55.170 29137 29137 D ApplicationLoaders: Returning zygote-cached class loader: /system/framework/android.hidl.base-V1.0-java.jar
03-17 12:51:55.170 29137 29137 D ApplicationLoaders: Returning zygote-cached class loader: /system/framework/android.hidl.manager-V1.0-java.jar
03-17 12:51:55.171 29137 29137 D ApplicationLoaders: Returning zygote-cached class loader: /system/framework/android.hidl.base-V1.0-java.jar
03-17 12:51:55.171 28454 28454 I Finsky:background: [2] aihl - Deduping intent android.intent.action.PACKAGE_ADDED
03-17 12:51:55.171  1043  1043 V BackupManagerConstants: getFullBackupIntervalMilliseconds(...) returns 86400000
03-17 12:51:55.171  1043  1043 V BackupManagerConstants: getFullBackupRequiredNetworkType(...) returns 2
03-17 12:51:55.171  1043  1043 V BackupManagerConstants: getFullBackupRequireCharging(...) returns true
03-17 12:51:55.175  1043  1066 W Looper  : Slow dispatch took 105ms android.ui h=com.android.server.am.ActivityManagerService$UiHandler c=null m=53
03-17 12:51:55.176  1378  1378 D PhoneInterfaceManager: [PhoneIntfMgr] getSubIdForPhoneAccount, Uid : 1001 Pid : 1378 Package name : com.android.phone
03-17 12:51:55.176  1378  1378 I Telephony: SamsungPhoneUtils: getFullIccSerialNumber, subId: 1, phoneId: 0,  iccSerialNumber: 898**************36F
03-17 12:51:55.176  1378  1378 D PhoneInterfaceManager: [PhoneIntfMgr] getSubIdForPhoneAccount, [[X] PhoneAccount: ComponentInfo{com.android.phone/com.android.services.telephony.TelephonyConnectionService}, ***, UserHandle{0} Capabilities: CallProvider MultiUser PlaceEmerg SimSub  Audio Routes: BESW Schemes: tel voicemail  Extras: Bundle[mParcelledData.dataSize=808] GroupId: ***], getId : 898**************36F, subId : 1
03-17 12:51:55.180  1043  1080 V MARsPolicyManager: onPackageStatusChange packageName = com.example.ai_flutter_agent_example, uid = 10344
03-17 12:51:55.180  1043  1043 D SEP_UNION_SemDeviceInfoManagerService: onReceive : android.intent.action.PACKAGE_ADDED, userId = 0 
03-17 12:51:55.187  8774  8774 I Finsky  : [2] aihv - Received: android.intent.action.PACKAGE_ADDED, [rHXXkvBZSR70wqABNLbhWCZBnDTkZvXdlzmXrIOu2L8]
03-17 12:51:55.187 29137 29137 D SamsungAnalytics605050: [Tracker] Tracker start:6.05.050
03-17 12:51:55.190  8774 29060 I System.out: (HTTPLog)-Static: isSBSettingEnabled false
03-17 12:51:55.190  8774 29060 I System.out: (HTTPLog)-Static: isSBSettingEnabled false
03-17 12:51:55.193 28454 29094 I Finsky:background: [57337] Wrote row to frosting DB: 1362
03-17 12:51:55.195  1378  1378 D ImsResolver: maybeAddedImsService, packageName: com.example.ai_flutter_agent_example
03-17 12:51:55.196  8774  8774 I Finsky  : [2] aihv - Deduping intent android.intent.action.PACKAGE_ADDED
03-17 12:51:55.197  8774 29042 I System.out: (HTTPLog)-Static: isSBSettingEnabled false
03-17 12:51:55.197  8774 29042 I System.out: (HTTPLog)-Static: isSBSettingEnabled false
03-17 12:51:55.199   773   859 D EnterpriseController: netId is 0
03-17 12:51:55.199   773   859 E Netd    : getNetworkForDns: getNetId from enterpriseCtrl is netid 0
03-17 12:51:55.199   773   859 D DnsProxyListener: DNSDBG::dns addrinfo af 0 - 10109
03-17 12:51:55.199 29116 29116 D SamsungAnalytics605050: [Tracker] Tracker start:6.05.050
03-17 12:51:55.201  1043  1043 D SEP_UNION_SemDeviceInfoManagerService: sendIntentAction() action = android.intent.action.PACKAGE_ADDED, tag =  
03-17 12:51:55.203  1043 29168 D TspStateManagerInternal: update cmd=set_grip_data,1,60,10,32,888
03-17 12:51:55.213 20656 29123 I Auth    : (REDACTED) [SupervisedAccountIntentOperation] onHandleIntent: %s
03-17 12:51:55.214  1043  1344 W Looper  : Slow delivery took 241ms PermissionSyncThread h=android.os.Handler c=<recycled PooledLambda@bbb6bed> m=0
03-17 12:51:55.219  8774  8821 I Finsky  : [55981] AIM: AppInfoManager-Perf > getApps > data collection finished
03-17 12:51:55.223 29137 29164 D DIAGMON_SDK: dma pkg:670401000
03-17 12:51:55.227  1043  1043 D SEP_UNION_SemDeviceInfoManagerService: sendIntentAction() action = android.intent.action.PACKAGE_ADDED, tag =  
03-17 12:51:55.228  1043  1329 I WifiEleStateTracker: CheckEleEnvironment BD : 12 11 12 11 12 11 MD : -108 -108 -108 -108 -108 -108 WD : -32 -32 -31 -31 -31 -33 GC : false false false false false false SC : false false false false false false SH : false false false false false false TB : false false false false false false
03-17 12:51:55.228  1043  1329 I WifiEleStateTracker: CheckEleEnvironment - finished by expiration count
03-17 12:51:55.229  1043  1329 D WifiConnectivityMonitor: isPackageRunning - top:com.android.launcher3.Launcher
03-17 12:51:55.229  1043  1329 D WifiConnectivityMonitor: isPackageRunning - top:com.android.launcher3.Launcher
03-17 12:51:55.230  1043  1329 I WifiEleStateTracker: enableMobileRssiPolling false
03-17 12:51:55.231  8774  8821 I Finsky  : [55981] AIM: AppInfoManager-Perf > maybeDestroyAppInfoManager is called. actives = 0
03-17 12:51:55.236  1043  1305 D UcmService: onReceive android.intent.action.PACKAGE_REPLACED
03-17 12:51:55.236  1043  1305 D UcmService: Package update in userId-0 and uid-10344
03-17 12:51:55.239  1671  1671 D RegisteredServicesCache: invalidateCache
03-17 12:51:55.240  1378  1378 D CarrierConfigLoader: mHandler: 9 phoneId: 0
